<html>
<body>
<pre>
<h1>µVision Build Log</h1>
<h2>Tool Versions:</h2>
IDE-Version: µVision V5.18a
Copyright (C) 2016 ARM Ltd and ARM Germany GmbH. All rights reserved.
License Information: Tomas Krejci, TK, LIC=K85D0-B7RRD-DB7WW-3P2NB-K0DQJ-A2N6D
 
Tool Versions:
Toolchain:       MDK-ARM Cortex-M0/M0+ 256K for ST  Version: 5.18a
Toolchain Path:  D:\Keil_v5\ARM\ARMCC\Bin
C Compiler:      Armcc.exe V5.06 update 1 (build 61)
Assembler:       Armasm.exe V5.06 update 1 (build 61)
Linker/Locator:  ArmLink.exe V5.06 update 1 (build 61)
Library Manager: ArmAr.exe V5.06 update 1 (build 61)
Hex Converter:   FromElf.exe V5.06 update 1 (build 61)
CPU DLL:         SARMCM3.DLL V5.18a
Dialog DLL:      DCM.DLL V1.13.6.0
Target DLL:      STLink\ST-LINKIII-KEIL_SWO.dll V2.0.18.0
Dialog DLL:      TCM.DLL V1.14.8.0
 
<h2>Project:</h2>
D:\vyvoj\STM\en.stm32cubef0\STM32Cube_FW_F0_V1.5.0\Projects\STM32072B_EVAL\Examples\UART\UART_HyperTerminal_DMA\MDK-ARM\Project.uvprojx
Project File Date:  01/26/2016

<h2>Output:</h2>
*** Using Compiler 'V5.06 update 1 (build 61)', folder: 'D:\Keil_v5\ARM\ARMCC\Bin'
Rebuild target 'STM32072B_EVAL'
compiling stm32072b_eval.c...
compiling stm32f0xx_hal_msp.c...
compiling main.c...
compiling system_stm32f0xx.c...
compiling stm32f0xx_hal_dma.c...
compiling stm32f0xx_it.c...
compiling stm32f0xx_hal_gpio.c...
compiling stm32f0xx_hal.c...
compiling stm32f0xx_hal_uart_ex.c...
compiling stm32f0xx_hal_cortex.c...
compiling stm32f0xx_hal_rcc_ex.c...
assembling startup_stm32f072xb.s...
compiling stm32f0xx_hal_rcc.c...
compiling stm32f0xx_hal_uart.c...
linking...
Program Size: Code=5784 RO-data=276 RW-data=160 ZI-data=1376  
"STM32072B_EVAL\STM32072B_EVAL.axf" - 0 Error(s), 0 Warning(s).

<h2>Software Packages used:</h2>

Package Vendor: ARM
                http://www.keil.com/pack/ARM.CMSIS.4.5.0.pack
                ARM::CMSIS:CORE:4.3.0
                CMSIS (Cortex Microcontroller Software Interface Standard)
   * Component: CORE Version: 4.3.0

<h2>Collection of Component include folders:</h2>
  D:\vyvoj\STM\en.stm32cubef0\STM32Cube_FW_F0_V1.5.0\Projects\STM32072B_EVAL\Examples\UART\UART_HyperTerminal_DMA\MDK-ARM\RTE
  D:\Keil_v5\ARM\PACK\ARM\CMSIS\4.5.0\CMSIS\Include
  D:\Keil_v5\ARM\PACK\Keil\STM32F0xx_DFP\1.5.0\Device\Include

<h2>Collection of Component Files used:</h2>

   * Component: ARM::CMSIS:CORE:4.3.0
Build Time Elapsed:  00:00:05
</pre>
</body>
</html>
