Component: ARM Compiler 5.06 update 1 (build 61) Tool: armlink [4d35a8]

==============================================================================

Section Cross References

    stm32072b_eval.o(i.BSP_COM_Init) refers to stm32f0xx_hal_gpio.o(i.HAL_GPIO_Init) for HAL_GPIO_Init
    stm32072b_eval.o(i.BSP_COM_Init) refers to stm32f0xx_hal_uart.o(i.HAL_UART_Init) for HAL_UART_Init
    stm32072b_eval.o(i.BSP_COM_Init) refers to stm32072b_eval.o(.constdata) for .constdata
    stm32072b_eval.o(i.BSP_COM_Init) refers to stm32072b_eval.o(.data) for .data
    stm32072b_eval.o(i.BSP_JOY_GetState) refers to stm32f0xx_hal_gpio.o(i.HAL_GPIO_ReadPin) for HAL_GPIO_ReadPin
    stm32072b_eval.o(i.BSP_JOY_GetState) refers to stm32072b_eval.o(.constdata) for .constdata
    stm32072b_eval.o(i.BSP_JOY_GetState) refers to stm32072b_eval.o(.data) for .data
    stm32072b_eval.o(i.BSP_JOY_Init) refers to stm32f0xx_hal_gpio.o(i.HAL_GPIO_Init) for HAL_GPIO_Init
    stm32072b_eval.o(i.BSP_JOY_Init) refers to stm32f0xx_hal_cortex.o(i.HAL_NVIC_SetPriority) for HAL_NVIC_SetPriority
    stm32072b_eval.o(i.BSP_JOY_Init) refers to stm32f0xx_hal_cortex.o(i.HAL_NVIC_EnableIRQ) for HAL_NVIC_EnableIRQ
    stm32072b_eval.o(i.BSP_JOY_Init) refers to stm32072b_eval.o(.constdata) for .constdata
    stm32072b_eval.o(i.BSP_JOY_Init) refers to stm32072b_eval.o(.data) for .data
    stm32072b_eval.o(i.BSP_LED_Init) refers to stm32f0xx_hal_gpio.o(i.HAL_GPIO_Init) for HAL_GPIO_Init
    stm32072b_eval.o(i.BSP_LED_Init) refers to stm32f0xx_hal_gpio.o(i.HAL_GPIO_WritePin) for HAL_GPIO_WritePin
    stm32072b_eval.o(i.BSP_LED_Init) refers to stm32072b_eval.o(.constdata) for .constdata
    stm32072b_eval.o(i.BSP_LED_Init) refers to stm32072b_eval.o(.data) for .data
    stm32072b_eval.o(i.BSP_LED_Off) refers to stm32f0xx_hal_gpio.o(i.HAL_GPIO_WritePin) for HAL_GPIO_WritePin
    stm32072b_eval.o(i.BSP_LED_Off) refers to stm32072b_eval.o(.constdata) for .constdata
    stm32072b_eval.o(i.BSP_LED_Off) refers to stm32072b_eval.o(.data) for .data
    stm32072b_eval.o(i.BSP_LED_On) refers to stm32f0xx_hal_gpio.o(i.HAL_GPIO_WritePin) for HAL_GPIO_WritePin
    stm32072b_eval.o(i.BSP_LED_On) refers to stm32072b_eval.o(.constdata) for .constdata
    stm32072b_eval.o(i.BSP_LED_On) refers to stm32072b_eval.o(.data) for .data
    stm32072b_eval.o(i.BSP_LED_Toggle) refers to stm32f0xx_hal_gpio.o(i.HAL_GPIO_TogglePin) for HAL_GPIO_TogglePin
    stm32072b_eval.o(i.BSP_LED_Toggle) refers to stm32072b_eval.o(.constdata) for .constdata
    stm32072b_eval.o(i.BSP_LED_Toggle) refers to stm32072b_eval.o(.data) for .data
    stm32072b_eval.o(i.BSP_PB_GetState) refers to stm32f0xx_hal_gpio.o(i.HAL_GPIO_ReadPin) for HAL_GPIO_ReadPin
    stm32072b_eval.o(i.BSP_PB_GetState) refers to stm32072b_eval.o(.constdata) for .constdata
    stm32072b_eval.o(i.BSP_PB_GetState) refers to stm32072b_eval.o(.data) for .data
    stm32072b_eval.o(i.BSP_PB_Init) refers to stm32f0xx_hal_gpio.o(i.HAL_GPIO_Init) for HAL_GPIO_Init
    stm32072b_eval.o(i.BSP_PB_Init) refers to stm32f0xx_hal_cortex.o(i.HAL_NVIC_SetPriority) for HAL_NVIC_SetPriority
    stm32072b_eval.o(i.BSP_PB_Init) refers to stm32f0xx_hal_cortex.o(i.HAL_NVIC_EnableIRQ) for HAL_NVIC_EnableIRQ
    stm32072b_eval.o(i.BSP_PB_Init) refers to stm32072b_eval.o(.constdata) for .constdata
    stm32072b_eval.o(i.BSP_PB_Init) refers to stm32072b_eval.o(.data) for .data
    stm32f0xx_hal_msp.o(i.HAL_UART_MspDeInit) refers to stm32f0xx_hal_gpio.o(i.HAL_GPIO_DeInit) for HAL_GPIO_DeInit
    stm32f0xx_hal_msp.o(i.HAL_UART_MspDeInit) refers to stm32f0xx_hal_dma.o(i.HAL_DMA_DeInit) for HAL_DMA_DeInit
    stm32f0xx_hal_msp.o(i.HAL_UART_MspDeInit) refers to stm32f0xx_hal_cortex.o(i.HAL_NVIC_DisableIRQ) for HAL_NVIC_DisableIRQ
    stm32f0xx_hal_msp.o(i.HAL_UART_MspDeInit) refers to stm32f0xx_hal_msp.o(.bss) for .bss
    stm32f0xx_hal_msp.o(i.HAL_UART_MspInit) refers to stm32f0xx_hal_gpio.o(i.HAL_GPIO_Init) for HAL_GPIO_Init
    stm32f0xx_hal_msp.o(i.HAL_UART_MspInit) refers to stm32f0xx_hal_dma.o(i.HAL_DMA_Init) for HAL_DMA_Init
    stm32f0xx_hal_msp.o(i.HAL_UART_MspInit) refers to stm32f0xx_hal_cortex.o(i.HAL_NVIC_SetPriority) for HAL_NVIC_SetPriority
    stm32f0xx_hal_msp.o(i.HAL_UART_MspInit) refers to stm32f0xx_hal_cortex.o(i.HAL_NVIC_EnableIRQ) for HAL_NVIC_EnableIRQ
    stm32f0xx_hal_msp.o(i.HAL_UART_MspInit) refers to stm32f0xx_hal_msp.o(.bss) for .bss
    main.o(i.Error_Handler) refers to stm32072b_eval.o(i.BSP_LED_On) for BSP_LED_On
    main.o(i.HAL_UART_ErrorCallback) refers to stm32072b_eval.o(i.BSP_LED_On) for BSP_LED_On
    main.o(i.HAL_UART_RxCpltCallback) refers to stm32072b_eval.o(i.BSP_LED_On) for BSP_LED_On
    main.o(i.HAL_UART_TxCpltCallback) refers to stm32072b_eval.o(i.BSP_LED_On) for BSP_LED_On
    main.o(i.main) refers to stm32f0xx_hal.o(i.HAL_Init) for HAL_Init
    main.o(i.main) refers to stm32072b_eval.o(i.BSP_LED_Init) for BSP_LED_Init
    main.o(i.main) refers to stm32f0xx_hal_rcc.o(i.HAL_RCC_OscConfig) for HAL_RCC_OscConfig
    main.o(i.main) refers to stm32f0xx_hal_rcc.o(i.HAL_RCC_ClockConfig) for HAL_RCC_ClockConfig
    main.o(i.main) refers to stm32f0xx_hal_uart.o(i.HAL_UART_Init) for HAL_UART_Init
    main.o(i.main) refers to stm32f0xx_hal_uart.o(i.HAL_UART_Transmit_DMA) for HAL_UART_Transmit_DMA
    main.o(i.main) refers to stm32f0xx_hal_uart.o(i.HAL_UART_Receive_DMA) for HAL_UART_Receive_DMA
    main.o(i.main) refers to stm32f0xx_hal_uart.o(i.HAL_UART_GetState) for HAL_UART_GetState
    main.o(i.main) refers to main.o(i.Error_Handler) for Error_Handler
    main.o(i.main) refers to main.o(.bss) for .bss
    main.o(i.main) refers to main.o(.data) for .data
    stm32f0xx_it.o(i.DMA1_Channel4_5_6_7_IRQHandler) refers to stm32f0xx_hal_dma.o(i.HAL_DMA_IRQHandler) for HAL_DMA_IRQHandler
    stm32f0xx_it.o(i.DMA1_Channel4_5_6_7_IRQHandler) refers to main.o(.bss) for UartHandle
    stm32f0xx_it.o(i.SysTick_Handler) refers to stm32f0xx_hal.o(i.HAL_IncTick) for HAL_IncTick
    stm32f0xx_it.o(i.USART2_IRQHandler) refers to stm32f0xx_hal_uart_ex.o(i.HAL_UART_IRQHandler) for HAL_UART_IRQHandler
    stm32f0xx_it.o(i.USART2_IRQHandler) refers to main.o(.bss) for UartHandle
    system_stm32f0xx.o(i.SystemCoreClockUpdate) refers to uidiv.o(.text) for __aeabi_uidivmod
    system_stm32f0xx.o(i.SystemCoreClockUpdate) refers to system_stm32f0xx.o(.data) for .data
    system_stm32f0xx.o(i.SystemCoreClockUpdate) refers to system_stm32f0xx.o(.constdata) for .constdata
    stm32f0xx_hal_dma.o(i.HAL_DMA_Abort) refers to stm32f0xx_hal.o(i.HAL_GetTick) for HAL_GetTick
    stm32f0xx_hal_dma.o(i.HAL_DMA_PollForTransfer) refers to stm32f0xx_hal.o(i.HAL_GetTick) for HAL_GetTick
    stm32f0xx_hal_dma.o(i.HAL_DMA_Start) refers to stm32f0xx_hal_dma.o(i.DMA_SetConfig) for DMA_SetConfig
    stm32f0xx_hal_dma.o(i.HAL_DMA_Start_IT) refers to stm32f0xx_hal_dma.o(i.DMA_SetConfig) for DMA_SetConfig
    stm32f0xx_hal_gpio.o(i.HAL_GPIO_EXTI_IRQHandler) refers to stm32f0xx_hal_gpio.o(i.HAL_GPIO_EXTI_Callback) for HAL_GPIO_EXTI_Callback
    stm32f0xx_hal.o(i.HAL_DeInit) refers to stm32f0xx_hal.o(i.HAL_MspDeInit) for HAL_MspDeInit
    stm32f0xx_hal.o(i.HAL_Delay) refers to stm32f0xx_hal.o(i.HAL_GetTick) for HAL_GetTick
    stm32f0xx_hal.o(i.HAL_GetTick) refers to stm32f0xx_hal.o(.data) for .data
    stm32f0xx_hal.o(i.HAL_IncTick) refers to stm32f0xx_hal.o(.data) for .data
    stm32f0xx_hal.o(i.HAL_Init) refers to stm32f0xx_hal.o(i.HAL_InitTick) for HAL_InitTick
    stm32f0xx_hal.o(i.HAL_Init) refers to stm32f0xx_hal.o(i.HAL_MspInit) for HAL_MspInit
    stm32f0xx_hal.o(i.HAL_InitTick) refers to stm32f0xx_hal_rcc.o(i.HAL_RCC_GetHCLKFreq) for HAL_RCC_GetHCLKFreq
    stm32f0xx_hal.o(i.HAL_InitTick) refers to uidiv.o(.text) for __aeabi_uidivmod
    stm32f0xx_hal.o(i.HAL_InitTick) refers to stm32f0xx_hal_cortex.o(i.HAL_SYSTICK_Config) for HAL_SYSTICK_Config
    stm32f0xx_hal.o(i.HAL_InitTick) refers to stm32f0xx_hal_cortex.o(i.HAL_NVIC_SetPriority) for HAL_NVIC_SetPriority
    stm32f0xx_hal_uart_ex.o(i.HAL_LIN_Init) refers to stm32f0xx_hal_msp.o(i.HAL_UART_MspInit) for HAL_UART_MspInit
    stm32f0xx_hal_uart_ex.o(i.HAL_LIN_Init) refers to stm32f0xx_hal_uart.o(i.UART_SetConfig) for UART_SetConfig
    stm32f0xx_hal_uart_ex.o(i.HAL_LIN_Init) refers to stm32f0xx_hal_uart.o(i.UART_AdvFeatureConfig) for UART_AdvFeatureConfig
    stm32f0xx_hal_uart_ex.o(i.HAL_LIN_Init) refers to stm32f0xx_hal_uart.o(i.UART_CheckIdleState) for UART_CheckIdleState
    stm32f0xx_hal_uart_ex.o(i.HAL_MultiProcessorEx_AddressLength_Set) refers to stm32f0xx_hal_uart.o(i.UART_CheckIdleState) for UART_CheckIdleState
    stm32f0xx_hal_uart_ex.o(i.HAL_RS485Ex_Init) refers to stm32f0xx_hal_msp.o(i.HAL_UART_MspInit) for HAL_UART_MspInit
    stm32f0xx_hal_uart_ex.o(i.HAL_RS485Ex_Init) refers to stm32f0xx_hal_uart.o(i.UART_SetConfig) for UART_SetConfig
    stm32f0xx_hal_uart_ex.o(i.HAL_RS485Ex_Init) refers to stm32f0xx_hal_uart.o(i.UART_AdvFeatureConfig) for UART_AdvFeatureConfig
    stm32f0xx_hal_uart_ex.o(i.HAL_RS485Ex_Init) refers to stm32f0xx_hal_uart.o(i.UART_CheckIdleState) for UART_CheckIdleState
    stm32f0xx_hal_uart_ex.o(i.HAL_UARTEx_StopModeWakeUpSourceConfig) refers to stm32f0xx_hal_uart.o(i.UART_WaitOnFlagUntilTimeout) for UART_WaitOnFlagUntilTimeout
    stm32f0xx_hal_uart_ex.o(i.HAL_UART_IRQHandler) refers to main.o(i.HAL_UART_ErrorCallback) for HAL_UART_ErrorCallback
    stm32f0xx_hal_uart_ex.o(i.HAL_UART_IRQHandler) refers to stm32f0xx_hal_uart_ex.o(i.HAL_UARTEx_WakeupCallback) for HAL_UARTEx_WakeupCallback
    stm32f0xx_hal_uart_ex.o(i.HAL_UART_IRQHandler) refers to stm32f0xx_hal_uart.o(i.UART_Receive_IT) for UART_Receive_IT
    stm32f0xx_hal_uart_ex.o(i.HAL_UART_IRQHandler) refers to stm32f0xx_hal_uart.o(i.UART_Transmit_IT) for UART_Transmit_IT
    stm32f0xx_hal_uart_ex.o(i.HAL_UART_IRQHandler) refers to stm32f0xx_hal_uart.o(i.UART_EndTransmit_IT) for UART_EndTransmit_IT
    stm32f0xx_hal_cortex.o(i.HAL_NVIC_SetPriority) refers to stm32f0xx_hal_cortex.o(i.NVIC_SetPriority) for NVIC_SetPriority
    stm32f0xx_hal_cortex.o(i.HAL_SYSTICK_Config) refers to stm32f0xx_hal_cortex.o(i.NVIC_SetPriority) for NVIC_SetPriority
    stm32f0xx_hal_cortex.o(i.HAL_SYSTICK_IRQHandler) refers to stm32f0xx_hal_cortex.o(i.HAL_SYSTICK_Callback) for HAL_SYSTICK_Callback
    stm32f0xx_hal_rcc.o(i.HAL_RCC_ClockConfig) refers to stm32f0xx_hal.o(i.HAL_GetTick) for HAL_GetTick
    stm32f0xx_hal_rcc.o(i.HAL_RCC_ClockConfig) refers to stm32f0xx_hal.o(i.HAL_InitTick) for HAL_InitTick
    stm32f0xx_hal_rcc.o(i.HAL_RCC_GetHCLKFreq) refers to stm32f0xx_hal_rcc.o(i.HAL_RCC_GetSysClockFreq) for HAL_RCC_GetSysClockFreq
    stm32f0xx_hal_rcc.o(i.HAL_RCC_GetHCLKFreq) refers to stm32f0xx_hal_rcc.o(.constdata) for .constdata
    stm32f0xx_hal_rcc.o(i.HAL_RCC_GetHCLKFreq) refers to system_stm32f0xx.o(.data) for SystemCoreClock
    stm32f0xx_hal_rcc.o(i.HAL_RCC_GetPCLK1Freq) refers to stm32f0xx_hal_rcc.o(i.HAL_RCC_GetHCLKFreq) for HAL_RCC_GetHCLKFreq
    stm32f0xx_hal_rcc.o(i.HAL_RCC_GetPCLK1Freq) refers to stm32f0xx_hal_rcc.o(.constdata) for .constdata
    stm32f0xx_hal_rcc.o(i.HAL_RCC_GetSysClockFreq) refers to uidiv.o(.text) for __aeabi_uidivmod
    stm32f0xx_hal_rcc.o(i.HAL_RCC_MCOConfig) refers to memseta.o(.text) for __aeabi_memclr4
    stm32f0xx_hal_rcc.o(i.HAL_RCC_MCOConfig) refers to stm32f0xx_hal_gpio.o(i.HAL_GPIO_Init) for HAL_GPIO_Init
    stm32f0xx_hal_rcc.o(i.HAL_RCC_NMI_IRQHandler) refers to stm32f0xx_hal_rcc.o(i.HAL_RCC_CSSCallback) for HAL_RCC_CSSCallback
    stm32f0xx_hal_rcc.o(i.HAL_RCC_OscConfig) refers to stm32f0xx_hal.o(i.HAL_GetTick) for HAL_GetTick
    stm32f0xx_hal_rcc_ex.o(i.HAL_RCCEx_CRSWaitSynchronization) refers to stm32f0xx_hal.o(i.HAL_GetTick) for HAL_GetTick
    stm32f0xx_hal_rcc_ex.o(i.HAL_RCCEx_GetPeriphCLKFreq) refers to stm32f0xx_hal_rcc.o(i.HAL_RCC_GetPCLK1Freq) for HAL_RCC_GetPCLK1Freq
    stm32f0xx_hal_rcc_ex.o(i.HAL_RCCEx_GetPeriphCLKFreq) refers to stm32f0xx_hal_rcc.o(i.HAL_RCC_GetSysClockFreq) for HAL_RCC_GetSysClockFreq
    stm32f0xx_hal_rcc_ex.o(i.HAL_RCCEx_GetPeriphCLKFreq) refers to uidiv.o(.text) for __aeabi_uidivmod
    stm32f0xx_hal_rcc_ex.o(i.HAL_RCCEx_PeriphCLKConfig) refers to stm32f0xx_hal.o(i.HAL_GetTick) for HAL_GetTick
    stm32f0xx_hal_uart.o(i.HAL_HalfDuplex_Init) refers to stm32f0xx_hal_msp.o(i.HAL_UART_MspInit) for HAL_UART_MspInit
    stm32f0xx_hal_uart.o(i.HAL_HalfDuplex_Init) refers to stm32f0xx_hal_uart.o(i.UART_SetConfig) for UART_SetConfig
    stm32f0xx_hal_uart.o(i.HAL_HalfDuplex_Init) refers to stm32f0xx_hal_uart.o(i.UART_AdvFeatureConfig) for UART_AdvFeatureConfig
    stm32f0xx_hal_uart.o(i.HAL_HalfDuplex_Init) refers to stm32f0xx_hal_uart.o(i.UART_CheckIdleState) for UART_CheckIdleState
    stm32f0xx_hal_uart.o(i.HAL_MultiProcessor_DisableMuteMode) refers to stm32f0xx_hal_uart.o(i.UART_CheckIdleState) for UART_CheckIdleState
    stm32f0xx_hal_uart.o(i.HAL_MultiProcessor_EnableMuteMode) refers to stm32f0xx_hal_uart.o(i.UART_CheckIdleState) for UART_CheckIdleState
    stm32f0xx_hal_uart.o(i.HAL_MultiProcessor_Init) refers to stm32f0xx_hal_msp.o(i.HAL_UART_MspInit) for HAL_UART_MspInit
    stm32f0xx_hal_uart.o(i.HAL_MultiProcessor_Init) refers to stm32f0xx_hal_uart.o(i.UART_SetConfig) for UART_SetConfig
    stm32f0xx_hal_uart.o(i.HAL_MultiProcessor_Init) refers to stm32f0xx_hal_uart.o(i.UART_AdvFeatureConfig) for UART_AdvFeatureConfig
    stm32f0xx_hal_uart.o(i.HAL_MultiProcessor_Init) refers to stm32f0xx_hal_uart.o(i.UART_CheckIdleState) for UART_CheckIdleState
    stm32f0xx_hal_uart.o(i.HAL_UART_DMAStop) refers to stm32f0xx_hal_dma.o(i.HAL_DMA_Abort) for HAL_DMA_Abort
    stm32f0xx_hal_uart.o(i.HAL_UART_DeInit) refers to stm32f0xx_hal_msp.o(i.HAL_UART_MspDeInit) for HAL_UART_MspDeInit
    stm32f0xx_hal_uart.o(i.HAL_UART_Init) refers to stm32f0xx_hal_msp.o(i.HAL_UART_MspInit) for HAL_UART_MspInit
    stm32f0xx_hal_uart.o(i.HAL_UART_Init) refers to stm32f0xx_hal_uart.o(i.UART_SetConfig) for UART_SetConfig
    stm32f0xx_hal_uart.o(i.HAL_UART_Init) refers to stm32f0xx_hal_uart.o(i.UART_AdvFeatureConfig) for UART_AdvFeatureConfig
    stm32f0xx_hal_uart.o(i.HAL_UART_Init) refers to stm32f0xx_hal_uart.o(i.UART_CheckIdleState) for UART_CheckIdleState
    stm32f0xx_hal_uart.o(i.HAL_UART_Receive) refers to stm32f0xx_hal_uart.o(i.UART_WaitOnFlagUntilTimeout) for UART_WaitOnFlagUntilTimeout
    stm32f0xx_hal_uart.o(i.HAL_UART_Receive_DMA) refers to stm32f0xx_hal_dma.o(i.HAL_DMA_Start_IT) for HAL_DMA_Start_IT
    stm32f0xx_hal_uart.o(i.HAL_UART_Receive_DMA) refers to stm32f0xx_hal_uart.o(i.UART_DMAReceiveCplt) for UART_DMAReceiveCplt
    stm32f0xx_hal_uart.o(i.HAL_UART_Receive_DMA) refers to stm32f0xx_hal_uart.o(i.UART_DMARxHalfCplt) for UART_DMARxHalfCplt
    stm32f0xx_hal_uart.o(i.HAL_UART_Receive_DMA) refers to stm32f0xx_hal_uart.o(i.UART_DMAError) for UART_DMAError
    stm32f0xx_hal_uart.o(i.HAL_UART_Transmit) refers to stm32f0xx_hal_uart.o(i.UART_WaitOnFlagUntilTimeout) for UART_WaitOnFlagUntilTimeout
    stm32f0xx_hal_uart.o(i.HAL_UART_Transmit_DMA) refers to stm32f0xx_hal_dma.o(i.HAL_DMA_Start_IT) for HAL_DMA_Start_IT
    stm32f0xx_hal_uart.o(i.HAL_UART_Transmit_DMA) refers to stm32f0xx_hal_uart.o(i.UART_DMATransmitCplt) for UART_DMATransmitCplt
    stm32f0xx_hal_uart.o(i.HAL_UART_Transmit_DMA) refers to stm32f0xx_hal_uart.o(i.UART_DMATxHalfCplt) for UART_DMATxHalfCplt
    stm32f0xx_hal_uart.o(i.HAL_UART_Transmit_DMA) refers to stm32f0xx_hal_uart.o(i.UART_DMAError) for UART_DMAError
    stm32f0xx_hal_uart.o(i.UART_CheckIdleState) refers to stm32f0xx_hal_uart.o(i.UART_WaitOnFlagUntilTimeout) for UART_WaitOnFlagUntilTimeout
    stm32f0xx_hal_uart.o(i.UART_DMAError) refers to main.o(i.HAL_UART_ErrorCallback) for HAL_UART_ErrorCallback
    stm32f0xx_hal_uart.o(i.UART_DMAReceiveCplt) refers to main.o(i.HAL_UART_RxCpltCallback) for HAL_UART_RxCpltCallback
    stm32f0xx_hal_uart.o(i.UART_DMARxHalfCplt) refers to stm32f0xx_hal_uart.o(i.HAL_UART_RxHalfCpltCallback) for HAL_UART_RxHalfCpltCallback
    stm32f0xx_hal_uart.o(i.UART_DMATransmitCplt) refers to main.o(i.HAL_UART_TxCpltCallback) for HAL_UART_TxCpltCallback
    stm32f0xx_hal_uart.o(i.UART_DMATxHalfCplt) refers to stm32f0xx_hal_uart.o(i.HAL_UART_TxHalfCpltCallback) for HAL_UART_TxHalfCpltCallback
    stm32f0xx_hal_uart.o(i.UART_EndTransmit_IT) refers to main.o(i.HAL_UART_TxCpltCallback) for HAL_UART_TxCpltCallback
    stm32f0xx_hal_uart.o(i.UART_Receive_IT) refers to main.o(i.HAL_UART_RxCpltCallback) for HAL_UART_RxCpltCallback
    stm32f0xx_hal_uart.o(i.UART_SetConfig) refers to stm32f0xx_hal_rcc.o(i.HAL_RCC_GetPCLK1Freq) for HAL_RCC_GetPCLK1Freq
    stm32f0xx_hal_uart.o(i.UART_SetConfig) refers to uidiv.o(.text) for __aeabi_uidivmod
    stm32f0xx_hal_uart.o(i.UART_SetConfig) refers to stm32f0xx_hal_rcc.o(i.HAL_RCC_GetSysClockFreq) for HAL_RCC_GetSysClockFreq
    stm32f0xx_hal_uart.o(i.UART_WaitOnFlagUntilTimeout) refers to stm32f0xx_hal.o(i.HAL_GetTick) for HAL_GetTick
    startup_stm32f072xb.o(RESET) refers to startup_stm32f072xb.o(STACK) for __initial_sp
    startup_stm32f072xb.o(RESET) refers to startup_stm32f072xb.o(.text) for Reset_Handler
    startup_stm32f072xb.o(RESET) refers to stm32f0xx_it.o(i.NMI_Handler) for NMI_Handler
    startup_stm32f072xb.o(RESET) refers to stm32f0xx_it.o(i.HardFault_Handler) for HardFault_Handler
    startup_stm32f072xb.o(RESET) refers to stm32f0xx_it.o(i.SVC_Handler) for SVC_Handler
    startup_stm32f072xb.o(RESET) refers to stm32f0xx_it.o(i.PendSV_Handler) for PendSV_Handler
    startup_stm32f072xb.o(RESET) refers to stm32f0xx_it.o(i.SysTick_Handler) for SysTick_Handler
    startup_stm32f072xb.o(RESET) refers to stm32f0xx_it.o(i.DMA1_Channel4_5_6_7_IRQHandler) for DMA1_Channel4_5_6_7_IRQHandler
    startup_stm32f072xb.o(RESET) refers to stm32f0xx_it.o(i.USART2_IRQHandler) for USART2_IRQHandler
    startup_stm32f072xb.o(.text) refers to system_stm32f0xx.o(i.SystemInit) for SystemInit
    startup_stm32f072xb.o(.text) refers to entry.o(.ARM.Collect$$$$00000000) for __main
    entry.o(.ARM.Collect$$$$00000000) refers (Special) to entry10a.o(.ARM.Collect$$$$0000000D) for __rt_final_cpp
    entry.o(.ARM.Collect$$$$00000000) refers (Special) to entry11a.o(.ARM.Collect$$$$0000000F) for __rt_final_exit
    entry.o(.ARM.Collect$$$$00000000) refers (Special) to entry7b.o(.ARM.Collect$$$$00000008) for _main_clock
    entry.o(.ARM.Collect$$$$00000000) refers (Special) to entry8b.o(.ARM.Collect$$$$0000000A) for _main_cpp_init
    entry.o(.ARM.Collect$$$$00000000) refers (Special) to entry9a.o(.ARM.Collect$$$$0000000B) for _main_init
    entry.o(.ARM.Collect$$$$00000000) refers (Special) to entry5.o(.ARM.Collect$$$$00000004) for _main_scatterload
    entry.o(.ARM.Collect$$$$00000000) refers (Special) to entry2.o(.ARM.Collect$$$$00000001) for _main_stk
    entry2.o(.ARM.Collect$$$$00000001) refers to entry2.o(.ARM.Collect$$$$00002712) for __lit__00000000
    entry2.o(.ARM.Collect$$$$00002712) refers to startup_stm32f072xb.o(STACK) for __initial_sp
    entry2.o(__vectab_stack_and_reset_area) refers to startup_stm32f072xb.o(STACK) for __initial_sp
    entry2.o(__vectab_stack_and_reset_area) refers to entry.o(.ARM.Collect$$$$00000000) for __main
    entry5.o(.ARM.Collect$$$$00000004) refers to init.o(.text) for __scatterload
    entry9a.o(.ARM.Collect$$$$0000000B) refers to main.o(i.main) for main
    entry9b.o(.ARM.Collect$$$$0000000C) refers to main.o(i.main) for main
    init.o(.text) refers to entry5.o(.ARM.Collect$$$$00000004) for __main_after_scatterload


==============================================================================

Removing Unused input sections from the image.

    Removing stm32072b_eval.o(.rev16_text), (4 bytes).
    Removing stm32072b_eval.o(.revsh_text), (4 bytes).
    Removing stm32072b_eval.o(i.BSP_COM_Init), (156 bytes).
    Removing stm32072b_eval.o(i.BSP_GetVersion), (8 bytes).
    Removing stm32072b_eval.o(i.BSP_JOY_GetState), (48 bytes).
    Removing stm32072b_eval.o(i.BSP_JOY_Init), (180 bytes).
    Removing stm32072b_eval.o(i.BSP_LED_Off), (32 bytes).
    Removing stm32072b_eval.o(i.BSP_LED_Toggle), (28 bytes).
    Removing stm32072b_eval.o(i.BSP_PB_GetState), (28 bytes).
    Removing stm32072b_eval.o(i.BSP_PB_Init), (120 bytes).
    Removing stm32f0xx_hal_msp.o(.rev16_text), (4 bytes).
    Removing stm32f0xx_hal_msp.o(.revsh_text), (4 bytes).
    Removing stm32f0xx_hal_msp.o(i.HAL_UART_MspDeInit), (72 bytes).
    Removing main.o(.rev16_text), (4 bytes).
    Removing main.o(.revsh_text), (4 bytes).
    Removing stm32f0xx_it.o(.rev16_text), (4 bytes).
    Removing stm32f0xx_it.o(.revsh_text), (4 bytes).
    Removing system_stm32f0xx.o(.rev16_text), (4 bytes).
    Removing system_stm32f0xx.o(.revsh_text), (4 bytes).
    Removing system_stm32f0xx.o(i.SystemCoreClockUpdate), (112 bytes).
    Removing system_stm32f0xx.o(.constdata), (16 bytes).
    Removing stm32f0xx_hal_dma.o(.rev16_text), (4 bytes).
    Removing stm32f0xx_hal_dma.o(.revsh_text), (4 bytes).
    Removing stm32f0xx_hal_dma.o(i.HAL_DMA_Abort), (76 bytes).
    Removing stm32f0xx_hal_dma.o(i.HAL_DMA_DeInit), (304 bytes).
    Removing stm32f0xx_hal_dma.o(i.HAL_DMA_GetError), (4 bytes).
    Removing stm32f0xx_hal_dma.o(i.HAL_DMA_GetState), (6 bytes).
    Removing stm32f0xx_hal_dma.o(i.HAL_DMA_PollForTransfer), (616 bytes).
    Removing stm32f0xx_hal_dma.o(i.HAL_DMA_Start), (50 bytes).
    Removing stm32f0xx_hal_gpio.o(.rev16_text), (4 bytes).
    Removing stm32f0xx_hal_gpio.o(.revsh_text), (4 bytes).
    Removing stm32f0xx_hal_gpio.o(i.HAL_GPIO_DeInit), (228 bytes).
    Removing stm32f0xx_hal_gpio.o(i.HAL_GPIO_EXTI_Callback), (2 bytes).
    Removing stm32f0xx_hal_gpio.o(i.HAL_GPIO_EXTI_IRQHandler), (24 bytes).
    Removing stm32f0xx_hal_gpio.o(i.HAL_GPIO_LockPin), (36 bytes).
    Removing stm32f0xx_hal_gpio.o(i.HAL_GPIO_ReadPin), (10 bytes).
    Removing stm32f0xx_hal_gpio.o(i.HAL_GPIO_TogglePin), (8 bytes).
    Removing stm32f0xx_hal.o(.rev16_text), (4 bytes).
    Removing stm32f0xx_hal.o(.revsh_text), (4 bytes).
    Removing stm32f0xx_hal.o(i.HAL_DBGMCU_DisableDBGStandbyMode), (16 bytes).
    Removing stm32f0xx_hal.o(i.HAL_DBGMCU_DisableDBGStopMode), (16 bytes).
    Removing stm32f0xx_hal.o(i.HAL_DBGMCU_EnableDBGStandbyMode), (16 bytes).
    Removing stm32f0xx_hal.o(i.HAL_DBGMCU_EnableDBGStopMode), (16 bytes).
    Removing stm32f0xx_hal.o(i.HAL_DeInit), (36 bytes).
    Removing stm32f0xx_hal.o(i.HAL_Delay), (22 bytes).
    Removing stm32f0xx_hal.o(i.HAL_GetDEVID), (16 bytes).
    Removing stm32f0xx_hal.o(i.HAL_GetHalVersion), (8 bytes).
    Removing stm32f0xx_hal.o(i.HAL_GetREVID), (12 bytes).
    Removing stm32f0xx_hal.o(i.HAL_MspDeInit), (2 bytes).
    Removing stm32f0xx_hal.o(i.HAL_ResumeTick), (16 bytes).
    Removing stm32f0xx_hal.o(i.HAL_SuspendTick), (16 bytes).
    Removing stm32f0xx_hal_uart_ex.o(.rev16_text), (4 bytes).
    Removing stm32f0xx_hal_uart_ex.o(.revsh_text), (4 bytes).
    Removing stm32f0xx_hal_uart_ex.o(i.HAL_LIN_Init), (146 bytes).
    Removing stm32f0xx_hal_uart_ex.o(i.HAL_LIN_SendBreak), (40 bytes).
    Removing stm32f0xx_hal_uart_ex.o(i.HAL_MultiProcessorEx_AddressLength_Set), (54 bytes).
    Removing stm32f0xx_hal_uart_ex.o(i.HAL_RS485Ex_Init), (144 bytes).
    Removing stm32f0xx_hal_uart_ex.o(i.HAL_UARTEx_DisableStopMode), (40 bytes).
    Removing stm32f0xx_hal_uart_ex.o(i.HAL_UARTEx_EnableStopMode), (40 bytes).
    Removing stm32f0xx_hal_uart_ex.o(i.HAL_UARTEx_StopModeWakeUpSourceConfig), (140 bytes).
    Removing stm32f0xx_hal_cortex.o(.rev16_text), (4 bytes).
    Removing stm32f0xx_hal_cortex.o(.revsh_text), (4 bytes).
    Removing stm32f0xx_hal_cortex.o(i.HAL_NVIC_ClearPendingIRQ), (20 bytes).
    Removing stm32f0xx_hal_cortex.o(i.HAL_NVIC_DisableIRQ), (20 bytes).
    Removing stm32f0xx_hal_cortex.o(i.HAL_NVIC_GetPendingIRQ), (28 bytes).
    Removing stm32f0xx_hal_cortex.o(i.HAL_NVIC_GetPriority), (52 bytes).
    Removing stm32f0xx_hal_cortex.o(i.HAL_NVIC_SetPendingIRQ), (20 bytes).
    Removing stm32f0xx_hal_cortex.o(i.HAL_NVIC_SystemReset), (28 bytes).
    Removing stm32f0xx_hal_cortex.o(i.HAL_SYSTICK_CLKSourceConfig), (24 bytes).
    Removing stm32f0xx_hal_cortex.o(i.HAL_SYSTICK_Callback), (2 bytes).
    Removing stm32f0xx_hal_cortex.o(i.HAL_SYSTICK_IRQHandler), (8 bytes).
    Removing stm32f0xx_hal_rcc.o(.rev16_text), (4 bytes).
    Removing stm32f0xx_hal_rcc.o(.revsh_text), (4 bytes).
    Removing stm32f0xx_hal_rcc.o(i.HAL_RCC_CSSCallback), (2 bytes).
    Removing stm32f0xx_hal_rcc.o(i.HAL_RCC_DeInit), (60 bytes).
    Removing stm32f0xx_hal_rcc.o(i.HAL_RCC_DisableCSS), (20 bytes).
    Removing stm32f0xx_hal_rcc.o(i.HAL_RCC_EnableCSS), (20 bytes).
    Removing stm32f0xx_hal_rcc.o(i.HAL_RCC_GetClockConfig), (56 bytes).
    Removing stm32f0xx_hal_rcc.o(i.HAL_RCC_GetOscConfig), (168 bytes).
    Removing stm32f0xx_hal_rcc.o(i.HAL_RCC_MCOConfig), (84 bytes).
    Removing stm32f0xx_hal_rcc.o(i.HAL_RCC_NMI_IRQHandler), (24 bytes).
    Removing stm32f0xx_hal_rcc_ex.o(.rev16_text), (4 bytes).
    Removing stm32f0xx_hal_rcc_ex.o(.revsh_text), (4 bytes).
    Removing stm32f0xx_hal_rcc_ex.o(i.HAL_RCCEx_CRSConfig), (124 bytes).
    Removing stm32f0xx_hal_rcc_ex.o(i.HAL_RCCEx_CRSGetSynchronizationInfo), (40 bytes).
    Removing stm32f0xx_hal_rcc_ex.o(i.HAL_RCCEx_CRSSoftwareSynchronizationGenerate), (16 bytes).
    Removing stm32f0xx_hal_rcc_ex.o(i.HAL_RCCEx_CRSWaitSynchronization), (120 bytes).
    Removing stm32f0xx_hal_rcc_ex.o(i.HAL_RCCEx_GetPeriphCLKConfig), (92 bytes).
    Removing stm32f0xx_hal_rcc_ex.o(i.HAL_RCCEx_GetPeriphCLKFreq), (308 bytes).
    Removing stm32f0xx_hal_rcc_ex.o(i.HAL_RCCEx_PeriphCLKConfig), (252 bytes).
    Removing stm32f0xx_hal_uart.o(.rev16_text), (4 bytes).
    Removing stm32f0xx_hal_uart.o(.revsh_text), (4 bytes).
    Removing stm32f0xx_hal_uart.o(i.HAL_HalfDuplex_EnableReceiver), (52 bytes).
    Removing stm32f0xx_hal_uart.o(i.HAL_HalfDuplex_EnableTransmitter), (52 bytes).
    Removing stm32f0xx_hal_uart.o(i.HAL_HalfDuplex_Init), (118 bytes).
    Removing stm32f0xx_hal_uart.o(i.HAL_MultiProcessor_DisableMuteMode), (42 bytes).
    Removing stm32f0xx_hal_uart.o(i.HAL_MultiProcessor_EnableMuteMode), (42 bytes).
    Removing stm32f0xx_hal_uart.o(i.HAL_MultiProcessor_EnterMuteMode), (12 bytes).
    Removing stm32f0xx_hal_uart.o(i.HAL_MultiProcessor_Init), (144 bytes).
    Removing stm32f0xx_hal_uart.o(i.HAL_UART_DMAPause), (78 bytes).
    Removing stm32f0xx_hal_uart.o(i.HAL_UART_DMAResume), (88 bytes).
    Removing stm32f0xx_hal_uart.o(i.HAL_UART_DMAStop), (54 bytes).
    Removing stm32f0xx_hal_uart.o(i.HAL_UART_DeInit), (60 bytes).
    Removing stm32f0xx_hal_uart.o(i.HAL_UART_ErrorCallback), (2 bytes).
    Removing stm32f0xx_hal_uart.o(i.HAL_UART_GetError), (4 bytes).
    Removing stm32f0xx_hal_uart.o(i.HAL_UART_MspDeInit), (2 bytes).
    Removing stm32f0xx_hal_uart.o(i.HAL_UART_MspInit), (2 bytes).
    Removing stm32f0xx_hal_uart.o(i.HAL_UART_Receive), (244 bytes).
    Removing stm32f0xx_hal_uart.o(i.HAL_UART_Receive_IT), (172 bytes).
    Removing stm32f0xx_hal_uart.o(i.HAL_UART_RxCpltCallback), (2 bytes).
    Removing stm32f0xx_hal_uart.o(i.HAL_UART_Transmit), (186 bytes).
    Removing stm32f0xx_hal_uart.o(i.HAL_UART_Transmit_IT), (88 bytes).
    Removing stm32f0xx_hal_uart.o(i.HAL_UART_TxCpltCallback), (2 bytes).
    Removing startup_stm32f072xb.o(HEAP), (512 bytes).

114 unused section(s) (total 6610 bytes) removed from the image.

==============================================================================

Image Symbol Table

    Local Symbols

    Symbol Name                              Value     Ov Type        Size  Object(Section)

    ../clib/microlib/division.c              0x00000000   Number         0  uidiv.o ABSOLUTE
    ../clib/microlib/init/entry.s            0x00000000   Number         0  entry7a.o ABSOLUTE
    ../clib/microlib/init/entry.s            0x00000000   Number         0  entry9a.o ABSOLUTE
    ../clib/microlib/init/entry.s            0x00000000   Number         0  entry8b.o ABSOLUTE
    ../clib/microlib/init/entry.s            0x00000000   Number         0  entry11b.o ABSOLUTE
    ../clib/microlib/init/entry.s            0x00000000   Number         0  entry7b.o ABSOLUTE
    ../clib/microlib/init/entry.s            0x00000000   Number         0  entry5.o ABSOLUTE
    ../clib/microlib/init/entry.s            0x00000000   Number         0  entry2.o ABSOLUTE
    ../clib/microlib/init/entry.s            0x00000000   Number         0  entry8a.o ABSOLUTE
    ../clib/microlib/init/entry.s            0x00000000   Number         0  entry.o ABSOLUTE
    ../clib/microlib/init/entry.s            0x00000000   Number         0  entry11a.o ABSOLUTE
    ../clib/microlib/init/entry.s            0x00000000   Number         0  entry10b.o ABSOLUTE
    ../clib/microlib/init/entry.s            0x00000000   Number         0  entry10a.o ABSOLUTE
    ../clib/microlib/init/entry.s            0x00000000   Number         0  entry9b.o ABSOLUTE
    ../clib/microlib/string/memset.c         0x00000000   Number         0  memseta.o ABSOLUTE
    ..\..\..\..\..\..\Drivers\BSP\STM32072B_EVAL\stm32072b_eval.c 0x00000000   Number         0  stm32072b_eval.o ABSOLUTE
    ..\..\..\..\..\..\Drivers\STM32F0xx_HAL_Driver\Src\stm32f0xx_hal.c 0x00000000   Number         0  stm32f0xx_hal.o ABSOLUTE
    ..\..\..\..\..\..\Drivers\STM32F0xx_HAL_Driver\Src\stm32f0xx_hal_cortex.c 0x00000000   Number         0  stm32f0xx_hal_cortex.o ABSOLUTE
    ..\..\..\..\..\..\Drivers\STM32F0xx_HAL_Driver\Src\stm32f0xx_hal_dma.c 0x00000000   Number         0  stm32f0xx_hal_dma.o ABSOLUTE
    ..\..\..\..\..\..\Drivers\STM32F0xx_HAL_Driver\Src\stm32f0xx_hal_gpio.c 0x00000000   Number         0  stm32f0xx_hal_gpio.o ABSOLUTE
    ..\..\..\..\..\..\Drivers\STM32F0xx_HAL_Driver\Src\stm32f0xx_hal_rcc.c 0x00000000   Number         0  stm32f0xx_hal_rcc.o ABSOLUTE
    ..\..\..\..\..\..\Drivers\STM32F0xx_HAL_Driver\Src\stm32f0xx_hal_rcc_ex.c 0x00000000   Number         0  stm32f0xx_hal_rcc_ex.o ABSOLUTE
    ..\..\..\..\..\..\Drivers\STM32F0xx_HAL_Driver\Src\stm32f0xx_hal_uart.c 0x00000000   Number         0  stm32f0xx_hal_uart.o ABSOLUTE
    ..\..\..\..\..\..\Drivers\STM32F0xx_HAL_Driver\Src\stm32f0xx_hal_uart_ex.c 0x00000000   Number         0  stm32f0xx_hal_uart_ex.o ABSOLUTE
    ..\Src\main.c                            0x00000000   Number         0  main.o ABSOLUTE
    ..\Src\stm32f0xx_hal_msp.c               0x00000000   Number         0  stm32f0xx_hal_msp.o ABSOLUTE
    ..\Src\stm32f0xx_it.c                    0x00000000   Number         0  stm32f0xx_it.o ABSOLUTE
    ..\Src\system_stm32f0xx.c                0x00000000   Number         0  system_stm32f0xx.o ABSOLUTE
    ..\\..\\..\\..\\..\\..\\Drivers\\BSP\\STM32072B_EVAL\\stm32072b_eval.c 0x00000000   Number         0  stm32072b_eval.o ABSOLUTE
    ..\\..\\..\\..\\..\\..\\Drivers\\STM32F0xx_HAL_Driver\\Src\\stm32f0xx_hal.c 0x00000000   Number         0  stm32f0xx_hal.o ABSOLUTE
    ..\\..\\..\\..\\..\\..\\Drivers\\STM32F0xx_HAL_Driver\\Src\\stm32f0xx_hal_cortex.c 0x00000000   Number         0  stm32f0xx_hal_cortex.o ABSOLUTE
    ..\\..\\..\\..\\..\\..\\Drivers\\STM32F0xx_HAL_Driver\\Src\\stm32f0xx_hal_dma.c 0x00000000   Number         0  stm32f0xx_hal_dma.o ABSOLUTE
    ..\\..\\..\\..\\..\\..\\Drivers\\STM32F0xx_HAL_Driver\\Src\\stm32f0xx_hal_gpio.c 0x00000000   Number         0  stm32f0xx_hal_gpio.o ABSOLUTE
    ..\\..\\..\\..\\..\\..\\Drivers\\STM32F0xx_HAL_Driver\\Src\\stm32f0xx_hal_rcc.c 0x00000000   Number         0  stm32f0xx_hal_rcc.o ABSOLUTE
    ..\\..\\..\\..\\..\\..\\Drivers\\STM32F0xx_HAL_Driver\\Src\\stm32f0xx_hal_rcc_ex.c 0x00000000   Number         0  stm32f0xx_hal_rcc_ex.o ABSOLUTE
    ..\\..\\..\\..\\..\\..\\Drivers\\STM32F0xx_HAL_Driver\\Src\\stm32f0xx_hal_uart.c 0x00000000   Number         0  stm32f0xx_hal_uart.o ABSOLUTE
    ..\\..\\..\\..\\..\\..\\Drivers\\STM32F0xx_HAL_Driver\\Src\\stm32f0xx_hal_uart_ex.c 0x00000000   Number         0  stm32f0xx_hal_uart_ex.o ABSOLUTE
    ..\\Src\\main.c                          0x00000000   Number         0  main.o ABSOLUTE
    ..\\Src\\stm32f0xx_hal_msp.c             0x00000000   Number         0  stm32f0xx_hal_msp.o ABSOLUTE
    ..\\Src\\stm32f0xx_it.c                  0x00000000   Number         0  stm32f0xx_it.o ABSOLUTE
    ..\\Src\\system_stm32f0xx.c              0x00000000   Number         0  system_stm32f0xx.o ABSOLUTE
    dc.s                                     0x00000000   Number         0  dc.o ABSOLUTE
    handlers.s                               0x00000000   Number         0  handlers.o ABSOLUTE
    init.s                                   0x00000000   Number         0  init.o ABSOLUTE
    startup_stm32f072xb.s                    0x00000000   Number         0  startup_stm32f072xb.o ABSOLUTE
    RESET                                    0x08000000   Section      192  startup_stm32f072xb.o(RESET)
    .ARM.Collect$$$$00000000                 0x080000c0   Section        0  entry.o(.ARM.Collect$$$$00000000)
    .ARM.Collect$$$$00000001                 0x080000c0   Section        4  entry2.o(.ARM.Collect$$$$00000001)
    .ARM.Collect$$$$00000004                 0x080000c4   Section        4  entry5.o(.ARM.Collect$$$$00000004)
    .ARM.Collect$$$$00000008                 0x080000c8   Section        0  entry7b.o(.ARM.Collect$$$$00000008)
    .ARM.Collect$$$$0000000A                 0x080000c8   Section        0  entry8b.o(.ARM.Collect$$$$0000000A)
    .ARM.Collect$$$$0000000B                 0x080000c8   Section        8  entry9a.o(.ARM.Collect$$$$0000000B)
    .ARM.Collect$$$$0000000D                 0x080000d0   Section        0  entry10a.o(.ARM.Collect$$$$0000000D)
    .ARM.Collect$$$$0000000F                 0x080000d0   Section        0  entry11a.o(.ARM.Collect$$$$0000000F)
    .ARM.Collect$$$$00002712                 0x080000d0   Section        4  entry2.o(.ARM.Collect$$$$00002712)
    __lit__00000000                          0x080000d0   Data           4  entry2.o(.ARM.Collect$$$$00002712)
    .text                                    0x080000d4   Section       28  startup_stm32f072xb.o(.text)
    .text                                    0x080000f0   Section        0  uidiv.o(.text)
    .text                                    0x0800011c   Section       36  init.o(.text)
    i.BSP_LED_Init                           0x08000140   Section        0  stm32072b_eval.o(i.BSP_LED_Init)
    i.BSP_LED_On                             0x080001a0   Section        0  stm32072b_eval.o(i.BSP_LED_On)
    i.DMA1_Channel4_5_6_7_IRQHandler         0x080001c0   Section        0  stm32f0xx_it.o(i.DMA1_Channel4_5_6_7_IRQHandler)
    i.DMA_SetConfig                          0x080001d8   Section        0  stm32f0xx_hal_dma.o(i.DMA_SetConfig)
    DMA_SetConfig                            0x080001d9   Thumb Code    30  stm32f0xx_hal_dma.o(i.DMA_SetConfig)
    i.Error_Handler                          0x080001f6   Section        0  main.o(i.Error_Handler)
    Error_Handler                            0x080001f7   Thumb Code     8  main.o(i.Error_Handler)
    i.HAL_DMA_IRQHandler                     0x08000200   Section        0  stm32f0xx_hal_dma.o(i.HAL_DMA_IRQHandler)
    i.HAL_DMA_Init                           0x08000484   Section        0  stm32f0xx_hal_dma.o(i.HAL_DMA_Init)
    i.HAL_DMA_Start_IT                       0x080004d8   Section        0  stm32f0xx_hal_dma.o(i.HAL_DMA_Start_IT)
    i.HAL_GPIO_Init                          0x08000528   Section        0  stm32f0xx_hal_gpio.o(i.HAL_GPIO_Init)
    i.HAL_GPIO_WritePin                      0x08000680   Section        0  stm32f0xx_hal_gpio.o(i.HAL_GPIO_WritePin)
    i.HAL_GetTick                            0x0800068c   Section        0  stm32f0xx_hal.o(i.HAL_GetTick)
    i.HAL_IncTick                            0x08000698   Section        0  stm32f0xx_hal.o(i.HAL_IncTick)
    i.HAL_Init                               0x080006a8   Section        0  stm32f0xx_hal.o(i.HAL_Init)
    i.HAL_InitTick                           0x080006c8   Section        0  stm32f0xx_hal.o(i.HAL_InitTick)
    i.HAL_MspInit                            0x080006ea   Section        0  stm32f0xx_hal.o(i.HAL_MspInit)
    i.HAL_NVIC_EnableIRQ                     0x080006ec   Section        0  stm32f0xx_hal_cortex.o(i.HAL_NVIC_EnableIRQ)
    i.HAL_NVIC_SetPriority                   0x08000700   Section        0  stm32f0xx_hal_cortex.o(i.HAL_NVIC_SetPriority)
    i.HAL_RCC_ClockConfig                    0x08000708   Section        0  stm32f0xx_hal_rcc.o(i.HAL_RCC_ClockConfig)
    i.HAL_RCC_GetHCLKFreq                    0x08000840   Section        0  stm32f0xx_hal_rcc.o(i.HAL_RCC_GetHCLKFreq)
    i.HAL_RCC_GetPCLK1Freq                   0x08000868   Section        0  stm32f0xx_hal_rcc.o(i.HAL_RCC_GetPCLK1Freq)
    i.HAL_RCC_GetSysClockFreq                0x08000888   Section        0  stm32f0xx_hal_rcc.o(i.HAL_RCC_GetSysClockFreq)
    i.HAL_RCC_OscConfig                      0x08000910   Section        0  stm32f0xx_hal_rcc.o(i.HAL_RCC_OscConfig)
    i.HAL_SYSTICK_Config                     0x08000d20   Section        0  stm32f0xx_hal_cortex.o(i.HAL_SYSTICK_Config)
    i.HAL_UARTEx_WakeupCallback              0x08000d50   Section        0  stm32f0xx_hal_uart_ex.o(i.HAL_UARTEx_WakeupCallback)
    i.HAL_UART_ErrorCallback                 0x08000d52   Section        0  main.o(i.HAL_UART_ErrorCallback)
    i.HAL_UART_GetState                      0x08000d5c   Section        0  stm32f0xx_hal_uart.o(i.HAL_UART_GetState)
    i.HAL_UART_IRQHandler                    0x08000d62   Section        0  stm32f0xx_hal_uart_ex.o(i.HAL_UART_IRQHandler)
    i.HAL_UART_Init                          0x08000e46   Section        0  stm32f0xx_hal_uart.o(i.HAL_UART_Init)
    i.HAL_UART_MspInit                       0x08000eb4   Section        0  stm32f0xx_hal_msp.o(i.HAL_UART_MspInit)
    i.HAL_UART_Receive_DMA                   0x08000f98   Section        0  stm32f0xx_hal_uart.o(i.HAL_UART_Receive_DMA)
    i.HAL_UART_RxCpltCallback                0x0800101c   Section        0  main.o(i.HAL_UART_RxCpltCallback)
    i.HAL_UART_RxHalfCpltCallback            0x08001026   Section        0  stm32f0xx_hal_uart.o(i.HAL_UART_RxHalfCpltCallback)
    i.HAL_UART_Transmit_DMA                  0x08001028   Section        0  stm32f0xx_hal_uart.o(i.HAL_UART_Transmit_DMA)
    i.HAL_UART_TxCpltCallback                0x080010b4   Section        0  main.o(i.HAL_UART_TxCpltCallback)
    i.HAL_UART_TxHalfCpltCallback            0x080010be   Section        0  stm32f0xx_hal_uart.o(i.HAL_UART_TxHalfCpltCallback)
    i.HardFault_Handler                      0x080010c0   Section        0  stm32f0xx_it.o(i.HardFault_Handler)
    i.NMI_Handler                            0x080010c2   Section        0  stm32f0xx_it.o(i.NMI_Handler)
    i.NVIC_SetPriority                       0x080010c4   Section        0  stm32f0xx_hal_cortex.o(i.NVIC_SetPriority)
    NVIC_SetPriority                         0x080010c5   Thumb Code    60  stm32f0xx_hal_cortex.o(i.NVIC_SetPriority)
    i.PendSV_Handler                         0x08001108   Section        0  stm32f0xx_it.o(i.PendSV_Handler)
    i.SVC_Handler                            0x0800110a   Section        0  stm32f0xx_it.o(i.SVC_Handler)
    i.SysTick_Handler                        0x0800110c   Section        0  stm32f0xx_it.o(i.SysTick_Handler)
    i.SystemInit                             0x08001114   Section        0  system_stm32f0xx.o(i.SystemInit)
    i.UART_AdvFeatureConfig                  0x08001170   Section        0  stm32f0xx_hal_uart.o(i.UART_AdvFeatureConfig)
    i.UART_CheckIdleState                    0x0800123c   Section        0  stm32f0xx_hal_uart.o(i.UART_CheckIdleState)
    i.UART_DMAError                          0x080012a4   Section        0  stm32f0xx_hal_uart.o(i.UART_DMAError)
    UART_DMAError                            0x080012a5   Thumb Code    34  stm32f0xx_hal_uart.o(i.UART_DMAError)
    i.UART_DMAReceiveCplt                    0x080012c6   Section        0  stm32f0xx_hal_uart.o(i.UART_DMAReceiveCplt)
    UART_DMAReceiveCplt                      0x080012c7   Thumb Code    54  stm32f0xx_hal_uart.o(i.UART_DMAReceiveCplt)
    i.UART_DMARxHalfCplt                     0x080012fc   Section        0  stm32f0xx_hal_uart.o(i.UART_DMARxHalfCplt)
    UART_DMARxHalfCplt                       0x080012fd   Thumb Code    10  stm32f0xx_hal_uart.o(i.UART_DMARxHalfCplt)
    i.UART_DMATransmitCplt                   0x08001306   Section        0  stm32f0xx_hal_uart.o(i.UART_DMATransmitCplt)
    UART_DMATransmitCplt                     0x08001307   Thumb Code    48  stm32f0xx_hal_uart.o(i.UART_DMATransmitCplt)
    i.UART_DMATxHalfCplt                     0x08001336   Section        0  stm32f0xx_hal_uart.o(i.UART_DMATxHalfCplt)
    UART_DMATxHalfCplt                       0x08001337   Thumb Code    10  stm32f0xx_hal_uart.o(i.UART_DMATxHalfCplt)
    i.UART_EndTransmit_IT                    0x08001340   Section        0  stm32f0xx_hal_uart.o(i.UART_EndTransmit_IT)
    i.UART_Receive_IT                        0x08001366   Section        0  stm32f0xx_hal_uart.o(i.UART_Receive_IT)
    i.UART_SetConfig                         0x080013f4   Section        0  stm32f0xx_hal_uart.o(i.UART_SetConfig)
    i.UART_Transmit_IT                       0x08001544   Section        0  stm32f0xx_hal_uart.o(i.UART_Transmit_IT)
    i.UART_WaitOnFlagUntilTimeout            0x080015b2   Section        0  stm32f0xx_hal_uart.o(i.UART_WaitOnFlagUntilTimeout)
    i.USART2_IRQHandler                      0x08001660   Section        0  stm32f0xx_it.o(i.USART2_IRQHandler)
    i.__scatterload_copy                     0x08001670   Section       14  handlers.o(i.__scatterload_copy)
    i.__scatterload_null                     0x0800167e   Section        2  handlers.o(i.__scatterload_null)
    i.__scatterload_zeroinit                 0x08001680   Section       14  handlers.o(i.__scatterload_zeroinit)
    i.main                                   0x08001690   Section        0  main.o(i.main)
    .constdata                               0x08001758   Section       36  stm32072b_eval.o(.constdata)
    .constdata                               0x0800177c   Section       16  stm32f0xx_hal_rcc.o(.constdata)
    .data                                    0x20000000   Section       52  stm32072b_eval.o(.data)
    .data                                    0x20000034   Section       98  main.o(.data)
    .data                                    0x20000098   Section        4  system_stm32f0xx.o(.data)
    .data                                    0x2000009c   Section        4  stm32f0xx_hal.o(.data)
    uwTick                                   0x2000009c   Data           4  stm32f0xx_hal.o(.data)
    .bss                                     0x200000a0   Section      224  stm32f0xx_hal_msp.o(.bss)
    hdma_tx                                  0x200000a0   Data          56  stm32f0xx_hal_msp.o(.bss)
    hdma_rx                                  0x200000d8   Data          56  stm32f0xx_hal_msp.o(.bss)
    hdma_tx                                  0x20000110   Data          56  stm32f0xx_hal_msp.o(.bss)
    hdma_rx                                  0x20000148   Data          56  stm32f0xx_hal_msp.o(.bss)
    .bss                                     0x20000180   Section      122  main.o(.bss)
    STACK                                    0x20000200   Section     1024  startup_stm32f072xb.o(STACK)

    Global Symbols

    Symbol Name                              Value     Ov Type        Size  Object(Section)

    BuildAttributes$$THM_ISAv3M$S$PE$A:L22$X:L11$S22$IEEE1$IW$USESV6$~STKCKD$USESV7$~SHL$OSPACE$EBA8$MICROLIB$REQ8$PRES8$EABIv2 0x00000000   Number         0  anon$$obj.o ABSOLUTE
    __ARM_use_no_argv                        0x00000000   Number         0  main.o ABSOLUTE
    __cpp_initialize__aeabi_                  - Undefined Weak Reference
    __cxa_finalize                            - Undefined Weak Reference
    __decompress                              - Undefined Weak Reference
    _clock_init                               - Undefined Weak Reference
    _microlib_exit                            - Undefined Weak Reference
    __Vectors_Size                           0x000000c0   Number         0  startup_stm32f072xb.o ABSOLUTE
    __Vectors                                0x08000000   Data           4  startup_stm32f072xb.o(RESET)
    __Vectors_End                            0x080000c0   Data           0  startup_stm32f072xb.o(RESET)
    __main                                   0x080000c1   Thumb Code     0  entry.o(.ARM.Collect$$$$00000000)
    _main_stk                                0x080000c1   Thumb Code     0  entry2.o(.ARM.Collect$$$$00000001)
    _main_scatterload                        0x080000c5   Thumb Code     0  entry5.o(.ARM.Collect$$$$00000004)
    __main_after_scatterload                 0x080000c9   Thumb Code     0  entry5.o(.ARM.Collect$$$$00000004)
    _main_clock                              0x080000c9   Thumb Code     0  entry7b.o(.ARM.Collect$$$$00000008)
    _main_cpp_init                           0x080000c9   Thumb Code     0  entry8b.o(.ARM.Collect$$$$0000000A)
    _main_init                               0x080000c9   Thumb Code     0  entry9a.o(.ARM.Collect$$$$0000000B)
    __rt_final_cpp                           0x080000d1   Thumb Code     0  entry10a.o(.ARM.Collect$$$$0000000D)
    __rt_final_exit                          0x080000d1   Thumb Code     0  entry11a.o(.ARM.Collect$$$$0000000F)
    Reset_Handler                            0x080000d5   Thumb Code     8  startup_stm32f072xb.o(.text)
    ADC1_COMP_IRQHandler                     0x080000e7   Thumb Code     0  startup_stm32f072xb.o(.text)
    CEC_CAN_IRQHandler                       0x080000e7   Thumb Code     0  startup_stm32f072xb.o(.text)
    DMA1_Channel1_IRQHandler                 0x080000e7   Thumb Code     0  startup_stm32f072xb.o(.text)
    DMA1_Channel2_3_IRQHandler               0x080000e7   Thumb Code     0  startup_stm32f072xb.o(.text)
    EXTI0_1_IRQHandler                       0x080000e7   Thumb Code     0  startup_stm32f072xb.o(.text)
    EXTI2_3_IRQHandler                       0x080000e7   Thumb Code     0  startup_stm32f072xb.o(.text)
    EXTI4_15_IRQHandler                      0x080000e7   Thumb Code     0  startup_stm32f072xb.o(.text)
    FLASH_IRQHandler                         0x080000e7   Thumb Code     0  startup_stm32f072xb.o(.text)
    I2C1_IRQHandler                          0x080000e7   Thumb Code     0  startup_stm32f072xb.o(.text)
    I2C2_IRQHandler                          0x080000e7   Thumb Code     0  startup_stm32f072xb.o(.text)
    PVD_VDDIO2_IRQHandler                    0x080000e7   Thumb Code     0  startup_stm32f072xb.o(.text)
    RCC_CRS_IRQHandler                       0x080000e7   Thumb Code     0  startup_stm32f072xb.o(.text)
    RTC_IRQHandler                           0x080000e7   Thumb Code     0  startup_stm32f072xb.o(.text)
    SPI1_IRQHandler                          0x080000e7   Thumb Code     0  startup_stm32f072xb.o(.text)
    SPI2_IRQHandler                          0x080000e7   Thumb Code     0  startup_stm32f072xb.o(.text)
    TIM14_IRQHandler                         0x080000e7   Thumb Code     0  startup_stm32f072xb.o(.text)
    TIM15_IRQHandler                         0x080000e7   Thumb Code     0  startup_stm32f072xb.o(.text)
    TIM16_IRQHandler                         0x080000e7   Thumb Code     0  startup_stm32f072xb.o(.text)
    TIM17_IRQHandler                         0x080000e7   Thumb Code     0  startup_stm32f072xb.o(.text)
    TIM1_BRK_UP_TRG_COM_IRQHandler           0x080000e7   Thumb Code     0  startup_stm32f072xb.o(.text)
    TIM1_CC_IRQHandler                       0x080000e7   Thumb Code     0  startup_stm32f072xb.o(.text)
    TIM2_IRQHandler                          0x080000e7   Thumb Code     0  startup_stm32f072xb.o(.text)
    TIM3_IRQHandler                          0x080000e7   Thumb Code     0  startup_stm32f072xb.o(.text)
    TIM6_DAC_IRQHandler                      0x080000e7   Thumb Code     0  startup_stm32f072xb.o(.text)
    TIM7_IRQHandler                          0x080000e7   Thumb Code     0  startup_stm32f072xb.o(.text)
    TSC_IRQHandler                           0x080000e7   Thumb Code     0  startup_stm32f072xb.o(.text)
    USART1_IRQHandler                        0x080000e7   Thumb Code     0  startup_stm32f072xb.o(.text)
    USART3_4_IRQHandler                      0x080000e7   Thumb Code     0  startup_stm32f072xb.o(.text)
    USB_IRQHandler                           0x080000e7   Thumb Code     0  startup_stm32f072xb.o(.text)
    WWDG_IRQHandler                          0x080000e7   Thumb Code     0  startup_stm32f072xb.o(.text)
    __aeabi_uidiv                            0x080000f1   Thumb Code     0  uidiv.o(.text)
    __aeabi_uidivmod                         0x080000f1   Thumb Code    44  uidiv.o(.text)
    __scatterload                            0x0800011d   Thumb Code    28  init.o(.text)
    __scatterload_rt2                        0x0800011d   Thumb Code     0  init.o(.text)
    BSP_LED_Init                             0x08000141   Thumb Code    82  stm32072b_eval.o(i.BSP_LED_Init)
    BSP_LED_On                               0x080001a1   Thumb Code    22  stm32072b_eval.o(i.BSP_LED_On)
    DMA1_Channel4_5_6_7_IRQHandler           0x080001c1   Thumb Code    18  stm32f0xx_it.o(i.DMA1_Channel4_5_6_7_IRQHandler)
    HAL_DMA_IRQHandler                       0x08000201   Thumb Code   640  stm32f0xx_hal_dma.o(i.HAL_DMA_IRQHandler)
    HAL_DMA_Init                             0x08000485   Thumb Code    78  stm32f0xx_hal_dma.o(i.HAL_DMA_Init)
    HAL_DMA_Start_IT                         0x080004d9   Thumb Code    78  stm32f0xx_hal_dma.o(i.HAL_DMA_Start_IT)
    HAL_GPIO_Init                            0x08000529   Thumb Code   314  stm32f0xx_hal_gpio.o(i.HAL_GPIO_Init)
    HAL_GPIO_WritePin                        0x08000681   Thumb Code    12  stm32f0xx_hal_gpio.o(i.HAL_GPIO_WritePin)
    HAL_GetTick                              0x0800068d   Thumb Code     6  stm32f0xx_hal.o(i.HAL_GetTick)
    HAL_IncTick                              0x08000699   Thumb Code    10  stm32f0xx_hal.o(i.HAL_IncTick)
    HAL_Init                                 0x080006a9   Thumb Code    26  stm32f0xx_hal.o(i.HAL_Init)
    HAL_InitTick                             0x080006c9   Thumb Code    34  stm32f0xx_hal.o(i.HAL_InitTick)
    HAL_MspInit                              0x080006eb   Thumb Code     2  stm32f0xx_hal.o(i.HAL_MspInit)
    HAL_NVIC_EnableIRQ                       0x080006ed   Thumb Code    14  stm32f0xx_hal_cortex.o(i.HAL_NVIC_EnableIRQ)
    HAL_NVIC_SetPriority                     0x08000701   Thumb Code     8  stm32f0xx_hal_cortex.o(i.HAL_NVIC_SetPriority)
    HAL_RCC_ClockConfig                      0x08000709   Thumb Code   300  stm32f0xx_hal_rcc.o(i.HAL_RCC_ClockConfig)
    HAL_RCC_GetHCLKFreq                      0x08000841   Thumb Code    26  stm32f0xx_hal_rcc.o(i.HAL_RCC_GetHCLKFreq)
    HAL_RCC_GetPCLK1Freq                     0x08000869   Thumb Code    22  stm32f0xx_hal_rcc.o(i.HAL_RCC_GetPCLK1Freq)
    HAL_RCC_GetSysClockFreq                  0x08000889   Thumb Code    90  stm32f0xx_hal_rcc.o(i.HAL_RCC_GetSysClockFreq)
    HAL_RCC_OscConfig                        0x08000911   Thumb Code  1040  stm32f0xx_hal_rcc.o(i.HAL_RCC_OscConfig)
    HAL_SYSTICK_Config                       0x08000d21   Thumb Code    38  stm32f0xx_hal_cortex.o(i.HAL_SYSTICK_Config)
    HAL_UARTEx_WakeupCallback                0x08000d51   Thumb Code     2  stm32f0xx_hal_uart_ex.o(i.HAL_UARTEx_WakeupCallback)
    HAL_UART_ErrorCallback                   0x08000d53   Thumb Code    10  main.o(i.HAL_UART_ErrorCallback)
    HAL_UART_GetState                        0x08000d5d   Thumb Code     6  stm32f0xx_hal_uart.o(i.HAL_UART_GetState)
    HAL_UART_IRQHandler                      0x08000d63   Thumb Code   228  stm32f0xx_hal_uart_ex.o(i.HAL_UART_IRQHandler)
    HAL_UART_Init                            0x08000e47   Thumb Code   108  stm32f0xx_hal_uart.o(i.HAL_UART_Init)
    HAL_UART_MspInit                         0x08000eb5   Thumb Code   210  stm32f0xx_hal_msp.o(i.HAL_UART_MspInit)
    HAL_UART_Receive_DMA                     0x08000f99   Thumb Code   120  stm32f0xx_hal_uart.o(i.HAL_UART_Receive_DMA)
    HAL_UART_RxCpltCallback                  0x0800101d   Thumb Code    10  main.o(i.HAL_UART_RxCpltCallback)
    HAL_UART_RxHalfCpltCallback              0x08001027   Thumb Code     2  stm32f0xx_hal_uart.o(i.HAL_UART_RxHalfCpltCallback)
    HAL_UART_Transmit_DMA                    0x08001029   Thumb Code   128  stm32f0xx_hal_uart.o(i.HAL_UART_Transmit_DMA)
    HAL_UART_TxCpltCallback                  0x080010b5   Thumb Code    10  main.o(i.HAL_UART_TxCpltCallback)
    HAL_UART_TxHalfCpltCallback              0x080010bf   Thumb Code     2  stm32f0xx_hal_uart.o(i.HAL_UART_TxHalfCpltCallback)
    HardFault_Handler                        0x080010c1   Thumb Code     2  stm32f0xx_it.o(i.HardFault_Handler)
    NMI_Handler                              0x080010c3   Thumb Code     2  stm32f0xx_it.o(i.NMI_Handler)
    PendSV_Handler                           0x08001109   Thumb Code     2  stm32f0xx_it.o(i.PendSV_Handler)
    SVC_Handler                              0x0800110b   Thumb Code     2  stm32f0xx_it.o(i.SVC_Handler)
    SysTick_Handler                          0x0800110d   Thumb Code     8  stm32f0xx_it.o(i.SysTick_Handler)
    SystemInit                               0x08001115   Thumb Code    76  system_stm32f0xx.o(i.SystemInit)
    UART_AdvFeatureConfig                    0x08001171   Thumb Code   202  stm32f0xx_hal_uart.o(i.UART_AdvFeatureConfig)
    UART_CheckIdleState                      0x0800123d   Thumb Code    90  stm32f0xx_hal_uart.o(i.UART_CheckIdleState)
    UART_EndTransmit_IT                      0x08001341   Thumb Code    38  stm32f0xx_hal_uart.o(i.UART_EndTransmit_IT)
    UART_Receive_IT                          0x08001367   Thumb Code   142  stm32f0xx_hal_uart.o(i.UART_Receive_IT)
    UART_SetConfig                           0x080013f5   Thumb Code   304  stm32f0xx_hal_uart.o(i.UART_SetConfig)
    UART_Transmit_IT                         0x08001545   Thumb Code   110  stm32f0xx_hal_uart.o(i.UART_Transmit_IT)
    UART_WaitOnFlagUntilTimeout              0x080015b3   Thumb Code   174  stm32f0xx_hal_uart.o(i.UART_WaitOnFlagUntilTimeout)
    USART2_IRQHandler                        0x08001661   Thumb Code    10  stm32f0xx_it.o(i.USART2_IRQHandler)
    __scatterload_copy                       0x08001671   Thumb Code    14  handlers.o(i.__scatterload_copy)
    __scatterload_null                       0x0800167f   Thumb Code     2  handlers.o(i.__scatterload_null)
    __scatterload_zeroinit                   0x08001681   Thumb Code    14  handlers.o(i.__scatterload_zeroinit)
    main                                     0x08001691   Thumb Code   186  main.o(i.main)
    BUTTON_IRQn                              0x08001758   Data           1  stm32072b_eval.o(.constdata)
    BUTTON_PIN                               0x0800175a   Data           2  stm32072b_eval.o(.constdata)
    COM_TX_PIN                               0x0800175c   Data           2  stm32072b_eval.o(.constdata)
    COM_RX_PIN                               0x0800175e   Data           2  stm32072b_eval.o(.constdata)
    COM_TX_AF                                0x08001760   Data           2  stm32072b_eval.o(.constdata)
    COM_RX_AF                                0x08001762   Data           2  stm32072b_eval.o(.constdata)
    JOY_IRQn                                 0x08001764   Data           5  stm32072b_eval.o(.constdata)
    LED_PIN                                  0x0800176a   Data           8  stm32072b_eval.o(.constdata)
    JOY_PIN                                  0x08001772   Data          10  stm32072b_eval.o(.constdata)
    aAPBAHBPrescTable                        0x0800177c   Data          16  stm32f0xx_hal_rcc.o(.constdata)
    Region$$Table$$Base                      0x0800178c   Number         0  anon$$obj.o(Region$$Table)
    Region$$Table$$Limit                     0x080017ac   Number         0  anon$$obj.o(Region$$Table)
    BUTTON_PORT                              0x20000000   Data           4  stm32072b_eval.o(.data)
    COM_USART                                0x20000004   Data           4  stm32072b_eval.o(.data)
    COM_TX_PORT                              0x20000008   Data           4  stm32072b_eval.o(.data)
    COM_RX_PORT                              0x2000000c   Data           4  stm32072b_eval.o(.data)
    LED_PORT                                 0x20000010   Data          16  stm32072b_eval.o(.data)
    JOY_PORT                                 0x20000020   Data          20  stm32072b_eval.o(.data)
    aTxBuffer                                0x20000034   Data          98  main.o(.data)
    SystemCoreClock                          0x20000098   Data           4  system_stm32f0xx.o(.data)
    UartHandle                               0x20000180   Data         112  main.o(.bss)
    aRxBuffer                                0x200001f0   Data          10  main.o(.bss)
    __initial_sp                             0x20000600   Data           0  startup_stm32f072xb.o(STACK)



==============================================================================

Memory Map of the image

  Image Entry point : 0x080000c1

  Load Region LR_IROM1 (Base: 0x08000000, Size: 0x0000184c, Max: 0x00020000, ABSOLUTE)

    Execution Region ER_IROM1 (Base: 0x08000000, Size: 0x000017ac, Max: 0x00020000, ABSOLUTE)

    Base Addr    Size         Type   Attr      Idx    E Section Name        Object

    0x08000000   0x000000c0   Data   RO         1140    RESET               startup_stm32f072xb.o
    0x080000c0   0x00000000   Code   RO         1145  * .ARM.Collect$$$$00000000  mc_p.l(entry.o)
    0x080000c0   0x00000004   Code   RO         1152    .ARM.Collect$$$$00000001  mc_p.l(entry2.o)
    0x080000c4   0x00000004   Code   RO         1155    .ARM.Collect$$$$00000004  mc_p.l(entry5.o)
    0x080000c8   0x00000000   Code   RO         1157    .ARM.Collect$$$$00000008  mc_p.l(entry7b.o)
    0x080000c8   0x00000000   Code   RO         1159    .ARM.Collect$$$$0000000A  mc_p.l(entry8b.o)
    0x080000c8   0x00000008   Code   RO         1160    .ARM.Collect$$$$0000000B  mc_p.l(entry9a.o)
    0x080000d0   0x00000000   Code   RO         1162    .ARM.Collect$$$$0000000D  mc_p.l(entry10a.o)
    0x080000d0   0x00000000   Code   RO         1164    .ARM.Collect$$$$0000000F  mc_p.l(entry11a.o)
    0x080000d0   0x00000004   Code   RO         1153    .ARM.Collect$$$$00002712  mc_p.l(entry2.o)
    0x080000d4   0x0000001c   Code   RO         1141    .text               startup_stm32f072xb.o
    0x080000f0   0x0000002c   Code   RO         1148    .text               mc_p.l(uidiv.o)
    0x0800011c   0x00000024   Code   RO         1166    .text               mc_p.l(init.o)
    0x08000140   0x00000060   Code   RO            7    i.BSP_LED_Init      stm32072b_eval.o
    0x080001a0   0x00000020   Code   RO            9    i.BSP_LED_On        stm32072b_eval.o
    0x080001c0   0x00000018   Code   RO          238    i.DMA1_Channel4_5_6_7_IRQHandler  stm32f0xx_it.o
    0x080001d8   0x0000001e   Code   RO          331    i.DMA_SetConfig     stm32f0xx_hal_dma.o
    0x080001f6   0x00000008   Code   RO          191    i.Error_Handler     main.o
    0x080001fe   0x00000002   PAD
    0x08000200   0x00000284   Code   RO          336    i.HAL_DMA_IRQHandler  stm32f0xx_hal_dma.o
    0x08000484   0x00000054   Code   RO          337    i.HAL_DMA_Init      stm32f0xx_hal_dma.o
    0x080004d8   0x0000004e   Code   RO          340    i.HAL_DMA_Start_IT  stm32f0xx_hal_dma.o
    0x08000526   0x00000002   PAD
    0x08000528   0x00000158   Code   RO          407    i.HAL_GPIO_Init     stm32f0xx_hal_gpio.o
    0x08000680   0x0000000c   Code   RO          411    i.HAL_GPIO_WritePin  stm32f0xx_hal_gpio.o
    0x0800068c   0x0000000c   Code   RO          475    i.HAL_GetTick       stm32f0xx_hal.o
    0x08000698   0x00000010   Code   RO          476    i.HAL_IncTick       stm32f0xx_hal.o
    0x080006a8   0x00000020   Code   RO          477    i.HAL_Init          stm32f0xx_hal.o
    0x080006c8   0x00000022   Code   RO          478    i.HAL_InitTick      stm32f0xx_hal.o
    0x080006ea   0x00000002   Code   RO          480    i.HAL_MspInit       stm32f0xx_hal.o
    0x080006ec   0x00000014   Code   RO          654    i.HAL_NVIC_EnableIRQ  stm32f0xx_hal_cortex.o
    0x08000700   0x00000008   Code   RO          658    i.HAL_NVIC_SetPriority  stm32f0xx_hal_cortex.o
    0x08000708   0x00000138   Code   RO          747    i.HAL_RCC_ClockConfig  stm32f0xx_hal_rcc.o
    0x08000840   0x00000028   Code   RO          752    i.HAL_RCC_GetHCLKFreq  stm32f0xx_hal_rcc.o
    0x08000868   0x00000020   Code   RO          754    i.HAL_RCC_GetPCLK1Freq  stm32f0xx_hal_rcc.o
    0x08000888   0x00000088   Code   RO          755    i.HAL_RCC_GetSysClockFreq  stm32f0xx_hal_rcc.o
    0x08000910   0x00000410   Code   RO          758    i.HAL_RCC_OscConfig  stm32f0xx_hal_rcc.o
    0x08000d20   0x00000030   Code   RO          662    i.HAL_SYSTICK_Config  stm32f0xx_hal_cortex.o
    0x08000d50   0x00000002   Code   RO          591    i.HAL_UARTEx_WakeupCallback  stm32f0xx_hal_uart_ex.o
    0x08000d52   0x0000000a   Code   RO          192    i.HAL_UART_ErrorCallback  main.o
    0x08000d5c   0x00000006   Code   RO          910    i.HAL_UART_GetState  stm32f0xx_hal_uart.o
    0x08000d62   0x000000e4   Code   RO          592    i.HAL_UART_IRQHandler  stm32f0xx_hal_uart_ex.o
    0x08000e46   0x0000006c   Code   RO          911    i.HAL_UART_Init     stm32f0xx_hal_uart.o
    0x08000eb2   0x00000002   PAD
    0x08000eb4   0x000000e4   Code   RO          162    i.HAL_UART_MspInit  stm32f0xx_hal_msp.o
    0x08000f98   0x00000084   Code   RO          915    i.HAL_UART_Receive_DMA  stm32f0xx_hal_uart.o
    0x0800101c   0x0000000a   Code   RO          193    i.HAL_UART_RxCpltCallback  main.o
    0x08001026   0x00000002   Code   RO          918    i.HAL_UART_RxHalfCpltCallback  stm32f0xx_hal_uart.o
    0x08001028   0x0000008c   Code   RO          920    i.HAL_UART_Transmit_DMA  stm32f0xx_hal_uart.o
    0x080010b4   0x0000000a   Code   RO          194    i.HAL_UART_TxCpltCallback  main.o
    0x080010be   0x00000002   Code   RO          923    i.HAL_UART_TxHalfCpltCallback  stm32f0xx_hal_uart.o
    0x080010c0   0x00000002   Code   RO          239    i.HardFault_Handler  stm32f0xx_it.o
    0x080010c2   0x00000002   Code   RO          240    i.NMI_Handler       stm32f0xx_it.o
    0x080010c4   0x00000044   Code   RO          664    i.NVIC_SetPriority  stm32f0xx_hal_cortex.o
    0x08001108   0x00000002   Code   RO          241    i.PendSV_Handler    stm32f0xx_it.o
    0x0800110a   0x00000002   Code   RO          242    i.SVC_Handler       stm32f0xx_it.o
    0x0800110c   0x00000008   Code   RO          243    i.SysTick_Handler   stm32f0xx_it.o
    0x08001114   0x0000005c   Code   RO          299    i.SystemInit        system_stm32f0xx.o
    0x08001170   0x000000ca   Code   RO          924    i.UART_AdvFeatureConfig  stm32f0xx_hal_uart.o
    0x0800123a   0x00000002   PAD
    0x0800123c   0x00000068   Code   RO          925    i.UART_CheckIdleState  stm32f0xx_hal_uart.o
    0x080012a4   0x00000022   Code   RO          926    i.UART_DMAError     stm32f0xx_hal_uart.o
    0x080012c6   0x00000036   Code   RO          927    i.UART_DMAReceiveCplt  stm32f0xx_hal_uart.o
    0x080012fc   0x0000000a   Code   RO          928    i.UART_DMARxHalfCplt  stm32f0xx_hal_uart.o
    0x08001306   0x00000030   Code   RO          929    i.UART_DMATransmitCplt  stm32f0xx_hal_uart.o
    0x08001336   0x0000000a   Code   RO          930    i.UART_DMATxHalfCplt  stm32f0xx_hal_uart.o
    0x08001340   0x00000026   Code   RO          931    i.UART_EndTransmit_IT  stm32f0xx_hal_uart.o
    0x08001366   0x0000008e   Code   RO          932    i.UART_Receive_IT   stm32f0xx_hal_uart.o
    0x080013f4   0x00000150   Code   RO          933    i.UART_SetConfig    stm32f0xx_hal_uart.o
    0x08001544   0x0000006e   Code   RO          934    i.UART_Transmit_IT  stm32f0xx_hal_uart.o
    0x080015b2   0x000000ae   Code   RO          935    i.UART_WaitOnFlagUntilTimeout  stm32f0xx_hal_uart.o
    0x08001660   0x00000010   Code   RO          244    i.USART2_IRQHandler  stm32f0xx_it.o
    0x08001670   0x0000000e   Code   RO         1170    i.__scatterload_copy  mc_p.l(handlers.o)
    0x0800167e   0x00000002   Code   RO         1171    i.__scatterload_null  mc_p.l(handlers.o)
    0x08001680   0x0000000e   Code   RO         1172    i.__scatterload_zeroinit  mc_p.l(handlers.o)
    0x0800168e   0x00000002   PAD
    0x08001690   0x000000c8   Code   RO          195    i.main              main.o
    0x08001758   0x00000024   Data   RO           13    .constdata          stm32072b_eval.o
    0x0800177c   0x00000010   Data   RO          759    .constdata          stm32f0xx_hal_rcc.o
    0x0800178c   0x00000020   Data   RO         1168    Region$$Table       anon$$obj.o


    Execution Region RW_IRAM1 (Base: 0x20000000, Size: 0x00000600, Max: 0x00004000, ABSOLUTE)

    Base Addr    Size         Type   Attr      Idx    E Section Name        Object

    0x20000000   0x00000034   Data   RW           14    .data               stm32072b_eval.o
    0x20000034   0x00000062   Data   RW          197    .data               main.o
    0x20000096   0x00000002   PAD
    0x20000098   0x00000004   Data   RW          301    .data               system_stm32f0xx.o
    0x2000009c   0x00000004   Data   RW          483    .data               stm32f0xx_hal.o
    0x200000a0   0x000000e0   Zero   RW          163    .bss                stm32f0xx_hal_msp.o
    0x20000180   0x0000007a   Zero   RW          196    .bss                main.o
    0x200001fa   0x00000006   PAD
    0x20000200   0x00000400   Zero   RW         1138    STACK               startup_stm32f072xb.o


==============================================================================

Image component sizes


      Code (inc. data)   RO Data    RW Data    ZI Data      Debug   Object Name

       238         14          0         98        122       3397   main.o
        28          8        192          0       1024        656   startup_stm32f072xb.o
       128         24         36         52          0     256108   stm32072b_eval.o
        96         18          0          4          0       4104   stm32f0xx_hal.o
       144         24          0          0          0       9293   stm32f0xx_hal_cortex.o
       836         10          0          0          0       4019   stm32f0xx_hal_dma.o
       356         30          0          0          0       2596   stm32f0xx_hal_gpio.o
       228         18          0          0        224       1772   stm32f0xx_hal_msp.o
      1560         94         16          0          0       6045   stm32f0xx_hal_rcc.o
      1652         70          0          0          0      14603   stm32f0xx_hal_uart.o
       230          0          0          0          0       2070   stm32f0xx_hal_uart_ex.o
        56         12          0          0          0       3404   stm32f0xx_it.o
        92         16          0          4          0       1261   system_stm32f0xx.o

    ----------------------------------------------------------------------
      5652        338        276        160       1376     309328   Object Totals
         0          0         32          0          0          0   (incl. Generated)
         8          0          0          2          6          0   (incl. Padding)

    ----------------------------------------------------------------------

      Code (inc. data)   RO Data    RW Data    ZI Data      Debug   Library Member Name

         0          0          0          0          0          0   entry.o
         0          0          0          0          0          0   entry10a.o
         0          0          0          0          0          0   entry11a.o
         8          4          0          0          0          0   entry2.o
         4          0          0          0          0          0   entry5.o
         0          0          0          0          0          0   entry7b.o
         0          0          0          0          0          0   entry8b.o
         8          4          0          0          0          0   entry9a.o
        30          0          0          0          0          0   handlers.o
        36          8          0          0          0         68   init.o
        44          0          0          0          0         72   uidiv.o

    ----------------------------------------------------------------------
       132         16          0          0          0        140   Library Totals
         2          0          0          0          0          0   (incl. Padding)

    ----------------------------------------------------------------------

      Code (inc. data)   RO Data    RW Data    ZI Data      Debug   Library Name

       130         16          0          0          0        140   mc_p.l

    ----------------------------------------------------------------------
       132         16          0          0          0        140   Library Totals

    ----------------------------------------------------------------------

==============================================================================


      Code (inc. data)   RO Data    RW Data    ZI Data      Debug   

      5784        354        276        160       1376     307376   Grand Totals
      5784        354        276        160       1376     307376   ELF Image Totals
      5784        354        276        160          0          0   ROM Totals

==============================================================================

    Total RO  Size (Code + RO Data)                 6060 (   5.92kB)
    Total RW  Size (RW Data + ZI Data)              1536 (   1.50kB)
    Total ROM Size (Code + RO Data + RW Data)       6220 (   6.07kB)

==============================================================================

