Component: ARM Compiler 5.06 update 1 (build 61) Tool: armlink [4d35a8]

==============================================================================

Section Cross References

    diskio.o(i.disk_initialize) refers to ff_gen_drv.o(.bss) for disk
    diskio.o(i.disk_ioctl) refers to ff_gen_drv.o(.bss) for disk
    diskio.o(i.disk_read) refers to ff_gen_drv.o(.bss) for disk
    diskio.o(i.disk_status) refers to ff_gen_drv.o(.bss) for disk
    diskio.o(i.disk_write) refers to ff_gen_drv.o(.bss) for disk
    ff_gen_drv.o(i.FATFS_GetAttachedDriversNbr) refers to ff_gen_drv.o(.bss) for .bss
    ff_gen_drv.o(i.FATFS_LinkDriver) refers to ff_gen_drv.o(i.FATFS_LinkDriverEx) for FATFS_LinkDriverEx
    ff_gen_drv.o(i.FATFS_LinkDriverEx) refers to ff_gen_drv.o(.bss) for .bss
    ff_gen_drv.o(i.FATFS_UnLinkDriver) refers to ff_gen_drv.o(i.FATFS_UnLinkDriverEx) for FATFS_UnLinkDriverEx
    ff_gen_drv.o(i.FATFS_UnLinkDriverEx) refers to ff_gen_drv.o(.bss) for .bss
    ff.o(i.check_fs) refers to ff.o(i.move_window) for move_window
    ff.o(i.check_fs) refers to uread4.o(.text) for __aeabi_uread4
    ff.o(i.chk_lock) refers to ff.o(.bss) for .bss
    ff.o(i.clear_lock) refers to ff.o(.bss) for .bss
    ff.o(i.clmt_clust) refers to uidiv.o(.text) for __aeabi_uidivmod
    ff.o(i.create_chain) refers to ff.o(i.get_fat) for get_fat
    ff.o(i.create_chain) refers to ff.o(i.put_fat) for put_fat
    ff.o(i.create_name) refers to ff.o(i.mem_set) for mem_set
    ff.o(i.create_name) refers to ff.o(.constdata) for .constdata
    ff.o(i.dec_lock) refers to ff.o(.bss) for .bss
    ff.o(i.dir_next) refers to ff.o(i.get_fat) for get_fat
    ff.o(i.dir_next) refers to ff.o(i.create_chain) for create_chain
    ff.o(i.dir_next) refers to ff.o(i.sync_window) for sync_window
    ff.o(i.dir_next) refers to ff.o(i.mem_set) for mem_set
    ff.o(i.dir_next) refers to ff.o(i.clust2sect) for clust2sect
    ff.o(i.dir_read) refers to ff.o(i.move_window) for move_window
    ff.o(i.dir_read) refers to ff.o(i.dir_next) for dir_next
    ff.o(i.dir_register) refers to ff.o(i.dir_sdi) for dir_sdi
    ff.o(i.dir_register) refers to ff.o(i.move_window) for move_window
    ff.o(i.dir_register) refers to ff.o(i.dir_next) for dir_next
    ff.o(i.dir_register) refers to ff.o(i.mem_set) for mem_set
    ff.o(i.dir_register) refers to ff.o(i.mem_cpy) for mem_cpy
    ff.o(i.dir_remove) refers to ff.o(i.dir_sdi) for dir_sdi
    ff.o(i.dir_remove) refers to ff.o(i.move_window) for move_window
    ff.o(i.dir_remove) refers to ff.o(i.mem_set) for mem_set
    ff.o(i.dir_sdi) refers to ff.o(i.get_fat) for get_fat
    ff.o(i.dir_sdi) refers to ff.o(i.clust2sect) for clust2sect
    ff.o(i.f_chmod) refers to ff.o(i.find_volume) for find_volume
    ff.o(i.f_chmod) refers to ff.o(i.follow_path) for follow_path
    ff.o(i.f_chmod) refers to ff.o(i.sync_fs) for sync_fs
    ff.o(i.f_close) refers to ff.o(i.f_sync) for f_sync
    ff.o(i.f_close) refers to ff.o(i.validate) for validate
    ff.o(i.f_close) refers to ff.o(i.dec_lock) for dec_lock
    ff.o(i.f_closedir) refers to ff.o(i.validate) for validate
    ff.o(i.f_closedir) refers to ff.o(i.dec_lock) for dec_lock
    ff.o(i.f_getfree) refers to ff.o(i.find_volume) for find_volume
    ff.o(i.f_getfree) refers to ff.o(i.get_fat) for get_fat
    ff.o(i.f_getfree) refers to ff.o(i.move_window) for move_window
    ff.o(i.f_getfree) refers to uread4.o(.text) for __aeabi_uread4
    ff.o(i.f_gets) refers to ff.o(i.f_read) for f_read
    ff.o(i.f_lseek) refers to ff.o(i.validate) for validate
    ff.o(i.f_lseek) refers to ff.o(i.clmt_clust) for clmt_clust
    ff.o(i.f_lseek) refers to ff.o(i.clust2sect) for clust2sect
    ff.o(i.f_lseek) refers to diskio.o(i.disk_write) for disk_write
    ff.o(i.f_lseek) refers to ff.o(i.get_fat) for get_fat
    ff.o(i.f_lseek) refers to diskio.o(i.disk_read) for disk_read
    ff.o(i.f_lseek) refers to uidiv.o(.text) for __aeabi_uidivmod
    ff.o(i.f_lseek) refers to ff.o(i.create_chain) for create_chain
    ff.o(i.f_mkdir) refers to ff.o(i.find_volume) for find_volume
    ff.o(i.f_mkdir) refers to ff.o(i.follow_path) for follow_path
    ff.o(i.f_mkdir) refers to ff.o(i.create_chain) for create_chain
    ff.o(i.f_mkdir) refers to ff.o(i.sync_window) for sync_window
    ff.o(i.f_mkdir) refers to ff.o(i.clust2sect) for clust2sect
    ff.o(i.f_mkdir) refers to ff.o(i.mem_set) for mem_set
    ff.o(i.f_mkdir) refers to ff.o(i.st_clust) for st_clust
    ff.o(i.f_mkdir) refers to ff.o(i.mem_cpy) for mem_cpy
    ff.o(i.f_mkdir) refers to ff.o(i.dir_register) for dir_register
    ff.o(i.f_mkdir) refers to ff.o(i.remove_chain) for remove_chain
    ff.o(i.f_mkdir) refers to ff.o(i.sync_fs) for sync_fs
    ff.o(i.f_mkfs) refers to ff.o(i.get_ldnumber) for get_ldnumber
    ff.o(i.f_mkfs) refers to diskio.o(i.disk_initialize) for disk_initialize
    ff.o(i.f_mkfs) refers to diskio.o(i.disk_ioctl) for disk_ioctl
    ff.o(i.f_mkfs) refers to uidiv.o(.text) for __aeabi_uidivmod
[...]
    stm32f0xx_hal_i2c.o(i.I2C_DMAMasterTransmitCplt) refers to stm32f0xx_hal_i2c.o(i.I2C_WaitOnTXISFlagUntilTimeout) for I2C_WaitOnTXISFlagUntilTimeout
    stm32f0xx_hal_i2c.o(i.I2C_DMAMasterTransmitCplt) refers to stm32f0xx_hal_i2c.o(i.I2C_WaitOnSTOPFlagUntilTimeout) for I2C_WaitOnSTOPFlagUntilTimeout
    stm32f0xx_hal_i2c.o(i.I2C_DMAMasterTransmitCplt) refers to stm32f0xx_hal_i2c.o(i.HAL_I2C_ErrorCallback) for HAL_I2C_ErrorCallback
    stm32f0xx_hal_i2c.o(i.I2C_DMAMasterTransmitCplt) refers to stm32f0xx_hal_i2c.o(i.HAL_I2C_MasterTxCpltCallback) for HAL_I2C_MasterTxCpltCallback
    stm32f0xx_hal_i2c.o(i.I2C_DMAMemReceiveCplt) refers to stm32f0xx_hal_i2c.o(i.I2C_WaitOnFlagUntilTimeout) for I2C_WaitOnFlagUntilTimeout
    stm32f0xx_hal_i2c.o(i.I2C_DMAMemReceiveCplt) refers to stm32f0xx_hal_dma.o(i.HAL_DMA_Start_IT) for HAL_DMA_Start_IT
    stm32f0xx_hal_i2c.o(i.I2C_DMAMemReceiveCplt) refers to stm32f0xx_hal_i2c.o(i.I2C_TransferConfig) for I2C_TransferConfig
    stm32f0xx_hal_i2c.o(i.I2C_DMAMemReceiveCplt) refers to stm32f0xx_hal_i2c.o(i.I2C_WaitOnSTOPFlagUntilTimeout) for I2C_WaitOnSTOPFlagUntilTimeout
    stm32f0xx_hal_i2c.o(i.I2C_DMAMemReceiveCplt) refers to stm32f0xx_hal_i2c.o(i.HAL_I2C_ErrorCallback) for HAL_I2C_ErrorCallback
    stm32f0xx_hal_i2c.o(i.I2C_DMAMemReceiveCplt) refers to stm32f0xx_hal_i2c.o(i.HAL_I2C_MemRxCpltCallback) for HAL_I2C_MemRxCpltCallback
    stm32f0xx_hal_i2c.o(i.I2C_DMAMemTransmitCplt) refers to stm32f0xx_hal_i2c.o(i.I2C_WaitOnFlagUntilTimeout) for I2C_WaitOnFlagUntilTimeout
    stm32f0xx_hal_i2c.o(i.I2C_DMAMemTransmitCplt) refers to stm32f0xx_hal_i2c.o(i.I2C_WaitOnSTOPFlagUntilTimeout) for I2C_WaitOnSTOPFlagUntilTimeout
    stm32f0xx_hal_i2c.o(i.I2C_DMAMemTransmitCplt) refers to stm32f0xx_hal_dma.o(i.HAL_DMA_Start_IT) for HAL_DMA_Start_IT
    stm32f0xx_hal_i2c.o(i.I2C_DMAMemTransmitCplt) refers to stm32f0xx_hal_i2c.o(i.I2C_TransferConfig) for I2C_TransferConfig
    stm32f0xx_hal_i2c.o(i.I2C_DMAMemTransmitCplt) refers to stm32f0xx_hal_i2c.o(i.I2C_WaitOnTXISFlagUntilTimeout) for I2C_WaitOnTXISFlagUntilTimeout
    stm32f0xx_hal_i2c.o(i.I2C_DMAMemTransmitCplt) refers to stm32f0xx_hal_i2c.o(i.HAL_I2C_ErrorCallback) for HAL_I2C_ErrorCallback
    stm32f0xx_hal_i2c.o(i.I2C_DMAMemTransmitCplt) refers to stm32f0xx_hal_i2c.o(i.HAL_I2C_MemTxCpltCallback) for HAL_I2C_MemTxCpltCallback
    stm32f0xx_hal_i2c.o(i.I2C_DMASlaveReceiveCplt) refers to stm32f0xx_hal_i2c.o(i.I2C_WaitOnSTOPFlagUntilTimeout) for I2C_WaitOnSTOPFlagUntilTimeout
    stm32f0xx_hal_i2c.o(i.I2C_DMASlaveReceiveCplt) refers to stm32f0xx_hal_i2c.o(i.I2C_WaitOnFlagUntilTimeout) for I2C_WaitOnFlagUntilTimeout
    stm32f0xx_hal_i2c.o(i.I2C_DMASlaveReceiveCplt) refers to stm32f0xx_hal_i2c.o(i.HAL_I2C_ErrorCallback) for HAL_I2C_ErrorCallback
    stm32f0xx_hal_i2c.o(i.I2C_DMASlaveReceiveCplt) refers to stm32f0xx_hal_i2c.o(i.HAL_I2C_SlaveRxCpltCallback) for HAL_I2C_SlaveRxCpltCallback
    stm32f0xx_hal_i2c.o(i.I2C_DMASlaveTransmitCplt) refers to stm32f0xx_hal_i2c.o(i.I2C_WaitOnSTOPFlagUntilTimeout) for I2C_WaitOnSTOPFlagUntilTimeout
    stm32f0xx_hal_i2c.o(i.I2C_DMASlaveTransmitCplt) refers to stm32f0xx_hal_i2c.o(i.I2C_WaitOnFlagUntilTimeout) for I2C_WaitOnFlagUntilTimeout
    stm32f0xx_hal_i2c.o(i.I2C_DMASlaveTransmitCplt) refers to stm32f0xx_hal_i2c.o(i.HAL_I2C_ErrorCallback) for HAL_I2C_ErrorCallback
    stm32f0xx_hal_i2c.o(i.I2C_DMASlaveTransmitCplt) refers to stm32f0xx_hal_i2c.o(i.HAL_I2C_SlaveTxCpltCallback) for HAL_I2C_SlaveTxCpltCallback
    stm32f0xx_hal_i2c.o(i.I2C_IsAcknowledgeFailed) refers to stm32f0xx_hal.o(i.HAL_GetTick) for HAL_GetTick
    stm32f0xx_hal_i2c.o(i.I2C_MasterReceive_ISR) refers to stm32f0xx_hal_i2c.o(i.I2C_TransferConfig) for I2C_TransferConfig
    stm32f0xx_hal_i2c.o(i.I2C_MasterReceive_ISR) refers to stm32f0xx_hal_i2c.o(i.HAL_I2C_MasterRxCpltCallback) for HAL_I2C_MasterRxCpltCallback
    stm32f0xx_hal_i2c.o(i.I2C_MasterReceive_ISR) refers to stm32f0xx_hal_i2c.o(i.HAL_I2C_MemRxCpltCallback) for HAL_I2C_MemRxCpltCallback
    stm32f0xx_hal_i2c.o(i.I2C_MasterReceive_ISR) refers to stm32f0xx_hal_i2c.o(i.HAL_I2C_ErrorCallback) for HAL_I2C_ErrorCallback
    stm32f0xx_hal_i2c.o(i.I2C_MasterTransmit_ISR) refers to stm32f0xx_hal_i2c.o(i.I2C_TransferConfig) for I2C_TransferConfig
    stm32f0xx_hal_i2c.o(i.I2C_MasterTransmit_ISR) refers to stm32f0xx_hal_i2c.o(i.HAL_I2C_MasterTxCpltCallback) for HAL_I2C_MasterTxCpltCallback
    stm32f0xx_hal_i2c.o(i.I2C_MasterTransmit_ISR) refers to stm32f0xx_hal_i2c.o(i.HAL_I2C_MemTxCpltCallback) for HAL_I2C_MemTxCpltCallback
    stm32f0xx_hal_i2c.o(i.I2C_MasterTransmit_ISR) refers to stm32f0xx_hal_i2c.o(i.HAL_I2C_ErrorCallback) for HAL_I2C_ErrorCallback
    stm32f0xx_hal_i2c.o(i.I2C_RequestMemoryRead) refers to stm32f0xx_hal_i2c.o(i.I2C_TransferConfig) for I2C_TransferConfig
    stm32f0xx_hal_i2c.o(i.I2C_RequestMemoryRead) refers to stm32f0xx_hal_i2c.o(i.I2C_WaitOnTXISFlagUntilTimeout) for I2C_WaitOnTXISFlagUntilTimeout
    stm32f0xx_hal_i2c.o(i.I2C_RequestMemoryRead) refers to stm32f0xx_hal_i2c.o(i.I2C_WaitOnFlagUntilTimeout) for I2C_WaitOnFlagUntilTimeout
    stm32f0xx_hal_i2c.o(i.I2C_RequestMemoryWrite) refers to stm32f0xx_hal_i2c.o(i.I2C_TransferConfig) for I2C_TransferConfig
    stm32f0xx_hal_i2c.o(i.I2C_RequestMemoryWrite) refers to stm32f0xx_hal_i2c.o(i.I2C_WaitOnTXISFlagUntilTimeout) for I2C_WaitOnTXISFlagUntilTimeout
    stm32f0xx_hal_i2c.o(i.I2C_RequestMemoryWrite) refers to stm32f0xx_hal_i2c.o(i.I2C_WaitOnFlagUntilTimeout) for I2C_WaitOnFlagUntilTimeout
    stm32f0xx_hal_i2c.o(i.I2C_SlaveReceive_ISR) refers to stm32f0xx_hal_i2c.o(i.HAL_I2C_ErrorCallback) for HAL_I2C_ErrorCallback
    stm32f0xx_hal_i2c.o(i.I2C_SlaveReceive_ISR) refers to stm32f0xx_hal_i2c.o(i.HAL_I2C_SlaveRxCpltCallback) for HAL_I2C_SlaveRxCpltCallback
    stm32f0xx_hal_i2c.o(i.I2C_SlaveTransmit_ISR) refers to stm32f0xx_hal_i2c.o(i.HAL_I2C_ErrorCallback) for HAL_I2C_ErrorCallback
    stm32f0xx_hal_i2c.o(i.I2C_SlaveTransmit_ISR) refers to stm32f0xx_hal_i2c.o(i.HAL_I2C_SlaveTxCpltCallback) for HAL_I2C_SlaveTxCpltCallback
    stm32f0xx_hal_i2c.o(i.I2C_WaitOnFlagUntilTimeout) refers to stm32f0xx_hal.o(i.HAL_GetTick) for HAL_GetTick
    stm32f0xx_hal_i2c.o(i.I2C_WaitOnRXNEFlagUntilTimeout) refers to stm32f0xx_hal.o(i.HAL_GetTick) for HAL_GetTick
    stm32f0xx_hal_i2c.o(i.I2C_WaitOnRXNEFlagUntilTimeout) refers to stm32f0xx_hal_i2c.o(i.I2C_IsAcknowledgeFailed) for I2C_IsAcknowledgeFailed
    stm32f0xx_hal_i2c.o(i.I2C_WaitOnSTOPFlagUntilTimeout) refers to stm32f0xx_hal.o(i.HAL_GetTick) for HAL_GetTick
    stm32f0xx_hal_i2c.o(i.I2C_WaitOnSTOPFlagUntilTimeout) refers to stm32f0xx_hal_i2c.o(i.I2C_IsAcknowledgeFailed) for I2C_IsAcknowledgeFailed
    stm32f0xx_hal_i2c.o(i.I2C_WaitOnTXISFlagUntilTimeout) refers to stm32f0xx_hal.o(i.HAL_GetTick) for HAL_GetTick
    stm32f0xx_hal_i2c.o(i.I2C_WaitOnTXISFlagUntilTimeout) refers to stm32f0xx_hal_i2c.o(i.I2C_IsAcknowledgeFailed) for I2C_IsAcknowledgeFailed
    stm32f0xx_hal_uart.o(i.HAL_HalfDuplex_Init) refers to stm32f0xx_hal_uart.o(i.HAL_UART_MspInit) for HAL_UART_MspInit
    stm32f0xx_hal_uart.o(i.HAL_HalfDuplex_Init) refers to stm32f0xx_hal_uart.o(i.UART_SetConfig) for UART_SetConfig
    stm32f0xx_hal_uart.o(i.HAL_HalfDuplex_Init) refers to stm32f0xx_hal_uart.o(i.UART_AdvFeatureConfig) for UART_AdvFeatureConfig
    stm32f0xx_hal_uart.o(i.HAL_HalfDuplex_Init) refers to stm32f0xx_hal_uart.o(i.UART_CheckIdleState) for UART_CheckIdleState
    stm32f0xx_hal_uart.o(i.HAL_MultiProcessor_DisableMuteMode) refers to stm32f0xx_hal_uart.o(i.UART_CheckIdleState) for UART_CheckIdleState
    stm32f0xx_hal_uart.o(i.HAL_MultiProcessor_EnableMuteMode) refers to stm32f0xx_hal_uart.o(i.UART_CheckIdleState) for UART_CheckIdleState
    stm32f0xx_hal_uart.o(i.HAL_MultiProcessor_Init) refers to stm32f0xx_hal_uart.o(i.HAL_UART_MspInit) for HAL_UART_MspInit
    stm32f0xx_hal_uart.o(i.HAL_MultiProcessor_Init) refers to stm32f0xx_hal_uart.o(i.UART_SetConfig) for UART_SetConfig
    stm32f0xx_hal_uart.o(i.HAL_MultiProcessor_Init) refers to stm32f0xx_hal_uart.o(i.UART_AdvFeatureConfig) for UART_AdvFeatureConfig
    stm32f0xx_hal_uart.o(i.HAL_MultiProcessor_Init) refers to stm32f0xx_hal_uart.o(i.UART_CheckIdleState) for UART_CheckIdleState
    stm32f0xx_hal_uart.o(i.HAL_UART_DMAStop) refers to stm32f0xx_hal_dma.o(i.HAL_DMA_Abort) for HAL_DMA_Abort
    stm32f0xx_hal_uart.o(i.HAL_UART_DeInit) refers to stm32f0xx_hal_uart.o(i.HAL_UART_MspDeInit) for HAL_UART_MspDeInit
    stm32f0xx_hal_uart.o(i.HAL_UART_Init) refers to stm32f0xx_hal_uart.o(i.HAL_UART_MspInit) for HAL_UART_MspInit
    stm32f0xx_hal_uart.o(i.HAL_UART_Init) refers to stm32f0xx_hal_uart.o(i.UART_SetConfig) for UART_SetConfig
    stm32f0xx_hal_uart.o(i.HAL_UART_Init) refers to stm32f0xx_hal_uart.o(i.UART_AdvFeatureConfig) for UART_AdvFeatureConfig
    stm32f0xx_hal_uart.o(i.HAL_UART_Init) refers to stm32f0xx_hal_uart.o(i.UART_CheckIdleState) for UART_CheckIdleState
    stm32f0xx_hal_uart.o(i.HAL_UART_Receive) refers to stm32f0xx_hal_uart.o(i.UART_WaitOnFlagUntilTimeout) for UART_WaitOnFlagUntilTimeout
    stm32f0xx_hal_uart.o(i.HAL_UART_Receive_DMA) refers to stm32f0xx_hal_dma.o(i.HAL_DMA_Start_IT) for HAL_DMA_Start_IT
    stm32f0xx_hal_uart.o(i.HAL_UART_Receive_DMA) refers to stm32f0xx_hal_uart.o(i.UART_DMAReceiveCplt) for UART_DMAReceiveCplt
    stm32f0xx_hal_uart.o(i.HAL_UART_Receive_DMA) refers to stm32f0xx_hal_uart.o(i.UART_DMARxHalfCplt) for UART_DMARxHalfCplt
    stm32f0xx_hal_uart.o(i.HAL_UART_Receive_DMA) refers to stm32f0xx_hal_uart.o(i.UART_DMAError) for UART_DMAError
    stm32f0xx_hal_uart.o(i.HAL_UART_Transmit) refers to stm32f0xx_hal_uart.o(i.UART_WaitOnFlagUntilTimeout) for UART_WaitOnFlagUntilTimeout
    stm32f0xx_hal_uart.o(i.HAL_UART_Transmit_DMA) refers to stm32f0xx_hal_dma.o(i.HAL_DMA_Start_IT) for HAL_DMA_Start_IT
    stm32f0xx_hal_uart.o(i.HAL_UART_Transmit_DMA) refers to stm32f0xx_hal_uart.o(i.UART_DMATransmitCplt) for UART_DMATransmitCplt
    stm32f0xx_hal_uart.o(i.HAL_UART_Transmit_DMA) refers to stm32f0xx_hal_uart.o(i.UART_DMATxHalfCplt) for UART_DMATxHalfCplt
    stm32f0xx_hal_uart.o(i.HAL_UART_Transmit_DMA) refers to stm32f0xx_hal_uart.o(i.UART_DMAError) for UART_DMAError
    stm32f0xx_hal_uart.o(i.UART_CheckIdleState) refers to stm32f0xx_hal_uart.o(i.UART_WaitOnFlagUntilTimeout) for UART_WaitOnFlagUntilTimeout
    stm32f0xx_hal_uart.o(i.UART_DMAError) refers to stm32f0xx_hal_uart.o(i.HAL_UART_ErrorCallback) for HAL_UART_ErrorCallback
    stm32f0xx_hal_uart.o(i.UART_DMAReceiveCplt) refers to stm32f0xx_hal_uart.o(i.HAL_UART_RxCpltCallback) for HAL_UART_RxCpltCallback
    stm32f0xx_hal_uart.o(i.UART_DMARxHalfCplt) refers to stm32f0xx_hal_uart.o(i.HAL_UART_RxHalfCpltCallback) for HAL_UART_RxHalfCpltCallback
    stm32f0xx_hal_uart.o(i.UART_DMATransmitCplt) refers to stm32f0xx_hal_uart.o(i.HAL_UART_TxCpltCallback) for HAL_UART_TxCpltCallback
    stm32f0xx_hal_uart.o(i.UART_DMATxHalfCplt) refers to stm32f0xx_hal_uart.o(i.HAL_UART_TxHalfCpltCallback) for HAL_UART_TxHalfCpltCallback
    stm32f0xx_hal_uart.o(i.UART_EndTransmit_IT) refers to stm32f0xx_hal_uart.o(i.HAL_UART_TxCpltCallback) for HAL_UART_TxCpltCallback
    stm32f0xx_hal_uart.o(i.UART_Receive_IT) refers to stm32f0xx_hal_uart.o(i.HAL_UART_RxCpltCallback) for HAL_UART_RxCpltCallback
    stm32f0xx_hal_uart.o(i.UART_SetConfig) refers to stm32f0xx_hal_rcc.o(i.HAL_RCC_GetPCLK1Freq) for HAL_RCC_GetPCLK1Freq
    stm32f0xx_hal_uart.o(i.UART_SetConfig) refers to uidiv.o(.text) for __aeabi_uidivmod
    stm32f0xx_hal_uart.o(i.UART_SetConfig) refers to stm32f0xx_hal_rcc.o(i.HAL_RCC_GetSysClockFreq) for HAL_RCC_GetSysClockFreq
    stm32f0xx_hal_uart.o(i.UART_WaitOnFlagUntilTimeout) refers to stm32f0xx_hal.o(i.HAL_GetTick) for HAL_GetTick
    entry.o(.ARM.Collect$$$$00000000) refers (Special) to entry10a.o(.ARM.Collect$$$$0000000D) for __rt_final_cpp
    entry.o(.ARM.Collect$$$$00000000) refers (Special) to entry11a.o(.ARM.Collect$$$$0000000F) for __rt_final_exit
    entry.o(.ARM.Collect$$$$00000000) refers (Special) to entry7b.o(.ARM.Collect$$$$00000008) for _main_clock
    entry.o(.ARM.Collect$$$$00000000) refers (Special) to entry8b.o(.ARM.Collect$$$$0000000A) for _main_cpp_init
    entry.o(.ARM.Collect$$$$00000000) refers (Special) to entry9a.o(.ARM.Collect$$$$0000000B) for _main_init
    entry.o(.ARM.Collect$$$$00000000) refers (Special) to entry5.o(.ARM.Collect$$$$00000004) for _main_scatterload
    entry.o(.ARM.Collect$$$$00000000) refers (Special) to entry2.o(.ARM.Collect$$$$00000001) for _main_stk
    entry2.o(.ARM.Collect$$$$00000001) refers to entry2.o(.ARM.Collect$$$$00002712) for __lit__00000000
    entry2.o(.ARM.Collect$$$$00002712) refers to startup_stm32f072xb.o(STACK) for __initial_sp
    entry2.o(__vectab_stack_and_reset_area) refers to startup_stm32f072xb.o(STACK) for __initial_sp
    entry2.o(__vectab_stack_and_reset_area) refers to entry.o(.ARM.Collect$$$$00000000) for __main
    entry5.o(.ARM.Collect$$$$00000004) refers to init.o(.text) for __scatterload
    entry9a.o(.ARM.Collect$$$$0000000B) refers to main.o(i.main) for main
    entry9b.o(.ARM.Collect$$$$0000000C) refers to main.o(i.main) for main
    init.o(.text) refers to entry5.o(.ARM.Collect$$$$00000004) for __main_after_scatterload


==============================================================================

Removing Unused input sections from the image.

    Removing diskio.o(.rev16_text), (4 bytes).
    Removing diskio.o(.revsh_text), (4 bytes).
    Removing diskio.o(i.get_fattime), (4 bytes).
    Removing ff_gen_drv.o(.rev16_text), (4 bytes).
    Removing ff_gen_drv.o(.revsh_text), (4 bytes).
    Removing ff_gen_drv.o(i.FATFS_GetAttachedDriversNbr), (12 bytes).
    Removing ff.o(.rev16_text), (4 bytes).
    Removing ff.o(.revsh_text), (4 bytes).
    Removing ff.o(i.dir_read), (104 bytes).
    Removing ff.o(i.dir_remove), (62 bytes).
    Removing ff.o(i.f_chmod), (88 bytes).
    Removing ff.o(i.f_closedir), (40 bytes).
    Removing ff.o(i.f_getfree), (244 bytes).
    Removing ff.o(i.f_gets), (72 bytes).
    Removing ff.o(i.f_lseek), (610 bytes).
    Removing ff.o(i.f_mkdir), (360 bytes).
    Removing ff.o(i.f_opendir), (146 bytes).
    Removing ff.o(i.f_printf), (488 bytes).
    Removing ff.o(i.f_putc), (62 bytes).
    Removing ff.o(i.f_puts), (72 bytes).
    Removing ff.o(i.f_readdir), (86 bytes).
    Removing ff.o(i.f_rename), (294 bytes).
    Removing ff.o(i.f_stat), (68 bytes).
    Removing ff.o(i.f_truncate), (200 bytes).
    Removing ff.o(i.f_unlink), (182 bytes).
    Removing ff.o(i.f_utime), (92 bytes).
    Removing ff.o(i.get_fileinfo), (102 bytes).
    Removing ff.o(i.putc_bfd), (70 bytes).
    Removing syscall.o(.rev16_text), (4 bytes).
    Removing syscall.o(.revsh_text), (4 bytes).
    Removing unicode.o(.rev16_text), (4 bytes).
    Removing unicode.o(.revsh_text), (4 bytes).
    Removing startup_stm32f072xb.o(HEAP), (768 bytes).
    Removing stm32f0xx_it.o(.rev16_text), (4 bytes).
    Removing stm32f0xx_it.o(.revsh_text), (4 bytes).
    Removing main.o(.rev16_text), (4 bytes).
    Removing main.o(.revsh_text), (4 bytes).
    Removing main.o(i.HAL_GPIO_EXTI_Callback), (16 bytes).
    Removing stm32072b_eval.o(.rev16_text), (4 bytes).
    Removing stm32072b_eval.o(.revsh_text), (4 bytes).
    Removing stm32072b_eval.o(i.BSP_COM_Init), (156 bytes).
    Removing stm32072b_eval.o(i.BSP_GetVersion), (8 bytes).
    Removing stm32072b_eval.o(i.BSP_JOY_GetState), (48 bytes).
    Removing stm32072b_eval.o(i.BSP_JOY_Init), (180 bytes).
    Removing stm32072b_eval.o(i.BSP_LED_Off), (32 bytes).
    Removing stm32072b_eval.o(i.BSP_LED_Toggle), (28 bytes).
    Removing stm32072b_eval.o(i.BSP_PB_GetState), (28 bytes).
    Removing stm32072b_eval.o(i.BSP_PB_Init), (120 bytes).
    Removing stm32072b_eval.o(i.EEPROM_IO_Init), (8 bytes).
    Removing stm32072b_eval.o(i.EEPROM_IO_IsDeviceReady), (8 bytes).
    Removing stm32072b_eval.o(i.EEPROM_IO_ReadData), (18 bytes).
    Removing stm32072b_eval.o(i.EEPROM_IO_WriteData), (18 bytes).
    Removing stm32072b_eval.o(i.HDMI_CEC_IO_Init), (172 bytes).
    Removing stm32072b_eval.o(i.HDMI_CEC_IO_ReadData), (48 bytes).
    Removing stm32072b_eval.o(i.HDMI_CEC_IO_WriteData), (36 bytes).
    Removing stm32072b_eval.o(i.I2C1_Error), (20 bytes).
    Removing stm32072b_eval.o(i.I2C1_Init), (64 bytes).
    Removing stm32072b_eval.o(i.I2C1_IsDeviceReady), (28 bytes).
    Removing stm32072b_eval.o(i.I2C1_MspInit), (104 bytes).
    Removing stm32072b_eval.o(i.I2C1_ReadBuffer), (48 bytes).
    Removing stm32072b_eval.o(i.I2C1_WriteBuffer), (48 bytes).
    Removing stm32072b_eval.o(i.I2C2_Init), (64 bytes).
    Removing stm32072b_eval.o(i.I2C2_MspInit), (92 bytes).
    Removing stm32072b_eval.o(i.LCD_Delay), (8 bytes).
    Removing stm32072b_eval.o(i.LCD_IO_Init), (84 bytes).
    Removing stm32072b_eval.o(i.LCD_IO_ReadData), (68 bytes).
    Removing stm32072b_eval.o(i.LCD_IO_WriteMultipleData), (100 bytes).
    Removing stm32072b_eval.o(i.LCD_IO_WriteReg), (52 bytes).
    Removing stm32072b_eval.o(i.TSENSOR_IO_Init), (8 bytes).
    Removing stm32072b_eval.o(i.TSENSOR_IO_IsDeviceReady), (8 bytes).
    Removing stm32072b_eval.o(i.TSENSOR_IO_Read), (18 bytes).
    Removing stm32072b_eval.o(i.TSENSOR_IO_Write), (18 bytes).
    Removing stm32072b_eval_sd.o(.rev16_text), (4 bytes).
    Removing stm32072b_eval_sd.o(.revsh_text), (4 bytes).
    Removing stm32072b_eval_sd.o(i.BSP_SD_Erase), (68 bytes).
    Removing sd_diskio.o(.rev16_text), (4 bytes).
    Removing sd_diskio.o(.revsh_text), (4 bytes).
    Removing system_stm32f0xx.o(.rev16_text), (4 bytes).
    Removing system_stm32f0xx.o(.revsh_text), (4 bytes).
    Removing system_stm32f0xx.o(i.SystemCoreClockUpdate), (112 bytes).
    Removing system_stm32f0xx.o(.constdata), (16 bytes).
    Removing stm32f0xx_hal_spi.o(.rev16_text), (4 bytes).
    Removing stm32f0xx_hal_spi.o(.revsh_text), (4 bytes).
    Removing stm32f0xx_hal_spi.o(i.HAL_SPI_DMAPause), (34 bytes).
    Removing stm32f0xx_hal_spi.o(i.HAL_SPI_DMAResume), (34 bytes).
    Removing stm32f0xx_hal_spi.o(i.HAL_SPI_DMAStop), (44 bytes).
    Removing stm32f0xx_hal_spi.o(i.HAL_SPI_ErrorCallback), (2 bytes).
    Removing stm32f0xx_hal_spi.o(i.HAL_SPI_GetError), (4 bytes).
    Removing stm32f0xx_hal_spi.o(i.HAL_SPI_IRQHandler), (138 bytes).
    Removing stm32f0xx_hal_spi.o(i.HAL_SPI_Receive), (560 bytes).
    Removing stm32f0xx_hal_spi.o(i.HAL_SPI_Receive_DMA), (276 bytes).
    Removing stm32f0xx_hal_spi.o(i.HAL_SPI_Receive_IT), (252 bytes).
    Removing stm32f0xx_hal_spi.o(i.HAL_SPI_RxCpltCallback), (2 bytes).
    Removing stm32f0xx_hal_spi.o(i.HAL_SPI_RxHalfCpltCallback), (2 bytes).
    Removing stm32f0xx_hal_spi.o(i.HAL_SPI_TransmitReceive_DMA), (424 bytes).
    Removing stm32f0xx_hal_spi.o(i.HAL_SPI_TransmitReceive_IT), (276 bytes).
    Removing stm32f0xx_hal_spi.o(i.HAL_SPI_Transmit_DMA), (260 bytes).
    Removing stm32f0xx_hal_spi.o(i.HAL_SPI_Transmit_IT), (180 bytes).
    Removing stm32f0xx_hal_spi.o(i.HAL_SPI_TxCpltCallback), (2 bytes).
    Removing stm32f0xx_hal_spi.o(i.HAL_SPI_TxHalfCpltCallback), (2 bytes).
    Removing stm32f0xx_hal_spi.o(i.HAL_SPI_TxRxCpltCallback), (2 bytes).
    Removing stm32f0xx_hal_spi.o(i.HAL_SPI_TxRxHalfCpltCallback), (2 bytes).
    Removing stm32f0xx_hal_spi.o(i.SPI_2linesRxISR_16BIT), (76 bytes).
    Removing stm32f0xx_hal_spi.o(i.SPI_2linesRxISR_16BITCRC), (26 bytes).
    Removing stm32f0xx_hal_spi.o(i.SPI_2linesRxISR_8BIT), (120 bytes).
    Removing stm32f0xx_hal_spi.o(i.SPI_2linesRxISR_8BITCRC), (40 bytes).
    Removing stm32f0xx_hal_spi.o(i.SPI_2linesTxISR_16BIT), (74 bytes).
    Removing stm32f0xx_hal_spi.o(i.SPI_2linesTxISR_8BIT), (94 bytes).
    Removing stm32f0xx_hal_spi.o(i.SPI_CloseRxTx_ISR), (108 bytes).
    Removing stm32f0xx_hal_spi.o(i.SPI_CloseRx_ISR), (92 bytes).
    Removing stm32f0xx_hal_spi.o(i.SPI_CloseTx_ISR), (74 bytes).
    Removing stm32f0xx_hal_spi.o(i.SPI_DMAError), (34 bytes).
    Removing stm32f0xx_hal_spi.o(i.SPI_DMAHalfReceiveCplt), (10 bytes).
    Removing stm32f0xx_hal_spi.o(i.SPI_DMAHalfTransmitCplt), (10 bytes).
    Removing stm32f0xx_hal_spi.o(i.SPI_DMAHalfTransmitReceiveCplt), (10 bytes).
    Removing stm32f0xx_hal_spi.o(i.SPI_DMAReceiveCplt), (204 bytes).
    Removing stm32f0xx_hal_spi.o(i.SPI_DMATransmitCplt), (84 bytes).
    Removing stm32f0xx_hal_spi.o(i.SPI_DMATransmitReceiveCplt), (200 bytes).
    Removing stm32f0xx_hal_spi.o(i.SPI_EndRxTransaction), (110 bytes).
    Removing stm32f0xx_hal_spi.o(i.SPI_RxISR_16BIT), (80 bytes).
    Removing stm32f0xx_hal_spi.o(i.SPI_RxISR_16BITCRC), (26 bytes).
    Removing stm32f0xx_hal_spi.o(i.SPI_RxISR_8BIT), (80 bytes).
    Removing stm32f0xx_hal_spi.o(i.SPI_RxISR_8BITCRC), (26 bytes).
    Removing stm32f0xx_hal_spi.o(i.SPI_TxISR_16BIT), (56 bytes).
    Removing stm32f0xx_hal_spi.o(i.SPI_TxISR_8BIT), (54 bytes).
    Removing stm32f0xx_hal_gpio.o(.rev16_text), (4 bytes).
    Removing stm32f0xx_hal_gpio.o(.revsh_text), (4 bytes).
    Removing stm32f0xx_hal_gpio.o(i.HAL_GPIO_DeInit), (228 bytes).
    Removing stm32f0xx_hal_gpio.o(i.HAL_GPIO_EXTI_Callback), (2 bytes).
    Removing stm32f0xx_hal_gpio.o(i.HAL_GPIO_EXTI_IRQHandler), (24 bytes).
    Removing stm32f0xx_hal_gpio.o(i.HAL_GPIO_LockPin), (36 bytes).
    Removing stm32f0xx_hal_gpio.o(i.HAL_GPIO_TogglePin), (8 bytes).
    Removing stm32f0xx_hal_dma.o(.rev16_text), (4 bytes).
    Removing stm32f0xx_hal_dma.o(.revsh_text), (4 bytes).
    Removing stm32f0xx_hal_dma.o(i.DMA_SetConfig), (30 bytes).
    Removing stm32f0xx_hal_dma.o(i.HAL_DMA_Abort), (76 bytes).
    Removing stm32f0xx_hal_dma.o(i.HAL_DMA_DeInit), (304 bytes).
    Removing stm32f0xx_hal_dma.o(i.HAL_DMA_GetError), (4 bytes).
    Removing stm32f0xx_hal_dma.o(i.HAL_DMA_GetState), (6 bytes).
    Removing stm32f0xx_hal_dma.o(i.HAL_DMA_IRQHandler), (644 bytes).
    Removing stm32f0xx_hal_dma.o(i.HAL_DMA_Init), (84 bytes).
    Removing stm32f0xx_hal_dma.o(i.HAL_DMA_PollForTransfer), (616 bytes).
    Removing stm32f0xx_hal_dma.o(i.HAL_DMA_Start), (50 bytes).
    Removing stm32f0xx_hal_dma.o(i.HAL_DMA_Start_IT), (78 bytes).
    Removing stm32f0xx_hal.o(.rev16_text), (4 bytes).
    Removing stm32f0xx_hal.o(.revsh_text), (4 bytes).
    Removing stm32f0xx_hal.o(i.HAL_DBGMCU_DisableDBGStandbyMode), (16 bytes).
    Removing stm32f0xx_hal.o(i.HAL_DBGMCU_DisableDBGStopMode), (16 bytes).
    Removing stm32f0xx_hal.o(i.HAL_DBGMCU_EnableDBGStandbyMode), (16 bytes).
    Removing stm32f0xx_hal.o(i.HAL_DBGMCU_EnableDBGStopMode), (16 bytes).
    Removing stm32f0xx_hal.o(i.HAL_DeInit), (36 bytes).
    Removing stm32f0xx_hal.o(i.HAL_Delay), (22 bytes).
    Removing stm32f0xx_hal.o(i.HAL_GetDEVID), (16 bytes).
    Removing stm32f0xx_hal.o(i.HAL_GetHalVersion), (8 bytes).
    Removing stm32f0xx_hal.o(i.HAL_GetREVID), (12 bytes).
    Removing stm32f0xx_hal.o(i.HAL_MspDeInit), (2 bytes).
    Removing stm32f0xx_hal.o(i.HAL_ResumeTick), (16 bytes).
    Removing stm32f0xx_hal.o(i.HAL_SuspendTick), (16 bytes).
    Removing stm32f0xx_hal_uart_ex.o(.rev16_text), (4 bytes).
    Removing stm32f0xx_hal_uart_ex.o(.revsh_text), (4 bytes).
    Removing stm32f0xx_hal_uart_ex.o(i.HAL_LIN_Init), (146 bytes).
    Removing stm32f0xx_hal_uart_ex.o(i.HAL_LIN_SendBreak), (40 bytes).
    Removing stm32f0xx_hal_uart_ex.o(i.HAL_MultiProcessorEx_AddressLength_Set), (54 bytes).
    Removing stm32f0xx_hal_uart_ex.o(i.HAL_RS485Ex_Init), (144 bytes).
    Removing stm32f0xx_hal_uart_ex.o(i.HAL_UARTEx_DisableStopMode), (40 bytes).
    Removing stm32f0xx_hal_uart_ex.o(i.HAL_UARTEx_EnableStopMode), (40 bytes).
    Removing stm32f0xx_hal_uart_ex.o(i.HAL_UARTEx_StopModeWakeUpSourceConfig), (140 bytes).
    Removing stm32f0xx_hal_uart_ex.o(i.HAL_UARTEx_WakeupCallback), (2 bytes).
    Removing stm32f0xx_hal_uart_ex.o(i.HAL_UART_IRQHandler), (228 bytes).
    Removing stm32f0xx_hal_cortex.o(.rev16_text), (4 bytes).
    Removing stm32f0xx_hal_cortex.o(.revsh_text), (4 bytes).
    Removing stm32f0xx_hal_cortex.o(i.HAL_NVIC_ClearPendingIRQ), (20 bytes).
    Removing stm32f0xx_hal_cortex.o(i.HAL_NVIC_DisableIRQ), (20 bytes).
    Removing stm32f0xx_hal_cortex.o(i.HAL_NVIC_GetPendingIRQ), (28 bytes).
    Removing stm32f0xx_hal_cortex.o(i.HAL_NVIC_GetPriority), (52 bytes).
    Removing stm32f0xx_hal_cortex.o(i.HAL_NVIC_SetPendingIRQ), (20 bytes).
    Removing stm32f0xx_hal_cortex.o(i.HAL_NVIC_SystemReset), (28 bytes).
    Removing stm32f0xx_hal_cortex.o(i.HAL_SYSTICK_CLKSourceConfig), (24 bytes).
    Removing stm32f0xx_hal_cortex.o(i.HAL_SYSTICK_Callback), (2 bytes).
    Removing stm32f0xx_hal_cortex.o(i.HAL_SYSTICK_IRQHandler), (8 bytes).
    Removing stm32f0xx_hal_rcc.o(.rev16_text), (4 bytes).
    Removing stm32f0xx_hal_rcc.o(.revsh_text), (4 bytes).
    Removing stm32f0xx_hal_rcc.o(i.HAL_RCC_CSSCallback), (2 bytes).
    Removing stm32f0xx_hal_rcc.o(i.HAL_RCC_DeInit), (60 bytes).
    Removing stm32f0xx_hal_rcc.o(i.HAL_RCC_DisableCSS), (20 bytes).
    Removing stm32f0xx_hal_rcc.o(i.HAL_RCC_EnableCSS), (20 bytes).
    Removing stm32f0xx_hal_rcc.o(i.HAL_RCC_GetClockConfig), (56 bytes).
    Removing stm32f0xx_hal_rcc.o(i.HAL_RCC_GetOscConfig), (168 bytes).
    Removing stm32f0xx_hal_rcc.o(i.HAL_RCC_GetPCLK1Freq), (32 bytes).
    Removing stm32f0xx_hal_rcc.o(i.HAL_RCC_MCOConfig), (84 bytes).
    Removing stm32f0xx_hal_rcc.o(i.HAL_RCC_NMI_IRQHandler), (24 bytes).
    Removing stm32f0xx_hal_rcc_ex.o(.rev16_text), (4 bytes).
    Removing stm32f0xx_hal_rcc_ex.o(.revsh_text), (4 bytes).
    Removing stm32f0xx_hal_rcc_ex.o(i.HAL_RCCEx_CRSConfig), (124 bytes).
    Removing stm32f0xx_hal_rcc_ex.o(i.HAL_RCCEx_CRSGetSynchronizationInfo), (40 bytes).
    Removing stm32f0xx_hal_rcc_ex.o(i.HAL_RCCEx_CRSSoftwareSynchronizationGenerate), (16 bytes).
    Removing stm32f0xx_hal_rcc_ex.o(i.HAL_RCCEx_CRSWaitSynchronization), (120 bytes).
    Removing stm32f0xx_hal_rcc_ex.o(i.HAL_RCCEx_GetPeriphCLKConfig), (92 bytes).
    Removing stm32f0xx_hal_rcc_ex.o(i.HAL_RCCEx_GetPeriphCLKFreq), (308 bytes).
    Removing stm32f0xx_hal_rcc_ex.o(i.HAL_RCCEx_PeriphCLKConfig), (252 bytes).
    Removing stm32f0xx_hal_i2c.o(.rev16_text), (4 bytes).
    Removing stm32f0xx_hal_i2c.o(.revsh_text), (4 bytes).
    Removing stm32f0xx_hal_i2c.o(i.HAL_I2C_DeInit), (50 bytes).
    Removing stm32f0xx_hal_i2c.o(i.HAL_I2C_ER_IRQHandler), (112 bytes).
    Removing stm32f0xx_hal_i2c.o(i.HAL_I2C_EV_IRQHandler), (290 bytes).
    Removing stm32f0xx_hal_i2c.o(i.HAL_I2C_ErrorCallback), (2 bytes).
    Removing stm32f0xx_hal_i2c.o(i.HAL_I2C_GetError), (4 bytes).
    Removing stm32f0xx_hal_i2c.o(i.HAL_I2C_GetMode), (6 bytes).
    Removing stm32f0xx_hal_i2c.o(i.HAL_I2C_GetState), (6 bytes).
    Removing stm32f0xx_hal_i2c.o(i.HAL_I2C_Init), (168 bytes).
    Removing stm32f0xx_hal_i2c.o(i.HAL_I2C_IsDeviceReady), (280 bytes).
    Removing stm32f0xx_hal_i2c.o(i.HAL_I2C_MasterRxCpltCallback), (2 bytes).
    Removing stm32f0xx_hal_i2c.o(i.HAL_I2C_MasterTxCpltCallback), (2 bytes).
    Removing stm32f0xx_hal_i2c.o(i.HAL_I2C_Master_Receive), (284 bytes).
    Removing stm32f0xx_hal_i2c.o(i.HAL_I2C_Master_Receive_DMA), (248 bytes).
    Removing stm32f0xx_hal_i2c.o(i.HAL_I2C_Master_Receive_IT), (124 bytes).
    Removing stm32f0xx_hal_i2c.o(i.HAL_I2C_Master_Transmit), (252 bytes).
    Removing stm32f0xx_hal_i2c.o(i.HAL_I2C_Master_Transmit_DMA), (268 bytes).
    Removing stm32f0xx_hal_i2c.o(i.HAL_I2C_Master_Transmit_IT), (122 bytes).
    Removing stm32f0xx_hal_i2c.o(i.HAL_I2C_MemRxCpltCallback), (2 bytes).
    Removing stm32f0xx_hal_i2c.o(i.HAL_I2C_MemTxCpltCallback), (2 bytes).
    Removing stm32f0xx_hal_i2c.o(i.HAL_I2C_Mem_Read), (280 bytes).
    Removing stm32f0xx_hal_i2c.o(i.HAL_I2C_Mem_Read_DMA), (224 bytes).
    Removing stm32f0xx_hal_i2c.o(i.HAL_I2C_Mem_Read_IT), (164 bytes).
    Removing stm32f0xx_hal_i2c.o(i.HAL_I2C_Mem_Write), (268 bytes).
    Removing stm32f0xx_hal_i2c.o(i.HAL_I2C_Mem_Write_DMA), (224 bytes).
    Removing stm32f0xx_hal_i2c.o(i.HAL_I2C_Mem_Write_IT), (162 bytes).
    Removing stm32f0xx_hal_i2c.o(i.HAL_I2C_MspDeInit), (2 bytes).
    Removing stm32f0xx_hal_i2c.o(i.HAL_I2C_MspInit), (2 bytes).
    Removing stm32f0xx_hal_i2c.o(i.HAL_I2C_SlaveRxCpltCallback), (2 bytes).
    Removing stm32f0xx_hal_i2c.o(i.HAL_I2C_SlaveTxCpltCallback), (2 bytes).
    Removing stm32f0xx_hal_i2c.o(i.HAL_I2C_Slave_Receive), (280 bytes).
    Removing stm32f0xx_hal_i2c.o(i.HAL_I2C_Slave_Receive_DMA), (176 bytes).
    Removing stm32f0xx_hal_i2c.o(i.HAL_I2C_Slave_Receive_IT), (84 bytes).
    Removing stm32f0xx_hal_i2c.o(i.HAL_I2C_Slave_Transmit), (274 bytes).
    Removing stm32f0xx_hal_i2c.o(i.HAL_I2C_Slave_Transmit_DMA), (208 bytes).
    Removing stm32f0xx_hal_i2c.o(i.HAL_I2C_Slave_Transmit_IT), (84 bytes).
    Removing stm32f0xx_hal_i2c.o(i.I2C_DMAError), (42 bytes).
    Removing stm32f0xx_hal_i2c.o(i.I2C_DMAMasterReceiveCplt), (340 bytes).
    Removing stm32f0xx_hal_i2c.o(i.I2C_DMAMasterTransmitCplt), (324 bytes).
    Removing stm32f0xx_hal_i2c.o(i.I2C_DMAMemReceiveCplt), (340 bytes).
    Removing stm32f0xx_hal_i2c.o(i.I2C_DMAMemTransmitCplt), (368 bytes).
    Removing stm32f0xx_hal_i2c.o(i.I2C_DMASlaveReceiveCplt), (112 bytes).
    Removing stm32f0xx_hal_i2c.o(i.I2C_DMASlaveTransmitCplt), (104 bytes).
    Removing stm32f0xx_hal_i2c.o(i.I2C_IsAcknowledgeFailed), (132 bytes).
    Removing stm32f0xx_hal_i2c.o(i.I2C_MasterReceive_ISR), (296 bytes).
    Removing stm32f0xx_hal_i2c.o(i.I2C_MasterTransmit_ISR), (316 bytes).
    Removing stm32f0xx_hal_i2c.o(i.I2C_RequestMemoryRead), (100 bytes).
    Removing stm32f0xx_hal_i2c.o(i.I2C_RequestMemoryWrite), (100 bytes).
    Removing stm32f0xx_hal_i2c.o(i.I2C_SlaveReceive_ISR), (150 bytes).
    Removing stm32f0xx_hal_i2c.o(i.I2C_SlaveTransmit_ISR), (160 bytes).
    Removing stm32f0xx_hal_i2c.o(i.I2C_TransferConfig), (36 bytes).
    Removing stm32f0xx_hal_i2c.o(i.I2C_WaitOnFlagUntilTimeout), (110 bytes).
    Removing stm32f0xx_hal_i2c.o(i.I2C_WaitOnRXNEFlagUntilTimeout), (124 bytes).
    Removing stm32f0xx_hal_i2c.o(i.I2C_WaitOnSTOPFlagUntilTimeout), (80 bytes).
    Removing stm32f0xx_hal_i2c.o(i.I2C_WaitOnTXISFlagUntilTimeout), (84 bytes).
    Removing stm32f0xx_hal_uart.o(.rev16_text), (4 bytes).
    Removing stm32f0xx_hal_uart.o(.revsh_text), (4 bytes).
    Removing stm32f0xx_hal_uart.o(i.HAL_HalfDuplex_EnableReceiver), (52 bytes).
    Removing stm32f0xx_hal_uart.o(i.HAL_HalfDuplex_EnableTransmitter), (52 bytes).
    Removing stm32f0xx_hal_uart.o(i.HAL_HalfDuplex_Init), (118 bytes).
    Removing stm32f0xx_hal_uart.o(i.HAL_MultiProcessor_DisableMuteMode), (42 bytes).
    Removing stm32f0xx_hal_uart.o(i.HAL_MultiProcessor_EnableMuteMode), (42 bytes).
    Removing stm32f0xx_hal_uart.o(i.HAL_MultiProcessor_EnterMuteMode), (12 bytes).
    Removing stm32f0xx_hal_uart.o(i.HAL_MultiProcessor_Init), (144 bytes).
    Removing stm32f0xx_hal_uart.o(i.HAL_UART_DMAPause), (78 bytes).
    Removing stm32f0xx_hal_uart.o(i.HAL_UART_DMAResume), (88 bytes).
    Removing stm32f0xx_hal_uart.o(i.HAL_UART_DMAStop), (54 bytes).
    Removing stm32f0xx_hal_uart.o(i.HAL_UART_DeInit), (60 bytes).
    Removing stm32f0xx_hal_uart.o(i.HAL_UART_ErrorCallback), (2 bytes).
    Removing stm32f0xx_hal_uart.o(i.HAL_UART_GetError), (4 bytes).
    Removing stm32f0xx_hal_uart.o(i.HAL_UART_GetState), (6 bytes).
    Removing stm32f0xx_hal_uart.o(i.HAL_UART_Init), (108 bytes).
    Removing stm32f0xx_hal_uart.o(i.HAL_UART_MspDeInit), (2 bytes).
    Removing stm32f0xx_hal_uart.o(i.HAL_UART_MspInit), (2 bytes).
    Removing stm32f0xx_hal_uart.o(i.HAL_UART_Receive), (244 bytes).
    Removing stm32f0xx_hal_uart.o(i.HAL_UART_Receive_DMA), (132 bytes).
    Removing stm32f0xx_hal_uart.o(i.HAL_UART_Receive_IT), (172 bytes).
    Removing stm32f0xx_hal_uart.o(i.HAL_UART_RxCpltCallback), (2 bytes).
    Removing stm32f0xx_hal_uart.o(i.HAL_UART_RxHalfCpltCallback), (2 bytes).
    Removing stm32f0xx_hal_uart.o(i.HAL_UART_Transmit), (186 bytes).
    Removing stm32f0xx_hal_uart.o(i.HAL_UART_Transmit_DMA), (140 bytes).
    Removing stm32f0xx_hal_uart.o(i.HAL_UART_Transmit_IT), (88 bytes).
    Removing stm32f0xx_hal_uart.o(i.HAL_UART_TxCpltCallback), (2 bytes).
    Removing stm32f0xx_hal_uart.o(i.HAL_UART_TxHalfCpltCallback), (2 bytes).
    Removing stm32f0xx_hal_uart.o(i.UART_AdvFeatureConfig), (202 bytes).
    Removing stm32f0xx_hal_uart.o(i.UART_CheckIdleState), (104 bytes).
    Removing stm32f0xx_hal_uart.o(i.UART_DMAError), (34 bytes).
    Removing stm32f0xx_hal_uart.o(i.UART_DMAReceiveCplt), (54 bytes).
    Removing stm32f0xx_hal_uart.o(i.UART_DMARxHalfCplt), (10 bytes).
    Removing stm32f0xx_hal_uart.o(i.UART_DMATransmitCplt), (48 bytes).
    Removing stm32f0xx_hal_uart.o(i.UART_DMATxHalfCplt), (10 bytes).
    Removing stm32f0xx_hal_uart.o(i.UART_EndTransmit_IT), (38 bytes).
    Removing stm32f0xx_hal_uart.o(i.UART_Receive_IT), (142 bytes).
    Removing stm32f0xx_hal_uart.o(i.UART_SetConfig), (336 bytes).
    Removing stm32f0xx_hal_uart.o(i.UART_Transmit_IT), (110 bytes).
    Removing stm32f0xx_hal_uart.o(i.UART_WaitOnFlagUntilTimeout), (174 bytes).

297 unused section(s) (total 26442 bytes) removed from the image.

==============================================================================

Image Symbol Table

    Local Symbols

    Symbol Name                              Value     Ov Type        Size  Object(Section)

    ../clib/microlib/division.c              0x00000000   Number         0  uidiv.o ABSOLUTE
    ../clib/microlib/init/entry.s            0x00000000   Number         0  entry7b.o ABSOLUTE
    ../clib/microlib/init/entry.s            0x00000000   Number         0  entry11b.o ABSOLUTE
    ../clib/microlib/init/entry.s            0x00000000   Number         0  entry11a.o ABSOLUTE
    ../clib/microlib/init/entry.s            0x00000000   Number         0  entry5.o ABSOLUTE
    ../clib/microlib/init/entry.s            0x00000000   Number         0  entry10b.o ABSOLUTE
    ../clib/microlib/init/entry.s            0x00000000   Number         0  entry10a.o ABSOLUTE
    ../clib/microlib/init/entry.s            0x00000000   Number         0  entry9b.o ABSOLUTE
    ../clib/microlib/init/entry.s            0x00000000   Number         0  entry7a.o ABSOLUTE
    ../clib/microlib/init/entry.s            0x00000000   Number         0  entry.o ABSOLUTE
    ../clib/microlib/init/entry.s            0x00000000   Number         0  entry9a.o ABSOLUTE
    ../clib/microlib/init/entry.s            0x00000000   Number         0  entry2.o ABSOLUTE
    ../clib/microlib/init/entry.s            0x00000000   Number         0  entry8b.o ABSOLUTE
    ../clib/microlib/init/entry.s            0x00000000   Number         0  entry8a.o ABSOLUTE
    ../clib/microlib/string/memcpy.c         0x00000000   Number         0  memcpya.o ABSOLUTE
    ../clib/microlib/string/memcpy.c         0x00000000   Number         0  memcpyb.o ABSOLUTE
    ../clib/microlib/string/memset.c         0x00000000   Number         0  memseta.o ABSOLUTE
    ../clib/microlib/unhosted.c              0x00000000   Number         0  uread4.o ABSOLUTE
    ..\..\..\..\..\..\Drivers\BSP\STM32072B_EVAL\stm32072b_eval.c 0x00000000   Number         0  stm32072b_eval.o ABSOLUTE
    ..\..\..\..\..\..\Drivers\BSP\STM32072B_EVAL\stm32072b_eval_sd.c 0x00000000   Number         0  stm32072b_eval_sd.o ABSOLUTE
    ..\..\..\..\..\..\Drivers\STM32F0xx_HAL_Driver\Src\stm32f0xx_hal.c 0x00000000   Number         0  stm32f0xx_hal.o ABSOLUTE
    ..\..\..\..\..\..\Drivers\STM32F0xx_HAL_Driver\Src\stm32f0xx_hal_cortex.c 0x00000000   Number         0  stm32f0xx_hal_cortex.o ABSOLUTE
    ..\..\..\..\..\..\Drivers\STM32F0xx_HAL_Driver\Src\stm32f0xx_hal_dma.c 0x00000000   Number         0  stm32f0xx_hal_dma.o ABSOLUTE
    ..\..\..\..\..\..\Drivers\STM32F0xx_HAL_Driver\Src\stm32f0xx_hal_gpio.c 0x00000000   Number         0  stm32f0xx_hal_gpio.o ABSOLUTE
    ..\..\..\..\..\..\Drivers\STM32F0xx_HAL_Driver\Src\stm32f0xx_hal_i2c.c 0x00000000   Number         0  stm32f0xx_hal_i2c.o ABSOLUTE
    ..\..\..\..\..\..\Drivers\STM32F0xx_HAL_Driver\Src\stm32f0xx_hal_rcc.c 0x00000000   Number         0  stm32f0xx_hal_rcc.o ABSOLUTE
    ..\..\..\..\..\..\Drivers\STM32F0xx_HAL_Driver\Src\stm32f0xx_hal_rcc_ex.c 0x00000000   Number         0  stm32f0xx_hal_rcc_ex.o ABSOLUTE
    ..\..\..\..\..\..\Drivers\STM32F0xx_HAL_Driver\Src\stm32f0xx_hal_spi.c 0x00000000   Number         0  stm32f0xx_hal_spi.o ABSOLUTE
    ..\..\..\..\..\..\Drivers\STM32F0xx_HAL_Driver\Src\stm32f0xx_hal_uart.c 0x00000000   Number         0  stm32f0xx_hal_uart.o ABSOLUTE
    ..\..\..\..\..\..\Drivers\STM32F0xx_HAL_Driver\Src\stm32f0xx_hal_uart_ex.c 0x00000000   Number         0  stm32f0xx_hal_uart_ex.o ABSOLUTE
    ..\..\..\..\..\..\Middlewares\Third_Party\FatFs\src\diskio.c 0x00000000   Number         0  diskio.o ABSOLUTE
    ..\..\..\..\..\..\Middlewares\Third_Party\FatFs\src\drivers\sd_diskio.c 0x00000000   Number         0  sd_diskio.o ABSOLUTE
    ..\..\..\..\..\..\Middlewares\Third_Party\FatFs\src\ff.c 0x00000000   Number         0  ff.o ABSOLUTE
    ..\..\..\..\..\..\Middlewares\Third_Party\FatFs\src\ff_gen_drv.c 0x00000000   Number         0  ff_gen_drv.o ABSOLUTE
    ..\..\..\..\..\..\Middlewares\Third_Party\FatFs\src\option\syscall.c 0x00000000   Number         0  syscall.o ABSOLUTE
    ..\..\..\..\..\..\Middlewares\Third_Party\FatFs\src\option\unicode.c 0x00000000   Number         0  unicode.o ABSOLUTE
    ..\Src\main.c                            0x00000000   Number         0  main.o ABSOLUTE
    ..\Src\stm32f0xx_it.c                    0x00000000   Number         0  stm32f0xx_it.o ABSOLUTE
    ..\Src\system_stm32f0xx.c                0x00000000   Number         0  system_stm32f0xx.o ABSOLUTE
    ..\\..\\..\\..\\..\\..\\Drivers\\BSP\\STM32072B_EVAL\\stm32072b_eval.c 0x00000000   Number         0  stm32072b_eval.o ABSOLUTE
    ..\\..\\..\\..\\..\\..\\Drivers\\BSP\\STM32072B_EVAL\\stm32072b_eval_sd.c 0x00000000   Number         0  stm32072b_eval_sd.o ABSOLUTE
    ..\\..\\..\\..\\..\\..\\Drivers\\STM32F0xx_HAL_Driver\\Src\\stm32f0xx_hal.c 0x00000000   Number         0  stm32f0xx_hal.o ABSOLUTE
    ..\\..\\..\\..\\..\\..\\Drivers\\STM32F0xx_HAL_Driver\\Src\\stm32f0xx_hal_cortex.c 0x00000000   Number         0  stm32f0xx_hal_cortex.o ABSOLUTE
    ..\\..\\..\\..\\..\\..\\Drivers\\STM32F0xx_HAL_Driver\\Src\\stm32f0xx_hal_dma.c 0x00000000   Number         0  stm32f0xx_hal_dma.o ABSOLUTE
    ..\\..\\..\\..\\..\\..\\Drivers\\STM32F0xx_HAL_Driver\\Src\\stm32f0xx_hal_gpio.c 0x00000000   Number         0  stm32f0xx_hal_gpio.o ABSOLUTE
    ..\\..\\..\\..\\..\\..\\Drivers\\STM32F0xx_HAL_Driver\\Src\\stm32f0xx_hal_i2c.c 0x00000000   Number         0  stm32f0xx_hal_i2c.o ABSOLUTE
    ..\\..\\..\\..\\..\\..\\Drivers\\STM32F0xx_HAL_Driver\\Src\\stm32f0xx_hal_rcc.c 0x00000000   Number         0  stm32f0xx_hal_rcc.o ABSOLUTE
    ..\\..\\..\\..\\..\\..\\Drivers\\STM32F0xx_HAL_Driver\\Src\\stm32f0xx_hal_rcc_ex.c 0x00000000   Number         0  stm32f0xx_hal_rcc_ex.o ABSOLUTE
    ..\\..\\..\\..\\..\\..\\Drivers\\STM32F0xx_HAL_Driver\\Src\\stm32f0xx_hal_spi.c 0x00000000   Number         0  stm32f0xx_hal_spi.o ABSOLUTE
    ..\\..\\..\\..\\..\\..\\Drivers\\STM32F0xx_HAL_Driver\\Src\\stm32f0xx_hal_uart.c 0x00000000   Number         0  stm32f0xx_hal_uart.o ABSOLUTE
    ..\\..\\..\\..\\..\\..\\Drivers\\STM32F0xx_HAL_Driver\\Src\\stm32f0xx_hal_uart_ex.c 0x00000000   Number         0  stm32f0xx_hal_uart_ex.o ABSOLUTE
    ..\\..\\..\\..\\..\\..\\Middlewares\\Third_Party\\FatFs\\src\\diskio.c 0x00000000   Number         0  diskio.o ABSOLUTE
    ..\\..\\..\\..\\..\\..\\Middlewares\\Third_Party\\FatFs\\src\\drivers\\sd_diskio.c 0x00000000   Number         0  sd_diskio.o ABSOLUTE
    ..\\..\\..\\..\\..\\..\\Middlewares\\Third_Party\\FatFs\\src\\ff.c 0x00000000   Number         0  ff.o ABSOLUTE
    ..\\..\\..\\..\\..\\..\\Middlewares\\Third_Party\\FatFs\\src\\ff_gen_drv.c 0x00000000   Number         0  ff_gen_drv.o ABSOLUTE
    ..\\..\\..\\..\\..\\..\\Middlewares\\Third_Party\\FatFs\\src\\option\\syscall.c 0x00000000   Number         0  syscall.o ABSOLUTE
    ..\\..\\..\\..\\..\\..\\Middlewares\\Third_Party\\FatFs\\src\\option\\unicode.c 0x00000000   Number         0  unicode.o ABSOLUTE
    ..\\Src\\main.c                          0x00000000   Number         0  main.o ABSOLUTE
    ..\\Src\\stm32f0xx_it.c                  0x00000000   Number         0  stm32f0xx_it.o ABSOLUTE
    ..\\Src\\system_stm32f0xx.c              0x00000000   Number         0  system_stm32f0xx.o ABSOLUTE
    dc.s                                     0x00000000   Number         0  dc.o ABSOLUTE
    handlers.s                               0x00000000   Number         0  handlers.o ABSOLUTE
    init.s                                   0x00000000   Number         0  init.o ABSOLUTE
    startup_stm32f072xb.s                    0x00000000   Number         0  startup_stm32f072xb.o ABSOLUTE
    RESET                                    0x08000000   Section      192  startup_stm32f072xb.o(RESET)
    .ARM.Collect$$$$00000000                 0x080000c0   Section        0  entry.o(.ARM.Collect$$$$00000000)
    .ARM.Collect$$$$00000001                 0x080000c0   Section        4  entry2.o(.ARM.Collect$$$$00000001)
    .ARM.Collect$$$$00000004                 0x080000c4   Section        4  entry5.o(.ARM.Collect$$$$00000004)
    .ARM.Collect$$$$00000008                 0x080000c8   Section        0  entry7b.o(.ARM.Collect$$$$00000008)
    .ARM.Collect$$$$0000000A                 0x080000c8   Section        0  entry8b.o(.ARM.Collect$$$$0000000A)
    .ARM.Collect$$$$0000000B                 0x080000c8   Section        8  entry9a.o(.ARM.Collect$$$$0000000B)
    .ARM.Collect$$$$0000000D                 0x080000d0   Section        0  entry10a.o(.ARM.Collect$$$$0000000D)
    .ARM.Collect$$$$0000000F                 0x080000d0   Section        0  entry11a.o(.ARM.Collect$$$$0000000F)
    .ARM.Collect$$$$00002712                 0x080000d0   Section        4  entry2.o(.ARM.Collect$$$$00002712)
    __lit__00000000                          0x080000d0   Data           4  entry2.o(.ARM.Collect$$$$00002712)
    .text                                    0x080000d4   Section       28  startup_stm32f072xb.o(.text)
    .text                                    0x080000f0   Section        0  uidiv.o(.text)
    .text                                    0x0800011c   Section        0  memcpya.o(.text)
    .text                                    0x08000140   Section        0  uread4.o(.text)
    .text                                    0x08000154   Section       36  init.o(.text)
    i.BSP_LED_Init                           0x08000178   Section        0  stm32072b_eval.o(i.BSP_LED_Init)
    i.BSP_LED_On                             0x080001d8   Section        0  stm32072b_eval.o(i.BSP_LED_On)
    i.BSP_SD_GetCardInfo                     0x080001f8   Section        0  stm32072b_eval_sd.o(i.BSP_SD_GetCardInfo)
    i.BSP_SD_GetStatus                       0x08000224   Section        0  stm32072b_eval_sd.o(i.BSP_SD_GetStatus)
    i.BSP_SD_Init                            0x08000228   Section        0  stm32072b_eval_sd.o(i.BSP_SD_Init)
    i.BSP_SD_IsDetected                      0x0800026c   Section        0  stm32072b_eval_sd.o(i.BSP_SD_IsDetected)
    i.BSP_SD_ReadBlocks                      0x08000290   Section        0  stm32072b_eval_sd.o(i.BSP_SD_ReadBlocks)
    i.BSP_SD_WriteBlocks                     0x0800030e   Section        0  stm32072b_eval_sd.o(i.BSP_SD_WriteBlocks)
    i.Error_Handler                          0x080003a8   Section        0  main.o(i.Error_Handler)
    Error_Handler                            0x080003a9   Thumb Code     8  main.o(i.Error_Handler)
    i.FATFS_LinkDriver                       0x080003b0   Section        0  ff_gen_drv.o(i.FATFS_LinkDriver)
    i.FATFS_LinkDriverEx                     0x080003bc   Section        0  ff_gen_drv.o(i.FATFS_LinkDriverEx)
    i.FATFS_UnLinkDriver                     0x080003fc   Section        0  ff_gen_drv.o(i.FATFS_UnLinkDriver)
    i.FATFS_UnLinkDriverEx                   0x08000408   Section        0  ff_gen_drv.o(i.FATFS_UnLinkDriverEx)
    i.HAL_GPIO_Init                          0x0800043c   Section        0  stm32f0xx_hal_gpio.o(i.HAL_GPIO_Init)
    i.HAL_GPIO_ReadPin                       0x08000594   Section        0  stm32f0xx_hal_gpio.o(i.HAL_GPIO_ReadPin)
    i.HAL_GPIO_WritePin                      0x0800059e   Section        0  stm32f0xx_hal_gpio.o(i.HAL_GPIO_WritePin)
    i.HAL_GetTick                            0x080005ac   Section        0  stm32f0xx_hal.o(i.HAL_GetTick)
    i.HAL_IncTick                            0x080005b8   Section        0  stm32f0xx_hal.o(i.HAL_IncTick)
    i.HAL_Init                               0x080005c8   Section        0  stm32f0xx_hal.o(i.HAL_Init)
    i.HAL_InitTick                           0x080005e8   Section        0  stm32f0xx_hal.o(i.HAL_InitTick)
    i.HAL_MspInit                            0x0800060a   Section        0  stm32f0xx_hal.o(i.HAL_MspInit)
    i.HAL_NVIC_EnableIRQ                     0x0800060c   Section        0  stm32f0xx_hal_cortex.o(i.HAL_NVIC_EnableIRQ)
    i.HAL_NVIC_SetPriority                   0x08000620   Section        0  stm32f0xx_hal_cortex.o(i.HAL_NVIC_SetPriority)
    i.HAL_RCC_ClockConfig                    0x08000628   Section        0  stm32f0xx_hal_rcc.o(i.HAL_RCC_ClockConfig)
    i.HAL_RCC_GetHCLKFreq                    0x08000760   Section        0  stm32f0xx_hal_rcc.o(i.HAL_RCC_GetHCLKFreq)
    i.HAL_RCC_GetSysClockFreq                0x08000788   Section        0  stm32f0xx_hal_rcc.o(i.HAL_RCC_GetSysClockFreq)
    i.HAL_RCC_OscConfig                      0x08000810   Section        0  stm32f0xx_hal_rcc.o(i.HAL_RCC_OscConfig)
    i.HAL_SPI_DeInit                         0x08000c20   Section        0  stm32f0xx_hal_spi.o(i.HAL_SPI_DeInit)
    i.HAL_SPI_GetState                       0x08000c50   Section        0  stm32f0xx_hal_spi.o(i.HAL_SPI_GetState)
    i.HAL_SPI_Init                           0x08000c58   Section        0  stm32f0xx_hal_spi.o(i.HAL_SPI_Init)
    i.HAL_SPI_MspDeInit                      0x08000d28   Section        0  stm32f0xx_hal_spi.o(i.HAL_SPI_MspDeInit)
    i.HAL_SPI_MspInit                        0x08000d2a   Section        0  stm32f0xx_hal_spi.o(i.HAL_SPI_MspInit)
    i.HAL_SPI_Transmit                       0x08000d2c   Section        0  stm32f0xx_hal_spi.o(i.HAL_SPI_Transmit)
    i.HAL_SPI_TransmitReceive                0x08000ea0   Section        0  stm32f0xx_hal_spi.o(i.HAL_SPI_TransmitReceive)
    i.HAL_SYSTICK_Config                     0x08001138   Section        0  stm32f0xx_hal_cortex.o(i.HAL_SYSTICK_Config)
    i.HardFault_Handler                      0x08001168   Section        0  stm32f0xx_it.o(i.HardFault_Handler)
    i.NMI_Handler                            0x0800116a   Section        0  stm32f0xx_it.o(i.NMI_Handler)
    i.NVIC_SetPriority                       0x0800116c   Section        0  stm32f0xx_hal_cortex.o(i.NVIC_SetPriority)
    NVIC_SetPriority                         0x0800116d   Thumb Code    60  stm32f0xx_hal_cortex.o(i.NVIC_SetPriority)
    i.PendSV_Handler                         0x080011b0   Section        0  stm32f0xx_it.o(i.PendSV_Handler)
    i.SD_GetCIDRegister                      0x080011b2   Section        0  stm32072b_eval_sd.o(i.SD_GetCIDRegister)
    SD_GetCIDRegister                        0x080011b3   Thumb Code   238  stm32072b_eval_sd.o(i.SD_GetCIDRegister)
    i.SD_GetCSDRegister                      0x080012a0   Section        0  stm32072b_eval_sd.o(i.SD_GetCSDRegister)
    SD_GetCSDRegister                        0x080012a1   Thumb Code   380  stm32072b_eval_sd.o(i.SD_GetCSDRegister)
    i.SD_IO_Init                             0x0800141c   Section        0  stm32072b_eval.o(i.SD_IO_Init)
    i.SD_IO_ReadByte                         0x080014ac   Section        0  stm32072b_eval.o(i.SD_IO_ReadByte)
    i.SD_IO_WaitResponse                     0x080014b8   Section        0  stm32072b_eval.o(i.SD_IO_WaitResponse)
    i.SD_IO_WriteByte                        0x080014e0   Section        0  stm32072b_eval.o(i.SD_IO_WriteByte)
    i.SD_IO_WriteCmd                         0x080014e8   Section        0  stm32072b_eval.o(i.SD_IO_WriteCmd)
    i.SD_IO_WriteDummy                       0x08001530   Section        0  stm32072b_eval.o(i.SD_IO_WriteDummy)
    i.SD_SendCmd                             0x08001548   Section        0  stm32072b_eval_sd.o(i.SD_SendCmd)
    SD_SendCmd                               0x08001549   Thumb Code    22  stm32072b_eval_sd.o(i.SD_SendCmd)
    i.SD_initialize                          0x08001560   Section        0  sd_diskio.o(i.SD_initialize)
    i.SD_ioctl                               0x08001580   Section        0  sd_diskio.o(i.SD_ioctl)
    i.SD_read                                0x080015cc   Section        0  sd_diskio.o(i.SD_read)
    i.SD_status                              0x080015ec   Section        0  sd_diskio.o(i.SD_status)
    i.SD_write                               0x0800160c   Section        0  sd_diskio.o(i.SD_write)
    i.SPI_EndRxTxTransaction                 0x0800162c   Section        0  stm32f0xx_hal_spi.o(i.SPI_EndRxTxTransaction)
    SPI_EndRxTxTransaction                   0x0800162d   Thumb Code    50  stm32f0xx_hal_spi.o(i.SPI_EndRxTxTransaction)
    i.SPI_WaitFifoStateUntilTimeout          0x08001660   Section        0  stm32f0xx_hal_spi.o(i.SPI_WaitFifoStateUntilTimeout)
    SPI_WaitFifoStateUntilTimeout            0x08001661   Thumb Code   158  stm32f0xx_hal_spi.o(i.SPI_WaitFifoStateUntilTimeout)
    i.SPI_WaitFlagStateUntilTimeout          0x08001704   Section        0  stm32f0xx_hal_spi.o(i.SPI_WaitFlagStateUntilTimeout)
    SPI_WaitFlagStateUntilTimeout            0x08001705   Thumb Code   138  stm32f0xx_hal_spi.o(i.SPI_WaitFlagStateUntilTimeout)
    i.SPIx_Error                             0x08001794   Section        0  stm32072b_eval.o(i.SPIx_Error)
    SPIx_Error                               0x08001795   Thumb Code    14  stm32072b_eval.o(i.SPIx_Error)
    i.SPIx_Init                              0x080017a8   Section        0  stm32072b_eval.o(i.SPIx_Init)
    SPIx_Init                                0x080017a9   Thumb Code    72  stm32072b_eval.o(i.SPIx_Init)
    i.SPIx_MspInit                           0x080017f8   Section        0  stm32072b_eval.o(i.SPIx_MspInit)
    SPIx_MspInit                             0x080017f9   Thumb Code   170  stm32072b_eval.o(i.SPIx_MspInit)
    i.SPIx_Read                              0x080018b0   Section        0  stm32072b_eval.o(i.SPIx_Read)
    SPIx_Read                                0x080018b1   Thumb Code    40  stm32072b_eval.o(i.SPIx_Read)
    i.SPIx_Write                             0x080018e0   Section        0  stm32072b_eval.o(i.SPIx_Write)
    SPIx_Write                               0x080018e1   Thumb Code    26  stm32072b_eval.o(i.SPIx_Write)
    i.SVC_Handler                            0x08001904   Section        0  stm32f0xx_it.o(i.SVC_Handler)
    i.SysTick_Handler                        0x08001906   Section        0  stm32f0xx_it.o(i.SysTick_Handler)
    i.SystemInit                             0x08001910   Section        0  system_stm32f0xx.o(i.SystemInit)
    i.__scatterload_copy                     0x0800196c   Section       14  handlers.o(i.__scatterload_copy)
    i.__scatterload_null                     0x0800197a   Section        2  handlers.o(i.__scatterload_null)
    i.__scatterload_zeroinit                 0x0800197c   Section       14  handlers.o(i.__scatterload_zeroinit)
    i.check_fs                               0x0800198c   Section        0  ff.o(i.check_fs)
    check_fs                                 0x0800198d   Thumb Code   102  ff.o(i.check_fs)
    i.chk_lock                               0x080019fc   Section        0  ff.o(i.chk_lock)
    chk_lock                                 0x080019fd   Thumb Code   102  ff.o(i.chk_lock)
    i.clear_lock                             0x08001a68   Section        0  ff.o(i.clear_lock)
    clear_lock                               0x08001a69   Thumb Code    28  ff.o(i.clear_lock)
    i.clmt_clust                             0x08001a88   Section        0  ff.o(i.clmt_clust)
    clmt_clust                               0x08001a89   Thumb Code    56  ff.o(i.clmt_clust)
    i.clust2sect                             0x08001ac0   Section        0  ff.o(i.clust2sect)
    i.create_chain                           0x08001ae0   Section        0  ff.o(i.create_chain)
    create_chain                             0x08001ae1   Thumb Code   174  ff.o(i.create_chain)
    i.create_name                            0x08001b94   Section        0  ff.o(i.create_name)
    create_name                              0x08001b95   Thumb Code   256  ff.o(i.create_name)
    i.dec_lock                               0x08001ca8   Section        0  ff.o(i.dec_lock)
    dec_lock                                 0x08001ca9   Thumb Code    56  ff.o(i.dec_lock)
    i.dir_next                               0x08001ce4   Section        0  ff.o(i.dir_next)
    dir_next                                 0x08001ce5   Thumb Code   264  ff.o(i.dir_next)
    i.dir_register                           0x08001df0   Section        0  ff.o(i.dir_register)
    dir_register                             0x08001df1   Thumb Code   124  ff.o(i.dir_register)
    i.dir_sdi                                0x08001e6c   Section        0  ff.o(i.dir_sdi)
    dir_sdi                                  0x08001e6d   Thumb Code   140  ff.o(i.dir_sdi)
    i.disk_initialize                        0x08001ef8   Section        0  diskio.o(i.disk_initialize)
    i.disk_ioctl                             0x08001f24   Section        0  diskio.o(i.disk_ioctl)
    i.disk_read                              0x08001f40   Section        0  diskio.o(i.disk_read)
    i.disk_status                            0x08001f5c   Section        0  diskio.o(i.disk_status)
    i.disk_write                             0x08001f74   Section        0  diskio.o(i.disk_write)
    i.f_close                                0x08001f90   Section        0  ff.o(i.f_close)
    i.f_mkfs                                 0x08001fbc   Section        0  ff.o(i.f_mkfs)
    i.f_mount                                0x080024e0   Section        0  ff.o(i.f_mount)
    i.f_open                                 0x08002540   Section        0  ff.o(i.f_open)
    i.f_read                                 0x080026e8   Section        0  ff.o(i.f_read)
    i.f_sync                                 0x08002868   Section        0  ff.o(i.f_sync)
    i.f_write                                0x0800290c   Section        0  ff.o(i.f_write)
    i.find_volume                            0x08002ac4   Section        0  ff.o(i.find_volume)
    find_volume                              0x08002ac5   Thumb Code   646  ff.o(i.find_volume)
    i.follow_path                            0x08002d64   Section        0  ff.o(i.follow_path)
    follow_path                              0x08002d65   Thumb Code   198  ff.o(i.follow_path)
    i.get_fat                                0x08002e2a   Section        0  ff.o(i.get_fat)
    i.get_ldnumber                           0x08002ef6   Section        0  ff.o(i.get_ldnumber)
    get_ldnumber                             0x08002ef7   Thumb Code    60  ff.o(i.get_ldnumber)
    i.inc_lock                               0x08002f34   Section        0  ff.o(i.inc_lock)
    inc_lock                                 0x08002f35   Thumb Code   144  ff.o(i.inc_lock)
    i.ld_clust                               0x08002fc8   Section        0  ff.o(i.ld_clust)
    ld_clust                                 0x08002fc9   Thumb Code    36  ff.o(i.ld_clust)
    i.main                                   0x08002fec   Section        0  main.o(i.main)
    i.mem_cpy                                0x0800311c   Section        0  ff.o(i.mem_cpy)
    mem_cpy                                  0x0800311d   Thumb Code    16  ff.o(i.mem_cpy)
    i.mem_set                                0x0800312c   Section        0  ff.o(i.mem_set)
    mem_set                                  0x0800312d   Thumb Code    14  ff.o(i.mem_set)
    i.move_window                            0x0800313a   Section        0  ff.o(i.move_window)
    move_window                              0x0800313b   Thumb Code    56  ff.o(i.move_window)
    i.put_fat                                0x08003172   Section        0  ff.o(i.put_fat)
    i.remove_chain                           0x08003270   Section        0  ff.o(i.remove_chain)
    remove_chain                             0x08003271   Thumb Code   102  ff.o(i.remove_chain)
    i.st_clust                               0x080032d6   Section        0  ff.o(i.st_clust)
    st_clust                                 0x080032d7   Thumb Code    16  ff.o(i.st_clust)
    i.sync_fs                                0x080032e6   Section        0  ff.o(i.sync_fs)
    sync_fs                                  0x080032e7   Thumb Code   148  ff.o(i.sync_fs)
    i.sync_window                            0x0800337a   Section        0  ff.o(i.sync_window)
    sync_window                              0x0800337b   Thumb Code    84  ff.o(i.sync_window)
    i.validate                               0x080033ce   Section        0  ff.o(i.validate)
    validate                                 0x080033cf   Thumb Code    52  ff.o(i.validate)
    .constdata                               0x08003402   Section      172  ff.o(.constdata)
    ExCvt                                    0x08003402   Data         128  ff.o(.constdata)
    vst                                      0x08003482   Data          22  ff.o(.constdata)
    cst                                      0x08003498   Data          22  ff.o(.constdata)
    .constdata                               0x080034ae   Section       36  stm32072b_eval.o(.constdata)
    .constdata                               0x080034d4   Section       20  sd_diskio.o(.constdata)
    .constdata                               0x080034e8   Section       16  stm32f0xx_hal_rcc.o(.constdata)
    .data                                    0x20000000   Section        8  ff.o(.data)
    Fsid                                     0x20000000   Data           2  ff.o(.data)
    FatFs                                    0x20000004   Data           4  ff.o(.data)
    .data                                    0x20000008   Section        4  main.o(.data)
    .data                                    0x2000000c   Section       64  stm32072b_eval.o(.data)
    .data                                    0x2000004c   Section        1  stm32072b_eval_sd.o(.data)
    .data                                    0x2000004d   Section        1  sd_diskio.o(.data)
    Stat                                     0x2000004d   Data           1  sd_diskio.o(.data)
    .data                                    0x20000050   Section        4  system_stm32f0xx.o(.data)
    .data                                    0x20000054   Section        4  stm32f0xx_hal.o(.data)
    uwTick                                   0x20000054   Data           4  stm32f0xx_hal.o(.data)
    .bss                                     0x20000058   Section       12  ff_gen_drv.o(.bss)
    .bss                                     0x20000064   Section       24  ff.o(.bss)
    Files                                    0x20000064   Data          24  ff.o(.bss)
    .bss                                     0x2000007c   Section     1116  main.o(.bss)
    .bss                                     0x200004d8   Section      220  stm32072b_eval.o(.bss)
    heval_Spi                                0x20000550   Data         100  stm32072b_eval.o(.bss)
    STACK                                    0x200005b8   Section     1536  startup_stm32f072xb.o(STACK)

    Global Symbols

    Symbol Name                              Value     Ov Type        Size  Object(Section)

    BuildAttributes$$THM_ISAv3M$S$PE$A:L22$X:L11$S22$IEEE1$IW$USESV6$~STKCKD$USESV7$~SHL$OSPACE$EBA8$MICROLIB$REQ8$PRES8$EABIv2 0x00000000   Number         0  anon$$obj.o ABSOLUTE
    __ARM_use_no_argv                        0x00000000   Number         0  main.o ABSOLUTE
    __cpp_initialize__aeabi_                  - Undefined Weak Reference
    __cxa_finalize                            - Undefined Weak Reference
    __decompress                              - Undefined Weak Reference
    _clock_init                               - Undefined Weak Reference
    _microlib_exit                            - Undefined Weak Reference
    __Vectors_Size                           0x000000c0   Number         0  startup_stm32f072xb.o ABSOLUTE
    __Vectors                                0x08000000   Data           4  startup_stm32f072xb.o(RESET)
    __Vectors_End                            0x080000c0   Data           0  startup_stm32f072xb.o(RESET)
    __main                                   0x080000c1   Thumb Code     0  entry.o(.ARM.Collect$$$$00000000)
    _main_stk                                0x080000c1   Thumb Code     0  entry2.o(.ARM.Collect$$$$00000001)
    _main_scatterload                        0x080000c5   Thumb Code     0  entry5.o(.ARM.Collect$$$$00000004)
    __main_after_scatterload                 0x080000c9   Thumb Code     0  entry5.o(.ARM.Collect$$$$00000004)
    _main_clock                              0x080000c9   Thumb Code     0  entry7b.o(.ARM.Collect$$$$00000008)
    _main_cpp_init                           0x080000c9   Thumb Code     0  entry8b.o(.ARM.Collect$$$$0000000A)
    _main_init                               0x080000c9   Thumb Code     0  entry9a.o(.ARM.Collect$$$$0000000B)
    __rt_final_cpp                           0x080000d1   Thumb Code     0  entry10a.o(.ARM.Collect$$$$0000000D)
    __rt_final_exit                          0x080000d1   Thumb Code     0  entry11a.o(.ARM.Collect$$$$0000000F)
    Reset_Handler                            0x080000d5   Thumb Code     8  startup_stm32f072xb.o(.text)
    ADC1_COMP_IRQHandler                     0x080000e7   Thumb Code     0  startup_stm32f072xb.o(.text)
    CEC_CAN_IRQHandler                       0x080000e7   Thumb Code     0  startup_stm32f072xb.o(.text)
    DMA1_Channel1_IRQHandler                 0x080000e7   Thumb Code     0  startup_stm32f072xb.o(.text)
    DMA1_Channel2_3_IRQHandler               0x080000e7   Thumb Code     0  startup_stm32f072xb.o(.text)
    DMA1_Channel4_5_6_7_IRQHandler           0x080000e7   Thumb Code     0  startup_stm32f072xb.o(.text)
    EXTI0_1_IRQHandler                       0x080000e7   Thumb Code     0  startup_stm32f072xb.o(.text)
    EXTI2_3_IRQHandler                       0x080000e7   Thumb Code     0  startup_stm32f072xb.o(.text)
    EXTI4_15_IRQHandler                      0x080000e7   Thumb Code     0  startup_stm32f072xb.o(.text)
    FLASH_IRQHandler                         0x080000e7   Thumb Code     0  startup_stm32f072xb.o(.text)
    I2C1_IRQHandler                          0x080000e7   Thumb Code     0  startup_stm32f072xb.o(.text)
    I2C2_IRQHandler                          0x080000e7   Thumb Code     0  startup_stm32f072xb.o(.text)
    PVD_VDDIO2_IRQHandler                    0x080000e7   Thumb Code     0  startup_stm32f072xb.o(.text)
    RCC_CRS_IRQHandler                       0x080000e7   Thumb Code     0  startup_stm32f072xb.o(.text)
    RTC_IRQHandler                           0x080000e7   Thumb Code     0  startup_stm32f072xb.o(.text)
    SPI1_IRQHandler                          0x080000e7   Thumb Code     0  startup_stm32f072xb.o(.text)
    SPI2_IRQHandler                          0x080000e7   Thumb Code     0  startup_stm32f072xb.o(.text)
    TIM14_IRQHandler                         0x080000e7   Thumb Code     0  startup_stm32f072xb.o(.text)
    TIM15_IRQHandler                         0x080000e7   Thumb Code     0  startup_stm32f072xb.o(.text)
    TIM16_IRQHandler                         0x080000e7   Thumb Code     0  startup_stm32f072xb.o(.text)
    TIM17_IRQHandler                         0x080000e7   Thumb Code     0  startup_stm32f072xb.o(.text)
    TIM1_BRK_UP_TRG_COM_IRQHandler           0x080000e7   Thumb Code     0  startup_stm32f072xb.o(.text)
    TIM1_CC_IRQHandler                       0x080000e7   Thumb Code     0  startup_stm32f072xb.o(.text)
    TIM2_IRQHandler                          0x080000e7   Thumb Code     0  startup_stm32f072xb.o(.text)
    TIM3_IRQHandler                          0x080000e7   Thumb Code     0  startup_stm32f072xb.o(.text)
    TIM6_DAC_IRQHandler                      0x080000e7   Thumb Code     0  startup_stm32f072xb.o(.text)
    TIM7_IRQHandler                          0x080000e7   Thumb Code     0  startup_stm32f072xb.o(.text)
    TSC_IRQHandler                           0x080000e7   Thumb Code     0  startup_stm32f072xb.o(.text)
    USART1_IRQHandler                        0x080000e7   Thumb Code     0  startup_stm32f072xb.o(.text)
    USART2_IRQHandler                        0x080000e7   Thumb Code     0  startup_stm32f072xb.o(.text)
    USART3_4_IRQHandler                      0x080000e7   Thumb Code     0  startup_stm32f072xb.o(.text)
    USB_IRQHandler                           0x080000e7   Thumb Code     0  startup_stm32f072xb.o(.text)
    WWDG_IRQHandler                          0x080000e7   Thumb Code     0  startup_stm32f072xb.o(.text)
    __aeabi_uidiv                            0x080000f1   Thumb Code     0  uidiv.o(.text)
    __aeabi_uidivmod                         0x080000f1   Thumb Code    44  uidiv.o(.text)
    __aeabi_memcpy                           0x0800011d   Thumb Code    36  memcpya.o(.text)
    __aeabi_memcpy4                          0x0800011d   Thumb Code     0  memcpya.o(.text)
    __aeabi_memcpy8                          0x0800011d   Thumb Code     0  memcpya.o(.text)
    __aeabi_uread4                           0x08000141   Thumb Code    20  uread4.o(.text)
    __rt_uread4                              0x08000141   Thumb Code     0  uread4.o(.text)
    _uread4                                  0x08000141   Thumb Code     0  uread4.o(.text)
    __scatterload                            0x08000155   Thumb Code    28  init.o(.text)
    __scatterload_rt2                        0x08000155   Thumb Code     0  init.o(.text)
    BSP_LED_Init                             0x08000179   Thumb Code    82  stm32072b_eval.o(i.BSP_LED_Init)
    BSP_LED_On                               0x080001d9   Thumb Code    22  stm32072b_eval.o(i.BSP_LED_On)
    BSP_SD_GetCardInfo                       0x080001f9   Thumb Code    44  stm32072b_eval_sd.o(i.BSP_SD_GetCardInfo)
    BSP_SD_GetStatus                         0x08000225   Thumb Code     4  stm32072b_eval_sd.o(i.BSP_SD_GetStatus)
    BSP_SD_Init                              0x08000229   Thumb Code    64  stm32072b_eval_sd.o(i.BSP_SD_Init)
    BSP_SD_IsDetected                        0x0800026d   Thumb Code    32  stm32072b_eval_sd.o(i.BSP_SD_IsDetected)
    BSP_SD_ReadBlocks                        0x08000291   Thumb Code   126  stm32072b_eval_sd.o(i.BSP_SD_ReadBlocks)
    BSP_SD_WriteBlocks                       0x0800030f   Thumb Code   154  stm32072b_eval_sd.o(i.BSP_SD_WriteBlocks)
    FATFS_LinkDriver                         0x080003b1   Thumb Code    10  ff_gen_drv.o(i.FATFS_LinkDriver)
    FATFS_LinkDriverEx                       0x080003bd   Thumb Code    60  ff_gen_drv.o(i.FATFS_LinkDriverEx)
    FATFS_UnLinkDriver                       0x080003fd   Thumb Code    10  ff_gen_drv.o(i.FATFS_UnLinkDriver)
    FATFS_UnLinkDriverEx                     0x08000409   Thumb Code    48  ff_gen_drv.o(i.FATFS_UnLinkDriverEx)
    HAL_GPIO_Init                            0x0800043d   Thumb Code   314  stm32f0xx_hal_gpio.o(i.HAL_GPIO_Init)
    HAL_GPIO_ReadPin                         0x08000595   Thumb Code    10  stm32f0xx_hal_gpio.o(i.HAL_GPIO_ReadPin)
    HAL_GPIO_WritePin                        0x0800059f   Thumb Code    12  stm32f0xx_hal_gpio.o(i.HAL_GPIO_WritePin)
    HAL_GetTick                              0x080005ad   Thumb Code     6  stm32f0xx_hal.o(i.HAL_GetTick)
    HAL_IncTick                              0x080005b9   Thumb Code    10  stm32f0xx_hal.o(i.HAL_IncTick)
    HAL_Init                                 0x080005c9   Thumb Code    26  stm32f0xx_hal.o(i.HAL_Init)
    HAL_InitTick                             0x080005e9   Thumb Code    34  stm32f0xx_hal.o(i.HAL_InitTick)
    HAL_MspInit                              0x0800060b   Thumb Code     2  stm32f0xx_hal.o(i.HAL_MspInit)
    HAL_NVIC_EnableIRQ                       0x0800060d   Thumb Code    14  stm32f0xx_hal_cortex.o(i.HAL_NVIC_EnableIRQ)
    HAL_NVIC_SetPriority                     0x08000621   Thumb Code     8  stm32f0xx_hal_cortex.o(i.HAL_NVIC_SetPriority)
    HAL_RCC_ClockConfig                      0x08000629   Thumb Code   300  stm32f0xx_hal_rcc.o(i.HAL_RCC_ClockConfig)
    HAL_RCC_GetHCLKFreq                      0x08000761   Thumb Code    26  stm32f0xx_hal_rcc.o(i.HAL_RCC_GetHCLKFreq)
    HAL_RCC_GetSysClockFreq                  0x08000789   Thumb Code    90  stm32f0xx_hal_rcc.o(i.HAL_RCC_GetSysClockFreq)
    HAL_RCC_OscConfig                        0x08000811   Thumb Code  1040  stm32f0xx_hal_rcc.o(i.HAL_RCC_OscConfig)
    HAL_SPI_DeInit                           0x08000c21   Thumb Code    48  stm32f0xx_hal_spi.o(i.HAL_SPI_DeInit)
    HAL_SPI_GetState                         0x08000c51   Thumb Code     6  stm32f0xx_hal_spi.o(i.HAL_SPI_GetState)
    HAL_SPI_Init                             0x08000c59   Thumb Code   204  stm32f0xx_hal_spi.o(i.HAL_SPI_Init)
    HAL_SPI_MspDeInit                        0x08000d29   Thumb Code     2  stm32f0xx_hal_spi.o(i.HAL_SPI_MspDeInit)
    HAL_SPI_MspInit                          0x08000d2b   Thumb Code     2  stm32f0xx_hal_spi.o(i.HAL_SPI_MspInit)
    HAL_SPI_Transmit                         0x08000d2d   Thumb Code   366  stm32f0xx_hal_spi.o(i.HAL_SPI_Transmit)
    HAL_SPI_TransmitReceive                  0x08000ea1   Thumb Code   656  stm32f0xx_hal_spi.o(i.HAL_SPI_TransmitReceive)
    HAL_SYSTICK_Config                       0x08001139   Thumb Code    38  stm32f0xx_hal_cortex.o(i.HAL_SYSTICK_Config)
    HardFault_Handler                        0x08001169   Thumb Code     2  stm32f0xx_it.o(i.HardFault_Handler)
    NMI_Handler                              0x0800116b   Thumb Code     2  stm32f0xx_it.o(i.NMI_Handler)
    PendSV_Handler                           0x080011b1   Thumb Code     2  stm32f0xx_it.o(i.PendSV_Handler)
    SD_IO_Init                               0x0800141d   Thumb Code   128  stm32072b_eval.o(i.SD_IO_Init)
    SD_IO_ReadByte                           0x080014ad   Thumb Code    10  stm32072b_eval.o(i.SD_IO_ReadByte)
    SD_IO_WaitResponse                       0x080014b9   Thumb Code    36  stm32072b_eval.o(i.SD_IO_WaitResponse)
    SD_IO_WriteByte                          0x080014e1   Thumb Code     8  stm32072b_eval.o(i.SD_IO_WriteByte)
    SD_IO_WriteCmd                           0x080014e9   Thumb Code    68  stm32072b_eval.o(i.SD_IO_WriteCmd)
    SD_IO_WriteDummy                         0x08001531   Thumb Code    20  stm32072b_eval.o(i.SD_IO_WriteDummy)
    SD_initialize                            0x08001561   Thumb Code    28  sd_diskio.o(i.SD_initialize)
    SD_ioctl                                 0x08001581   Thumb Code    70  sd_diskio.o(i.SD_ioctl)
    SD_read                                  0x080015cd   Thumb Code    32  sd_diskio.o(i.SD_read)
    SD_status                                0x080015ed   Thumb Code    28  sd_diskio.o(i.SD_status)
    SD_write                                 0x0800160d   Thumb Code    32  sd_diskio.o(i.SD_write)
    SVC_Handler                              0x08001905   Thumb Code     2  stm32f0xx_it.o(i.SVC_Handler)
    SysTick_Handler                          0x08001907   Thumb Code     8  stm32f0xx_it.o(i.SysTick_Handler)
    SystemInit                               0x08001911   Thumb Code    76  system_stm32f0xx.o(i.SystemInit)
    __scatterload_copy                       0x0800196d   Thumb Code    14  handlers.o(i.__scatterload_copy)
    __scatterload_null                       0x0800197b   Thumb Code     2  handlers.o(i.__scatterload_null)
    __scatterload_zeroinit                   0x0800197d   Thumb Code    14  handlers.o(i.__scatterload_zeroinit)
    clust2sect                               0x08001ac1   Thumb Code    30  ff.o(i.clust2sect)
    disk_initialize                          0x08001ef9   Thumb Code    38  diskio.o(i.disk_initialize)
    disk_ioctl                               0x08001f25   Thumb Code    24  diskio.o(i.disk_ioctl)
    disk_read                                0x08001f41   Thumb Code    24  diskio.o(i.disk_read)
    disk_status                              0x08001f5d   Thumb Code    18  diskio.o(i.disk_status)
    disk_write                               0x08001f75   Thumb Code    24  diskio.o(i.disk_write)
    f_close                                  0x08001f91   Thumb Code    44  ff.o(i.f_close)
    f_mkfs                                   0x08001fbd   Thumb Code  1314  ff.o(i.f_mkfs)
    f_mount                                  0x080024e1   Thumb Code    90  ff.o(i.f_mount)
    f_open                                   0x08002541   Thumb Code   420  ff.o(i.f_open)
    f_read                                   0x080026e9   Thumb Code   378  ff.o(i.f_read)
    f_sync                                   0x08002869   Thumb Code   162  ff.o(i.f_sync)
    f_write                                  0x0800290d   Thumb Code   434  ff.o(i.f_write)
    get_fat                                  0x08002e2b   Thumb Code   204  ff.o(i.get_fat)
    main                                     0x08002fed   Thumb Code   238  main.o(i.main)
    put_fat                                  0x08003173   Thumb Code   254  ff.o(i.put_fat)
    BUTTON_IRQn                              0x080034ae   Data           1  stm32072b_eval.o(.constdata)
    BUTTON_PIN                               0x080034b0   Data           2  stm32072b_eval.o(.constdata)
    COM_TX_PIN                               0x080034b2   Data           2  stm32072b_eval.o(.constdata)
    COM_RX_PIN                               0x080034b4   Data           2  stm32072b_eval.o(.constdata)
    COM_TX_AF                                0x080034b6   Data           2  stm32072b_eval.o(.constdata)
    COM_RX_AF                                0x080034b8   Data           2  stm32072b_eval.o(.constdata)
    JOY_IRQn                                 0x080034ba   Data           5  stm32072b_eval.o(.constdata)
    LED_PIN                                  0x080034c0   Data           8  stm32072b_eval.o(.constdata)
    JOY_PIN                                  0x080034c8   Data          10  stm32072b_eval.o(.constdata)
    SD_Driver                                0x080034d4   Data          20  sd_diskio.o(.constdata)
    aAPBAHBPrescTable                        0x080034e8   Data          16  stm32f0xx_hal_rcc.o(.constdata)
    Region$$Table$$Base                      0x080034f8   Number         0  anon$$obj.o(Region$$Table)
    Region$$Table$$Limit                     0x08003518   Number         0  anon$$obj.o(Region$$Table)
    SDPath                                   0x20000008   Data           4  main.o(.data)
    BUTTON_PORT                              0x2000000c   Data           4  stm32072b_eval.o(.data)
    COM_USART                                0x20000010   Data           4  stm32072b_eval.o(.data)
    COM_TX_PORT                              0x20000014   Data           4  stm32072b_eval.o(.data)
    COM_RX_PORT                              0x20000018   Data           4  stm32072b_eval.o(.data)
    I2c1Timeout                              0x2000001c   Data           4  stm32072b_eval.o(.data)
    I2c2Timeout                              0x20000020   Data           4  stm32072b_eval.o(.data)
    SpixTimeout                              0x20000024   Data           4  stm32072b_eval.o(.data)
    LED_PORT                                 0x20000028   Data          16  stm32072b_eval.o(.data)
    JOY_PORT                                 0x20000038   Data          20  stm32072b_eval.o(.data)
    SdStatus                                 0x2000004c   Data           1  stm32072b_eval_sd.o(.data)
    SystemCoreClock                          0x20000050   Data           4  system_stm32f0xx.o(.data)
    disk                                     0x20000058   Data          12  ff_gen_drv.o(.bss)
    SDFatFs                                  0x2000007c   Data         560  main.o(.bss)
    MyFile                                   0x200002ac   Data         556  main.o(.bss)
    heval_I2c1                               0x200004d8   Data          60  stm32072b_eval.o(.bss)
    heval_I2c2                               0x20000514   Data          60  stm32072b_eval.o(.bss)
    __initial_sp                             0x20000bb8   Data           0  startup_stm32f072xb.o(STACK)



==============================================================================

Memory Map of the image

  Image Entry point : 0x080000c1

  Load Region LR_IROM1 (Base: 0x08000000, Size: 0x00003570, Max: 0x00020000, ABSOLUTE)

    Execution Region ER_IROM1 (Base: 0x08000000, Size: 0x00003518, Max: 0x00020000, ABSOLUTE)

    Base Addr    Size         Type   Attr      Idx    E Section Name        Object

    0x08000000   0x000000c0   Data   RO          568    RESET               startup_stm32f072xb.o
    0x080000c0   0x00000000   Code   RO         2526  * .ARM.Collect$$$$00000000  mc_p.l(entry.o)
    0x080000c0   0x00000004   Code   RO         2539    .ARM.Collect$$$$00000001  mc_p.l(entry2.o)
    0x080000c4   0x00000004   Code   RO         2542    .ARM.Collect$$$$00000004  mc_p.l(entry5.o)
    0x080000c8   0x00000000   Code   RO         2544    .ARM.Collect$$$$00000008  mc_p.l(entry7b.o)
    0x080000c8   0x00000000   Code   RO         2546    .ARM.Collect$$$$0000000A  mc_p.l(entry8b.o)
    0x080000c8   0x00000008   Code   RO         2547    .ARM.Collect$$$$0000000B  mc_p.l(entry9a.o)
    0x080000d0   0x00000000   Code   RO         2549    .ARM.Collect$$$$0000000D  mc_p.l(entry10a.o)
    0x080000d0   0x00000000   Code   RO         2551    .ARM.Collect$$$$0000000F  mc_p.l(entry11a.o)
    0x080000d0   0x00000004   Code   RO         2540    .ARM.Collect$$$$00002712  mc_p.l(entry2.o)
    0x080000d4   0x0000001c   Code   RO          569    .text               startup_stm32f072xb.o
    0x080000f0   0x0000002c   Code   RO         2529    .text               mc_p.l(uidiv.o)
    0x0800011c   0x00000024   Code   RO         2531    .text               mc_p.l(memcpya.o)
    0x08000140   0x00000014   Code   RO         2537    .text               mc_p.l(uread4.o)
    0x08000154   0x00000024   Code   RO         2553    .text               mc_p.l(init.o)
    0x08000178   0x00000060   Code   RO          668    i.BSP_LED_Init      stm32072b_eval.o
    0x080001d8   0x00000020   Code   RO          670    i.BSP_LED_On        stm32072b_eval.o
    0x080001f8   0x0000002c   Code   RO          939    i.BSP_SD_GetCardInfo  stm32072b_eval_sd.o
    0x08000224   0x00000004   Code   RO          940    i.BSP_SD_GetStatus  stm32072b_eval_sd.o
    0x08000228   0x00000044   Code   RO          941    i.BSP_SD_Init       stm32072b_eval_sd.o
    0x0800026c   0x00000024   Code   RO          942    i.BSP_SD_IsDetected  stm32072b_eval_sd.o
    0x08000290   0x0000007e   Code   RO          943    i.BSP_SD_ReadBlocks  stm32072b_eval_sd.o
    0x0800030e   0x0000009a   Code   RO          944    i.BSP_SD_WriteBlocks  stm32072b_eval_sd.o
    0x080003a8   0x00000008   Code   RO          629    i.Error_Handler     main.o
    0x080003b0   0x0000000a   Code   RO          165    i.FATFS_LinkDriver  ff_gen_drv.o
    0x080003ba   0x00000002   PAD
    0x080003bc   0x00000040   Code   RO          166    i.FATFS_LinkDriverEx  ff_gen_drv.o
    0x080003fc   0x0000000a   Code   RO          167    i.FATFS_UnLinkDriver  ff_gen_drv.o
    0x08000406   0x00000002   PAD
    0x08000408   0x00000034   Code   RO          168    i.FATFS_UnLinkDriverEx  ff_gen_drv.o
    0x0800043c   0x00000158   Code   RO         1403    i.HAL_GPIO_Init     stm32f0xx_hal_gpio.o
    0x08000594   0x0000000a   Code   RO         1405    i.HAL_GPIO_ReadPin  stm32f0xx_hal_gpio.o
    0x0800059e   0x0000000c   Code   RO         1407    i.HAL_GPIO_WritePin  stm32f0xx_hal_gpio.o
    0x080005aa   0x00000002   PAD
    0x080005ac   0x0000000c   Code   RO         1544    i.HAL_GetTick       stm32f0xx_hal.o
    0x080005b8   0x00000010   Code   RO         1545    i.HAL_IncTick       stm32f0xx_hal.o
    0x080005c8   0x00000020   Code   RO         1546    i.HAL_Init          stm32f0xx_hal.o
    0x080005e8   0x00000022   Code   RO         1547    i.HAL_InitTick      stm32f0xx_hal.o
    0x0800060a   0x00000002   Code   RO         1549    i.HAL_MspInit       stm32f0xx_hal.o
    0x0800060c   0x00000014   Code   RO         1723    i.HAL_NVIC_EnableIRQ  stm32f0xx_hal_cortex.o
    0x08000620   0x00000008   Code   RO         1727    i.HAL_NVIC_SetPriority  stm32f0xx_hal_cortex.o
    0x08000628   0x00000138   Code   RO         1816    i.HAL_RCC_ClockConfig  stm32f0xx_hal_rcc.o
    0x08000760   0x00000028   Code   RO         1821    i.HAL_RCC_GetHCLKFreq  stm32f0xx_hal_rcc.o
    0x08000788   0x00000088   Code   RO         1824    i.HAL_RCC_GetSysClockFreq  stm32f0xx_hal_rcc.o
    0x08000810   0x00000410   Code   RO         1827    i.HAL_RCC_OscConfig  stm32f0xx_hal_rcc.o
    0x08000c20   0x00000030   Code   RO         1103    i.HAL_SPI_DeInit    stm32f0xx_hal_spi.o
    0x08000c50   0x00000006   Code   RO         1106    i.HAL_SPI_GetState  stm32f0xx_hal_spi.o
    0x08000c56   0x00000002   PAD
    0x08000c58   0x000000d0   Code   RO         1108    i.HAL_SPI_Init      stm32f0xx_hal_spi.o
    0x08000d28   0x00000002   Code   RO         1109    i.HAL_SPI_MspDeInit  stm32f0xx_hal_spi.o
    0x08000d2a   0x00000002   Code   RO         1110    i.HAL_SPI_MspInit   stm32f0xx_hal_spi.o
    0x08000d2c   0x00000174   Code   RO         1116    i.HAL_SPI_Transmit  stm32f0xx_hal_spi.o
    0x08000ea0   0x00000298   Code   RO         1117    i.HAL_SPI_TransmitReceive  stm32f0xx_hal_spi.o
    0x08001138   0x00000030   Code   RO         1731    i.HAL_SYSTICK_Config  stm32f0xx_hal_cortex.o
    0x08001168   0x00000002   Code   RO          575    i.HardFault_Handler  stm32f0xx_it.o
    0x0800116a   0x00000002   Code   RO          576    i.NMI_Handler       stm32f0xx_it.o
    0x0800116c   0x00000044   Code   RO         1733    i.NVIC_SetPriority  stm32f0xx_hal_cortex.o
    0x080011b0   0x00000002   Code   RO          577    i.PendSV_Handler    stm32f0xx_it.o
    0x080011b2   0x000000ee   Code   RO          945    i.SD_GetCIDRegister  stm32072b_eval_sd.o
    0x080012a0   0x0000017c   Code   RO          946    i.SD_GetCSDRegister  stm32072b_eval_sd.o
    0x0800141c   0x00000090   Code   RO          694    i.SD_IO_Init        stm32072b_eval.o
    0x080014ac   0x0000000a   Code   RO          695    i.SD_IO_ReadByte    stm32072b_eval.o
    0x080014b6   0x00000002   PAD
    0x080014b8   0x00000028   Code   RO          696    i.SD_IO_WaitResponse  stm32072b_eval.o
    0x080014e0   0x00000008   Code   RO          697    i.SD_IO_WriteByte   stm32072b_eval.o
    0x080014e8   0x00000048   Code   RO          698    i.SD_IO_WriteCmd    stm32072b_eval.o
    0x08001530   0x00000018   Code   RO          699    i.SD_IO_WriteDummy  stm32072b_eval.o
    0x08001548   0x00000016   Code   RO          947    i.SD_SendCmd        stm32072b_eval_sd.o
    0x0800155e   0x00000002   PAD
    0x08001560   0x00000020   Code   RO         1012    i.SD_initialize     sd_diskio.o
    0x08001580   0x0000004c   Code   RO         1013    i.SD_ioctl          sd_diskio.o
    0x080015cc   0x00000020   Code   RO         1014    i.SD_read           sd_diskio.o
    0x080015ec   0x00000020   Code   RO         1015    i.SD_status         sd_diskio.o
    0x0800160c   0x00000020   Code   RO         1016    i.SD_write          sd_diskio.o
    0x0800162c   0x00000032   Code   RO         1143    i.SPI_EndRxTxTransaction  stm32f0xx_hal_spi.o
    0x0800165e   0x00000002   PAD
    0x08001660   0x000000a4   Code   RO         1150    i.SPI_WaitFifoStateUntilTimeout  stm32f0xx_hal_spi.o
    0x08001704   0x00000090   Code   RO         1151    i.SPI_WaitFlagStateUntilTimeout  stm32f0xx_hal_spi.o
    0x08001794   0x00000014   Code   RO          700    i.SPIx_Error        stm32072b_eval.o
    0x080017a8   0x00000050   Code   RO          701    i.SPIx_Init         stm32072b_eval.o
    0x080017f8   0x000000b8   Code   RO          702    i.SPIx_MspInit      stm32072b_eval.o
    0x080018b0   0x00000030   Code   RO          703    i.SPIx_Read         stm32072b_eval.o
    0x080018e0   0x00000024   Code   RO          704    i.SPIx_Write        stm32072b_eval.o
    0x08001904   0x00000002   Code   RO          578    i.SVC_Handler       stm32f0xx_it.o
    0x08001906   0x00000008   Code   RO          579    i.SysTick_Handler   stm32f0xx_it.o
    0x0800190e   0x00000002   PAD
    0x08001910   0x0000005c   Code   RO         1068    i.SystemInit        system_stm32f0xx.o
    0x0800196c   0x0000000e   Code   RO         2557    i.__scatterload_copy  mc_p.l(handlers.o)
    0x0800197a   0x00000002   Code   RO         2558    i.__scatterload_null  mc_p.l(handlers.o)
    0x0800197c   0x0000000e   Code   RO         2559    i.__scatterload_zeroinit  mc_p.l(handlers.o)
    0x0800198a   0x00000002   PAD
    0x0800198c   0x00000070   Code   RO          211    i.check_fs          ff.o
    0x080019fc   0x0000006c   Code   RO          212    i.chk_lock          ff.o
    0x08001a68   0x00000020   Code   RO          213    i.clear_lock        ff.o
    0x08001a88   0x00000038   Code   RO          214    i.clmt_clust        ff.o
    0x08001ac0   0x0000001e   Code   RO          215    i.clust2sect        ff.o
    0x08001ade   0x00000002   PAD
    0x08001ae0   0x000000b4   Code   RO          216    i.create_chain      ff.o
    0x08001b94   0x00000114   Code   RO          217    i.create_name       ff.o
    0x08001ca8   0x0000003c   Code   RO          218    i.dec_lock          ff.o
    0x08001ce4   0x0000010c   Code   RO          219    i.dir_next          ff.o
    0x08001df0   0x0000007c   Code   RO          221    i.dir_register      ff.o
    0x08001e6c   0x0000008c   Code   RO          223    i.dir_sdi           ff.o
    0x08001ef8   0x0000002c   Code   RO            3    i.disk_initialize   diskio.o
    0x08001f24   0x0000001c   Code   RO            4    i.disk_ioctl        diskio.o
    0x08001f40   0x0000001c   Code   RO            5    i.disk_read         diskio.o
    0x08001f5c   0x00000018   Code   RO            6    i.disk_status       diskio.o
    0x08001f74   0x0000001c   Code   RO            7    i.disk_write        diskio.o
    0x08001f90   0x0000002c   Code   RO          225    i.f_close           ff.o
    0x08001fbc   0x00000522   Code   RO          231    i.f_mkfs            ff.o
    0x080024de   0x00000002   PAD
    0x080024e0   0x00000060   Code   RO          232    i.f_mount           ff.o
    0x08002540   0x000001a8   Code   RO          233    i.f_open            ff.o
    0x080026e8   0x00000180   Code   RO          238    i.f_read            ff.o
    0x08002868   0x000000a2   Code   RO          242    i.f_sync            ff.o
    0x0800290a   0x00000002   PAD
    0x0800290c   0x000001b8   Code   RO          246    i.f_write           ff.o
    0x08002ac4   0x000002a0   Code   RO          247    i.find_volume       ff.o
    0x08002d64   0x000000c6   Code   RO          248    i.follow_path       ff.o
    0x08002e2a   0x000000cc   Code   RO          249    i.get_fat           ff.o
    0x08002ef6   0x0000003c   Code   RO          251    i.get_ldnumber      ff.o
    0x08002f32   0x00000002   PAD
    0x08002f34   0x00000094   Code   RO          252    i.inc_lock          ff.o
    0x08002fc8   0x00000024   Code   RO          253    i.ld_clust          ff.o
    0x08002fec   0x00000130   Code   RO          631    i.main              main.o
    0x0800311c   0x00000010   Code   RO          254    i.mem_cpy           ff.o
    0x0800312c   0x0000000e   Code   RO          255    i.mem_set           ff.o
    0x0800313a   0x00000038   Code   RO          256    i.move_window       ff.o
    0x08003172   0x000000fe   Code   RO          257    i.put_fat           ff.o
    0x08003270   0x00000066   Code   RO          259    i.remove_chain      ff.o
    0x080032d6   0x00000010   Code   RO          260    i.st_clust          ff.o
    0x080032e6   0x00000094   Code   RO          261    i.sync_fs           ff.o
    0x0800337a   0x00000054   Code   RO          262    i.sync_window       ff.o
    0x080033ce   0x00000034   Code   RO          263    i.validate          ff.o
    0x08003402   0x000000ac   Data   RO          265    .constdata          ff.o
    0x080034ae   0x00000024   Data   RO          710    .constdata          stm32072b_eval.o
    0x080034d2   0x00000002   PAD
    0x080034d4   0x00000014   Data   RO         1017    .constdata          sd_diskio.o
    0x080034e8   0x00000010   Data   RO         1828    .constdata          stm32f0xx_hal_rcc.o
    0x080034f8   0x00000020   Data   RO         2555    Region$$Table       anon$$obj.o


    Execution Region RW_IRAM1 (Base: 0x20000000, Size: 0x00000bb8, Max: 0x00004000, ABSOLUTE)

    Base Addr    Size         Type   Attr      Idx    E Section Name        Object

    0x20000000   0x00000008   Data   RW          266    .data               ff.o
    0x20000008   0x00000004   Data   RW          633    .data               main.o
    0x2000000c   0x00000040   Data   RW          711    .data               stm32072b_eval.o
    0x2000004c   0x00000001   Data   RW          948    .data               stm32072b_eval_sd.o
    0x2000004d   0x00000001   Data   RW         1018    .data               sd_diskio.o
    0x2000004e   0x00000002   PAD
    0x20000050   0x00000004   Data   RW         1070    .data               system_stm32f0xx.o
    0x20000054   0x00000004   Data   RW         1552    .data               stm32f0xx_hal.o
    0x20000058   0x0000000c   Zero   RW          169    .bss                ff_gen_drv.o
    0x20000064   0x00000018   Zero   RW          264    .bss                ff.o
    0x2000007c   0x0000045c   Zero   RW          632    .bss                main.o
    0x200004d8   0x000000dc   Zero   RW          709    .bss                stm32072b_eval.o
    0x200005b4   0x00000004   PAD
    0x200005b8   0x00000600   Zero   RW          566    STACK               startup_stm32f072xb.o


==============================================================================

Image component sizes


      Code (inc. data)   RO Data    RW Data    ZI Data      Debug   Object Name

       152         24          0          0          0     293101   diskio.o
      6310        190        172          8         24      37087   ff.o
       136          8          0          0         12       3271   ff_gen_drv.o
       312         66          0          4       1116       1943   main.o
       204         14         20          1          0       4672   sd_diskio.o
        28          8        192          0       1536        648   startup_stm32f072xb.o
       794         98         36         64        220      11679   stm32072b_eval.o
      1072          8          0          1          0       9138   stm32072b_eval_sd.o
        96         18          0          4          0       4048   stm32f0xx_hal.o
       144         24          0          0          0       9261   stm32f0xx_hal_cortex.o
       366         30          0          0          0       3271   stm32f0xx_hal_gpio.o
      1528         84         16          0          0       5366   stm32f0xx_hal_rcc.o
      1660         30          0          0          0       9818   stm32f0xx_hal_spi.o
        16          0          0          0          0       2323   stm32f0xx_it.o
        92         16          0          4          0       1237   system_stm32f0xx.o

    ----------------------------------------------------------------------
     12934        618        470         88       2912     396863   Object Totals
         0          0         32          0          0          0   (incl. Generated)
        24          0          2          2          4          0   (incl. Padding)

    ----------------------------------------------------------------------

      Code (inc. data)   RO Data    RW Data    ZI Data      Debug   Library Member Name

         0          0          0          0          0          0   entry.o
         0          0          0          0          0          0   entry10a.o
         0          0          0          0          0          0   entry11a.o
         8          4          0          0          0          0   entry2.o
         4          0          0          0          0          0   entry5.o
         0          0          0          0          0          0   entry7b.o
         0          0          0          0          0          0   entry8b.o
         8          4          0          0          0          0   entry9a.o
        30          0          0          0          0          0   handlers.o
        36          8          0          0          0         68   init.o
        36          0          0          0          0         60   memcpya.o
        44          0          0          0          0         72   uidiv.o
        20          0          0          0          0         60   uread4.o

    ----------------------------------------------------------------------
       188         16          0          0          0        260   Library Totals
         2          0          0          0          0          0   (incl. Padding)

    ----------------------------------------------------------------------

      Code (inc. data)   RO Data    RW Data    ZI Data      Debug   Library Name

       186         16          0          0          0        260   mc_p.l

    ----------------------------------------------------------------------
       188         16          0          0          0        260   Library Totals

    ----------------------------------------------------------------------

==============================================================================


      Code (inc. data)   RO Data    RW Data    ZI Data      Debug   

     13122        634        470         88       2912     392875   Grand Totals
     13122        634        470         88       2912     392875   ELF Image Totals
     13122        634        470         88          0          0   ROM Totals

==============================================================================

    Total RO  Size (Code + RO Data)                13592 (  13.27kB)
    Total RW  Size (RW Data + ZI Data)              3000 (   2.93kB)
    Total ROM Size (Code + RO Data + RW Data)      13680 (  13.36kB)

==============================================================================

