Component: ARM Compiler 5.06 update 1 (build 61) Tool: armlink [4d35a8]

==============================================================================

Section Cross References

    imagesbrowser_app.o(i.ImageBrowserDemo) refers to k_storage.o(i.kStorage_GetDirectoryFiles) for kStorage_GetDirectoryFiles
    imagesbrowser_app.o(i.ImageBrowserDemo) refers to printfa.o(i.__0sprintf) for __2sprintf
    imagesbrowser_app.o(i.ImageBrowserDemo) refers to k_storage.o(i.kStorage_OpenFileDrawPixel) for kStorage_OpenFileDrawPixel
    imagesbrowser_app.o(i.ImageBrowserDemo) refers to imagesbrowser_app.o(.data) for .data
    imagesbrowser_app.o(i.ImageBrowserMenuUserAction) refers to imagesbrowser_app.o(.data) for .data
    imagesbrowser_app.o(i._ImageBrowserDemoExec) refers to k_menu.o(i.kMenu_Execute) for kMenu_Execute
    imagesbrowser_app.o(i._ImageBrowserDemoExec) refers to imagesbrowser_app.o(.constdata) for .constdata
    imagesbrowser_app.o(.constdata) refers to imagesbrowser_app.o(i.ImageBrowserDemo) for ImageBrowserDemo
    imagesbrowser_app.o(.constdata) refers to imagesbrowser_app.o(i.ImageBrowserMenuUserAction) for ImageBrowserMenuUserAction
    imagesbrowser_app.o(.constdata) refers to imagesbrowser_app.o(.constdata) for ImageBrowserMenuMenuItems
    imagesbrowser_app.o(.constdata) refers to imagesbrowser_app.o(i._ImageBrowserDemoExec) for _ImageBrowserDemoExec
    spfd5408.o(i.spfd5408_DisplayOff) refers to spfd5408.o(i.spfd5408_WriteReg) for spfd5408_WriteReg
    spfd5408.o(i.spfd5408_DisplayOff) refers to stm32091c_eval.o(i.LCD_Delay) for LCD_Delay
    spfd5408.o(i.spfd5408_DisplayOn) refers to spfd5408.o(i.spfd5408_WriteReg) for spfd5408_WriteReg
    spfd5408.o(i.spfd5408_DisplayOn) refers to stm32091c_eval.o(i.LCD_Delay) for LCD_Delay
    spfd5408.o(i.spfd5408_DrawBitmap) refers to spfd5408.o(i.spfd5408_WriteReg) for spfd5408_WriteReg
    spfd5408.o(i.spfd5408_DrawBitmap) refers to spfd5408.o(i.spfd5408_SetCursor) for spfd5408_SetCursor
    spfd5408.o(i.spfd5408_DrawBitmap) refers to stm32091c_eval.o(i.LCD_IO_WriteReg) for LCD_IO_WriteReg
    spfd5408.o(i.spfd5408_DrawBitmap) refers to stm32091c_eval.o(i.LCD_IO_WriteMultipleData) for LCD_IO_WriteMultipleData
    spfd5408.o(i.spfd5408_DrawHLine) refers to spfd5408.o(i.spfd5408_SetCursor) for spfd5408_SetCursor
    spfd5408.o(i.spfd5408_DrawHLine) refers to stm32091c_eval.o(i.LCD_IO_WriteReg) for LCD_IO_WriteReg
    spfd5408.o(i.spfd5408_DrawHLine) refers to stm32091c_eval.o(i.LCD_IO_WriteMultipleData) for LCD_IO_WriteMultipleData
    spfd5408.o(i.spfd5408_DrawHLine) refers to spfd5408.o(.bss) for .bss
    spfd5408.o(i.spfd5408_DrawVLine) refers to spfd5408.o(i.spfd5408_WriteReg) for spfd5408_WriteReg
    spfd5408.o(i.spfd5408_DrawVLine) refers to spfd5408.o(i.spfd5408_SetCursor) for spfd5408_SetCursor
    spfd5408.o(i.spfd5408_DrawVLine) refers to stm32091c_eval.o(i.LCD_IO_WriteReg) for LCD_IO_WriteReg
    spfd5408.o(i.spfd5408_DrawVLine) refers to stm32091c_eval.o(i.LCD_IO_WriteMultipleData) for LCD_IO_WriteMultipleData
    spfd5408.o(i.spfd5408_DrawVLine) refers to spfd5408.o(.bss) for .bss
    spfd5408.o(i.spfd5408_Init) refers to stm32091c_eval.o(i.LCD_IO_Init) for LCD_IO_Init
    spfd5408.o(i.spfd5408_Init) refers to spfd5408.o(i.spfd5408_WriteReg) for spfd5408_WriteReg
    spfd5408.o(i.spfd5408_Init) refers to stm32091c_eval.o(i.LCD_Delay) for LCD_Delay
    spfd5408.o(i.spfd5408_Init) refers to spfd5408.o(i.spfd5408_SetCursor) for spfd5408_SetCursor
    spfd5408.o(i.spfd5408_Init) refers to stm32091c_eval.o(i.LCD_IO_WriteReg) for LCD_IO_WriteReg
    spfd5408.o(i.spfd5408_Init) refers to spfd5408.o(.data) for .data
    spfd5408.o(i.spfd5408_ReadID) refers to stm32091c_eval.o(i.LCD_IO_Init) for LCD_IO_Init
    spfd5408.o(i.spfd5408_ReadID) refers to stm32091c_eval.o(i.LCD_IO_ReadData) for LCD_IO_ReadData
    spfd5408.o(i.spfd5408_ReadPixel) refers to spfd5408.o(i.spfd5408_SetCursor) for spfd5408_SetCursor
    spfd5408.o(i.spfd5408_ReadPixel) refers to stm32091c_eval.o(i.LCD_IO_ReadData) for LCD_IO_ReadData
    spfd5408.o(i.spfd5408_ReadReg) refers to stm32091c_eval.o(i.LCD_IO_ReadData) for LCD_IO_ReadData
    spfd5408.o(i.spfd5408_SetCursor) refers to spfd5408.o(i.spfd5408_WriteReg) for spfd5408_WriteReg
    spfd5408.o(i.spfd5408_SetDisplayWindow) refers to spfd5408.o(i.spfd5408_WriteReg) for spfd5408_WriteReg
    spfd5408.o(i.spfd5408_WritePixel) refers to spfd5408.o(i.spfd5408_SetCursor) for spfd5408_SetCursor
    spfd5408.o(i.spfd5408_WritePixel) refers to stm32091c_eval.o(i.LCD_IO_WriteReg) for LCD_IO_WriteReg
    spfd5408.o(i.spfd5408_WritePixel) refers to stm32091c_eval.o(i.LCD_IO_WriteMultipleData) for LCD_IO_WriteMultipleData
    spfd5408.o(i.spfd5408_WriteReg) refers to stm32091c_eval.o(i.LCD_IO_WriteReg) for LCD_IO_WriteReg
    spfd5408.o(i.spfd5408_WriteReg) refers to stm32091c_eval.o(i.LCD_IO_WriteMultipleData) for LCD_IO_WriteMultipleData
    spfd5408.o(.data) refers to spfd5408.o(i.spfd5408_Init) for spfd5408_Init
[...]
    _main_cpp_init                           0x080000c5   Thumb Code     0  entry8b.o(.ARM.Collect$$$$0000000A)
    _main_init                               0x080000c5   Thumb Code     0  entry9a.o(.ARM.Collect$$$$0000000B)
    __rt_final_cpp                           0x080000cd   Thumb Code     0  entry10a.o(.ARM.Collect$$$$0000000D)
    __rt_final_exit                          0x080000cd   Thumb Code     0  entry11a.o(.ARM.Collect$$$$0000000F)
    Reset_Handler                            0x080000d1   Thumb Code     8  startup_stm32f091xc.o(.text)
    SVC_Handler                              0x080000dd   Thumb Code     2  startup_stm32f091xc.o(.text)
    PendSV_Handler                           0x080000df   Thumb Code     2  startup_stm32f091xc.o(.text)
    ADC1_COMP_IRQHandler                     0x080000e3   Thumb Code     0  startup_stm32f091xc.o(.text)
    CEC_CAN_IRQHandler                       0x080000e3   Thumb Code     0  startup_stm32f091xc.o(.text)
    DMA1_Ch1_IRQHandler                      0x080000e3   Thumb Code     0  startup_stm32f091xc.o(.text)
    DMA1_Ch2_3_DMA2_Ch1_2_IRQHandler         0x080000e3   Thumb Code     0  startup_stm32f091xc.o(.text)
    DMA1_Ch4_7_DMA2_Ch3_5_IRQHandler         0x080000e3   Thumb Code     0  startup_stm32f091xc.o(.text)
    FLASH_IRQHandler                         0x080000e3   Thumb Code     0  startup_stm32f091xc.o(.text)
    I2C1_IRQHandler                          0x080000e3   Thumb Code     0  startup_stm32f091xc.o(.text)
    I2C2_IRQHandler                          0x080000e3   Thumb Code     0  startup_stm32f091xc.o(.text)
    PVD_VDDIO2_IRQHandler                    0x080000e3   Thumb Code     0  startup_stm32f091xc.o(.text)
    RCC_CRS_IRQHandler                       0x080000e3   Thumb Code     0  startup_stm32f091xc.o(.text)
    RTC_IRQHandler                           0x080000e3   Thumb Code     0  startup_stm32f091xc.o(.text)
    SPI1_IRQHandler                          0x080000e3   Thumb Code     0  startup_stm32f091xc.o(.text)
    SPI2_IRQHandler                          0x080000e3   Thumb Code     0  startup_stm32f091xc.o(.text)
    TIM14_IRQHandler                         0x080000e3   Thumb Code     0  startup_stm32f091xc.o(.text)
    TIM15_IRQHandler                         0x080000e3   Thumb Code     0  startup_stm32f091xc.o(.text)
    TIM16_IRQHandler                         0x080000e3   Thumb Code     0  startup_stm32f091xc.o(.text)
    TIM17_IRQHandler                         0x080000e3   Thumb Code     0  startup_stm32f091xc.o(.text)
    TIM1_BRK_UP_TRG_COM_IRQHandler           0x080000e3   Thumb Code     0  startup_stm32f091xc.o(.text)
    TIM1_CC_IRQHandler                       0x080000e3   Thumb Code     0  startup_stm32f091xc.o(.text)
    TIM2_IRQHandler                          0x080000e3   Thumb Code     0  startup_stm32f091xc.o(.text)
    TIM3_IRQHandler                          0x080000e3   Thumb Code     0  startup_stm32f091xc.o(.text)
    TIM6_DAC_IRQHandler                      0x080000e3   Thumb Code     0  startup_stm32f091xc.o(.text)
    TIM7_IRQHandler                          0x080000e3   Thumb Code     0  startup_stm32f091xc.o(.text)
    TSC_IRQHandler                           0x080000e3   Thumb Code     0  startup_stm32f091xc.o(.text)
    WWDG_IRQHandler                          0x080000e3   Thumb Code     0  startup_stm32f091xc.o(.text)
    __aeabi_uidiv                            0x080000ed   Thumb Code     0  uidiv.o(.text)
    __aeabi_uidivmod                         0x080000ed   Thumb Code    44  uidiv.o(.text)
    __aeabi_llsr                             0x08000119   Thumb Code    34  llushr.o(.text)
    _ll_ushift_r                             0x08000119   Thumb Code     0  llushr.o(.text)
    __aeabi_memcpy                           0x0800013b   Thumb Code    36  memcpya.o(.text)
    __aeabi_memcpy4                          0x0800013b   Thumb Code     0  memcpya.o(.text)
    __aeabi_memcpy8                          0x0800013b   Thumb Code     0  memcpya.o(.text)
    __aeabi_memset                           0x0800015f   Thumb Code    14  memseta.o(.text)
    __aeabi_memset4                          0x0800015f   Thumb Code     0  memseta.o(.text)
    __aeabi_memset8                          0x0800015f   Thumb Code     0  memseta.o(.text)
    __aeabi_memclr                           0x0800016d   Thumb Code     4  memseta.o(.text)
    __aeabi_memclr4                          0x0800016d   Thumb Code     0  memseta.o(.text)
    __aeabi_memclr8                          0x0800016d   Thumb Code     0  memseta.o(.text)
    _memset$wrapper                          0x08000171   Thumb Code    18  memseta.o(.text)
    strlen                                   0x08000183   Thumb Code    14  strlen.o(.text)
    strcmp                                   0x08000191   Thumb Code    28  strcmp.o(.text)
    strcpy                                   0x080001ad   Thumb Code    18  strcpy.o(.text)
    __aeabi_uread4                           0x080001bf   Thumb Code    20  uread4.o(.text)
    __rt_uread4                              0x080001bf   Thumb Code     0  uread4.o(.text)
    _uread4                                  0x080001bf   Thumb Code     0  uread4.o(.text)
    __aeabi_fadd                             0x080001d3   Thumb Code   162  fadd.o(.text)
    __aeabi_fsub                             0x08000275   Thumb Code     8  fadd.o(.text)
    __aeabi_frsub                            0x0800027d   Thumb Code     8  fadd.o(.text)
    __aeabi_fmul                             0x08000285   Thumb Code   122  fmul.o(.text)
    __aeabi_i2f                              0x080002ff   Thumb Code    22  fflti.o(.text)
    __aeabi_ui2f                             0x08000315   Thumb Code    14  ffltui.o(.text)
    __aeabi_f2d                              0x08000323   Thumb Code    40  f2d.o(.text)
    __aeabi_uldivmod                         0x0800034b   Thumb Code    96  uldiv.o(.text)
    __I$use$fp                               0x080003ab   Thumb Code     0  iusefp.o(.text)
    _float_round                             0x080003ab   Thumb Code    16  fepilogue.o(.text)
    _float_epilogue                          0x080003bb   Thumb Code   114  fepilogue.o(.text)
    __aeabi_dadd                             0x0800042d   Thumb Code   328  dadd.o(.text)
    __aeabi_dsub                             0x08000575   Thumb Code    12  dadd.o(.text)
    __aeabi_drsub                            0x08000581   Thumb Code    12  dadd.o(.text)
    __aeabi_dmul                             0x08000591   Thumb Code   202  dmul.o(.text)
    __aeabi_ddiv                             0x08000661   Thumb Code   234  ddiv.o(.text)
    __aeabi_d2ulz                            0x08000751   Thumb Code    54  dfixul.o(.text)
    __aeabi_cdrcmple                         0x08000791   Thumb Code    38  cdrcmple.o(.text)
    __scatterload                            0x080007b9   Thumb Code    28  init.o(.text)
    __scatterload_rt2                        0x080007b9   Thumb Code     0  init.o(.text)
    __aeabi_llsl                             0x080007dd   Thumb Code    32  llshl.o(.text)
    _ll_shift_l                              0x080007dd   Thumb Code     0  llshl.o(.text)
    __aeabi_lasr                             0x080007fd   Thumb Code    38  llsshr.o(.text)
    _ll_sshift_r                             0x080007fd   Thumb Code     0  llsshr.o(.text)
    _double_round                            0x08000823   Thumb Code    26  depilogue.o(.text)
    _double_epilogue                         0x0800083d   Thumb Code   164  depilogue.o(.text)
    __decompress                             0x080008e1   Thumb Code     0  __dczerorl2.o(.text)
    __decompress1                            0x080008e1   Thumb Code    86  __dczerorl2.o(.text)
    AppMainExec                              0x08000939   Thumb Code    22  main_app.o(i.AppMainExec)
    AppMainExecCheckRessource                0x08000955   Thumb Code    38  main_app.o(i.AppMainExecCheckRessource)
    BSP_JOY_GetState                         0x08000abd   Thumb Code    40  stm32091c_eval.o(i.BSP_JOY_GetState)
    BSP_JOY_Init                             0x08000aed   Thumb Code   156  stm32091c_eval.o(i.BSP_JOY_Init)
    BSP_LCD_Clear                            0x08000b99   Thumb Code    42  stm32091c_eval_lcd.o(i.BSP_LCD_Clear)
    BSP_LCD_DisplayChar                      0x08000bc9   Thumb Code    36  stm32091c_eval_lcd.o(i.BSP_LCD_DisplayChar)
    BSP_LCD_DisplayStringAt                  0x08000bf1   Thumb Code   148  stm32091c_eval_lcd.o(i.BSP_LCD_DisplayStringAt)
    BSP_LCD_DisplayStringAtLine              0x08000c89   Thumb Code    24  stm32091c_eval_lcd.o(i.BSP_LCD_DisplayStringAtLine)
    BSP_LCD_DrawBitmap                       0x08000ca5   Thumb Code    96  stm32091c_eval_lcd.o(i.BSP_LCD_DrawBitmap)
    BSP_LCD_DrawHLine                        0x08000d0d   Thumb Code    58  stm32091c_eval_lcd.o(i.BSP_LCD_DrawHLine)
    BSP_LCD_DrawPixel                        0x08000d51   Thumb Code    14  stm32091c_eval_lcd.o(i.BSP_LCD_DrawPixel)
    BSP_LCD_DrawRect                         0x08000d65   Thumb Code    50  stm32091c_eval_lcd.o(i.BSP_LCD_DrawRect)
    BSP_LCD_DrawVLine                        0x08000d99   Thumb Code    96  stm32091c_eval_lcd.o(i.BSP_LCD_DrawVLine)
    BSP_LCD_FillRect                         0x08000e01   Thumb Code    44  stm32091c_eval_lcd.o(i.BSP_LCD_FillRect)
    BSP_LCD_GetXSize                         0x08000e31   Thumb Code     8  stm32091c_eval_lcd.o(i.BSP_LCD_GetXSize)
    BSP_LCD_GetYSize                         0x08000e3d   Thumb Code     8  stm32091c_eval_lcd.o(i.BSP_LCD_GetYSize)
    BSP_LCD_Init                             0x08000e49   Thumb Code    56  stm32091c_eval_lcd.o(i.BSP_LCD_Init)
    BSP_LCD_SetBackColor                     0x08000e99   Thumb Code     6  stm32091c_eval_lcd.o(i.BSP_LCD_SetBackColor)
    BSP_LCD_SetFont                          0x08000ea5   Thumb Code     6  stm32091c_eval_lcd.o(i.BSP_LCD_SetFont)
    BSP_LCD_SetTextColor                     0x08000eb1   Thumb Code     6  stm32091c_eval_lcd.o(i.BSP_LCD_SetTextColor)
    BSP_LED_Init                             0x08000ebd   Thumb Code    82  stm32091c_eval.o(i.BSP_LED_Init)
    BSP_LED_Toggle                           0x08000f1d   Thumb Code    20  stm32091c_eval.o(i.BSP_LED_Toggle)
    BSP_PB_Init                              0x08000f39   Thumb Code   104  stm32091c_eval.o(i.BSP_PB_Init)
    BSP_SD_GetCardInfo                       0x08000fb1   Thumb Code    84  stm32091c_eval_sd.o(i.BSP_SD_GetCardInfo)
    BSP_SD_GetStatus                         0x08001009   Thumb Code    62  stm32091c_eval_sd.o(i.BSP_SD_GetStatus)
    BSP_SD_Init                              0x08001049   Thumb Code    34  stm32091c_eval_sd.o(i.BSP_SD_Init)
    BSP_SD_IsDetected                        0x08001071   Thumb Code    32  stm32091c_eval_sd.o(i.BSP_SD_IsDetected)
    BSP_SD_ReadBlocks                        0x08001095   Thumb Code   214  stm32091c_eval_sd.o(i.BSP_SD_ReadBlocks)
    BSP_SD_WriteBlocks                       0x08001171   Thumb Code   258  stm32091c_eval_sd.o(i.BSP_SD_WriteBlocks)
    BSP_TSENSOR_Init                         0x08001279   Thumb Code    76  stm32091c_eval_tsensor.o(i.BSP_TSENSOR_Init)
    BSP_TSENSOR_ReadTemp                     0x080012cd   Thumb Code    10  stm32091c_eval_tsensor.o(i.BSP_TSENSOR_ReadTemp)
    EXTI0_1_IRQHandler                       0x080012dd   Thumb Code    10  stm32f0xx_it.o(i.EXTI0_1_IRQHandler)
    EXTI2_3_IRQHandler                       0x080012e7   Thumb Code    16  stm32f0xx_it.o(i.EXTI2_3_IRQHandler)
    EXTI4_15_IRQHandler                      0x080012f7   Thumb Code    32  stm32f0xx_it.o(i.EXTI4_15_IRQHandler)
    FATFS_LinkDriver                         0x08001337   Thumb Code    10  ff_gen_drv.o(i.FATFS_LinkDriver)
    FATFS_LinkDriverEx                       0x08001341   Thumb Code    60  ff_gen_drv.o(i.FATFS_LinkDriverEx)
    FilesBrowserDemo                         0x08001381   Thumb Code   626  filesbrowser_app.o(i.FilesBrowserDemo)
    FilesBrowserMenuUserAction               0x08001959   Thumb Code    16  filesbrowser_app.o(i.FilesBrowserMenuUserAction)
    HAL_Delay                                0x080019c1   Thumb Code    22  stm32f0xx_hal.o(i.HAL_Delay)
    HAL_GPIO_DeInit                          0x080019d9   Thumb Code   202  stm32f0xx_hal_gpio.o(i.HAL_GPIO_DeInit)
    HAL_GPIO_EXTI_Callback                   0x08001abd   Thumb Code    62  main.o(i.HAL_GPIO_EXTI_Callback)
    HAL_GPIO_EXTI_IRQHandler                 0x08001afd   Thumb Code    18  stm32f0xx_hal_gpio.o(i.HAL_GPIO_EXTI_IRQHandler)
    HAL_GPIO_Init                            0x08001b15   Thumb Code   314  stm32f0xx_hal_gpio.o(i.HAL_GPIO_Init)
    HAL_GPIO_ReadPin                         0x08001c6d   Thumb Code    10  stm32f0xx_hal_gpio.o(i.HAL_GPIO_ReadPin)
    HAL_GPIO_TogglePin                       0x08001c77   Thumb Code     8  stm32f0xx_hal_gpio.o(i.HAL_GPIO_TogglePin)
    HAL_GPIO_WritePin                        0x08001c7f   Thumb Code    12  stm32f0xx_hal_gpio.o(i.HAL_GPIO_WritePin)
    HAL_GetTick                              0x08001c8d   Thumb Code     6  stm32f0xx_hal.o(i.HAL_GetTick)
    HAL_I2C_DeInit                           0x08001c99   Thumb Code    50  stm32f0xx_hal_i2c.o(i.HAL_I2C_DeInit)
    HAL_I2C_GetState                         0x08001ccb   Thumb Code     6  stm32f0xx_hal_i2c.o(i.HAL_I2C_GetState)
    HAL_I2C_Init                             0x08001cd1   Thumb Code   162  stm32f0xx_hal_i2c.o(i.HAL_I2C_Init)
    HAL_I2C_IsDeviceReady                    0x08001d79   Thumb Code   276  stm32f0xx_hal_i2c.o(i.HAL_I2C_IsDeviceReady)
    HAL_I2C_Mem_Read                         0x08001e91   Thumb Code   276  stm32f0xx_hal_i2c.o(i.HAL_I2C_Mem_Read)
    HAL_I2C_Mem_Write                        0x08001fa9   Thumb Code   262  stm32f0xx_hal_i2c.o(i.HAL_I2C_Mem_Write)
    HAL_I2C_MspDeInit                        0x080020b5   Thumb Code     2  stm32f0xx_hal_i2c.o(i.HAL_I2C_MspDeInit)
    HAL_I2C_MspInit                          0x080020b7   Thumb Code     2  stm32f0xx_hal_i2c.o(i.HAL_I2C_MspInit)
    HAL_IncTick                              0x080020b9   Thumb Code    10  stm32f0xx_hal.o(i.HAL_IncTick)
    HAL_Init                                 0x080020c9   Thumb Code    26  stm32f0xx_hal.o(i.HAL_Init)
    HAL_InitTick                             0x080020e9   Thumb Code    34  stm32f0xx_hal.o(i.HAL_InitTick)
    HAL_MspInit                              0x0800210b   Thumb Code     2  stm32f0xx_hal_msp_template.o(i.HAL_MspInit)
    HAL_NVIC_DisableIRQ                      0x0800210d   Thumb Code    14  stm32f0xx_hal_cortex.o(i.HAL_NVIC_DisableIRQ)
    HAL_NVIC_EnableIRQ                       0x08002121   Thumb Code    14  stm32f0xx_hal_cortex.o(i.HAL_NVIC_EnableIRQ)
    HAL_NVIC_SetPriority                     0x08002135   Thumb Code     8  stm32f0xx_hal_cortex.o(i.HAL_NVIC_SetPriority)
    HAL_PWR_DisableWakeUpPin                 0x0800213d   Thumb Code    14  stm32f0xx_hal_pwr.o(i.HAL_PWR_DisableWakeUpPin)
    HAL_PWR_EnableBkUpAccess                 0x08002151   Thumb Code    12  stm32f0xx_hal_pwr.o(i.HAL_PWR_EnableBkUpAccess)
    HAL_PWR_EnableWakeUpPin                  0x08002161   Thumb Code    14  stm32f0xx_hal_pwr.o(i.HAL_PWR_EnableWakeUpPin)
    HAL_PWR_EnterSTANDBYMode                 0x08002175   Thumb Code    24  stm32f0xx_hal_pwr.o(i.HAL_PWR_EnterSTANDBYMode)
    HAL_PWR_EnterSTOPMode                    0x08002195   Thumb Code    44  stm32f0xx_hal_pwr.o(i.HAL_PWR_EnterSTOPMode)
    HAL_RCCEx_PeriphCLKConfig                0x080021c9   Thumb Code   240  stm32f0xx_hal_rcc_ex.o(i.HAL_RCCEx_PeriphCLKConfig)
    HAL_RCC_ClockConfig                      0x080022c5   Thumb Code   300  stm32f0xx_hal_rcc.o(i.HAL_RCC_ClockConfig)
    HAL_RCC_DisableCSS                       0x080023fd   Thumb Code    14  stm32f0xx_hal_rcc.o(i.HAL_RCC_DisableCSS)
    HAL_RCC_EnableCSS                        0x08002411   Thumb Code    14  stm32f0xx_hal_rcc.o(i.HAL_RCC_EnableCSS)
    HAL_RCC_GetClockConfig                   0x08002425   Thumb Code    46  stm32f0xx_hal_rcc.o(i.HAL_RCC_GetClockConfig)
    HAL_RCC_GetHCLKFreq                      0x0800245d   Thumb Code    26  stm32f0xx_hal_rcc.o(i.HAL_RCC_GetHCLKFreq)
    HAL_RCC_GetOscConfig                     0x08002485   Thumb Code   164  stm32f0xx_hal_rcc.o(i.HAL_RCC_GetOscConfig)
    HAL_RCC_GetPCLK1Freq                     0x0800252d   Thumb Code    22  stm32f0xx_hal_rcc.o(i.HAL_RCC_GetPCLK1Freq)
    HAL_RCC_GetSysClockFreq                  0x0800254d   Thumb Code    90  stm32f0xx_hal_rcc.o(i.HAL_RCC_GetSysClockFreq)
    HAL_RCC_OscConfig                        0x080025d5   Thumb Code  1040  stm32f0xx_hal_rcc.o(i.HAL_RCC_OscConfig)
    HAL_RTC_DeInit                           0x080029e5   Thumb Code   184  stm32f0xx_hal_rtc.o(i.HAL_RTC_DeInit)
    HAL_RTC_DeactivateAlarm                  0x08002aa9   Thumb Code   114  stm32f0xx_hal_rtc.o(i.HAL_RTC_DeactivateAlarm)
    HAL_RTC_GetDate                          0x08002b1b   Thumb Code    68  stm32f0xx_hal_rtc.o(i.HAL_RTC_GetDate)
    HAL_RTC_GetTime                          0x08002b61   Thumb Code    88  stm32f0xx_hal_rtc.o(i.HAL_RTC_GetTime)
    HAL_RTC_Init                             0x08002bbd   Thumb Code   154  stm32f0xx_hal_rtc.o(i.HAL_RTC_Init)
    HAL_RTC_MspDeInit                        0x08002c5d   Thumb Code    52  lowpower_app.o(i.HAL_RTC_MspDeInit)
    HAL_RTC_MspInit                          0x08002c95   Thumb Code    68  lowpower_app.o(i.HAL_RTC_MspInit)
    HAL_RTC_SetAlarm_IT                      0x08002cdd   Thumb Code   296  stm32f0xx_hal_rtc.o(i.HAL_RTC_SetAlarm_IT)
    HAL_RTC_WaitForSynchro                   0x08002e09   Thumb Code    52  stm32f0xx_hal_rtc.o(i.HAL_RTC_WaitForSynchro)
    HAL_SPIEx_FlushRxFifo                    0x08002e3d   Thumb Code    36  stm32f0xx_hal_spi_ex.o(i.HAL_SPIEx_FlushRxFifo)
    HAL_SPI_DeInit                           0x08002e61   Thumb Code    48  stm32f0xx_hal_spi.o(i.HAL_SPI_DeInit)
    HAL_SPI_GetState                         0x08002e91   Thumb Code     6  stm32f0xx_hal_spi.o(i.HAL_SPI_GetState)
    HAL_SPI_Init                             0x08002e99   Thumb Code   204  stm32f0xx_hal_spi.o(i.HAL_SPI_Init)
    HAL_SPI_MspDeInit                        0x08002f69   Thumb Code     2  stm32f0xx_hal_spi.o(i.HAL_SPI_MspDeInit)
    HAL_SPI_MspInit                          0x08002f6b   Thumb Code     2  stm32f0xx_hal_spi.o(i.HAL_SPI_MspInit)
    HAL_SPI_TransmitReceive                  0x08002f6d   Thumb Code   656  stm32f0xx_hal_spi.o(i.HAL_SPI_TransmitReceive)
    HAL_SYSTICK_Config                       0x08003205   Thumb Code    38  stm32f0xx_hal_cortex.o(i.HAL_SYSTICK_Config)
    HAL_UARTEx_WakeupCallback                0x08003235   Thumb Code     2  stm32f0xx_hal_uart_ex.o(i.HAL_UARTEx_WakeupCallback)
    HAL_UART_DeInit                          0x08003237   Thumb Code    60  stm32f0xx_hal_uart.o(i.HAL_UART_DeInit)
    HAL_UART_ErrorCallback                   0x08003273   Thumb Code     2  stm32f0xx_hal_uart.o(i.HAL_UART_ErrorCallback)
    HAL_UART_IRQHandler                      0x08003275   Thumb Code   228  stm32f0xx_hal_uart_ex.o(i.HAL_UART_IRQHandler)
    HAL_UART_Init                            0x08003359   Thumb Code   108  stm32f0xx_hal_uart.o(i.HAL_UART_Init)
    HAL_UART_MspDeInit                       0x080033c5   Thumb Code   292  8uart_app.o(i.HAL_UART_MspDeInit)
    HAL_UART_MspInit                         0x08003505   Thumb Code   556  8uart_app.o(i.HAL_UART_MspInit)
    HAL_UART_Receive_IT                      0x0800374d   Thumb Code   168  stm32f0xx_hal_uart.o(i.HAL_UART_Receive_IT)
    HAL_UART_RxCpltCallback                  0x080037f9   Thumb Code    62  8uart_app.o(i.HAL_UART_RxCpltCallback)
    HAL_UART_Transmit_IT                     0x08003841   Thumb Code    88  stm32f0xx_hal_uart.o(i.HAL_UART_Transmit_IT)
    HAL_UART_TxCpltCallback                  0x08003899   Thumb Code    32  8uart_app.o(i.HAL_UART_TxCpltCallback)
    HardFault_Handler                        0x080038c1   Thumb Code     2  stm32f0xx_it.o(i.HardFault_Handler)
    HuitUartDemo                             0x080038c5   Thumb Code   324  8uart_app.o(i.HuitUartDemo)
    HuitUartUpdateLoopInformation            0x08003aa9   Thumb Code    42  8uart_app.o(i.HuitUartUpdateLoopInformation)
    HuitUartUpdateRxTxInformation            0x08003ae9   Thumb Code   140  8uart_app.o(i.HuitUartUpdateRxTxInformation)
    HuitUartUserAction                       0x08003ca5   Thumb Code    10  8uart_app.o(i.HuitUartUserAction)
    ImageBrowserDemo                         0x080040c1   Thumb Code   146  imagesbrowser_app.o(i.ImageBrowserDemo)
    ImageBrowserMenuUserAction               0x0800416d   Thumb Code    16  imagesbrowser_app.o(i.ImageBrowserMenuUserAction)
    LCD_Delay                                0x08004181   Thumb Code     8  stm32091c_eval.o(i.LCD_Delay)
    LCD_IO_Init                              0x08004249   Thumb Code    74  stm32091c_eval.o(i.LCD_IO_Init)
    LCD_IO_ReadData                          0x0800429d   Thumb Code    68  stm32091c_eval.o(i.LCD_IO_ReadData)
    LCD_IO_WriteMultipleData                 0x080042e5   Thumb Code   102  stm32091c_eval.o(i.LCD_IO_WriteMultipleData)
    LCD_IO_WriteReg                          0x08004355   Thumb Code    50  stm32091c_eval.o(i.LCD_IO_WriteReg)
    LowPowerStandbyRTCAlarm                  0x080045d1   Thumb Code    54  lowpower_app.o(i.LowPowerStandbyRTCAlarm)
    LowPowerStandbyWakeupPin                 0x08004669   Thumb Code    74  lowpower_app.o(i.LowPowerStandbyWakeupPin)
    LowPowerStopEXTI                         0x08004719   Thumb Code   112  lowpower_app.o(i.LowPowerStopEXTI)
    LowPowerStopRTCAlarm                     0x080047f1   Thumb Code   100  lowpower_app.o(i.LowPowerStopRTCAlarm)
    LowPowerUserAction                       0x080048b5   Thumb Code    16  lowpower_app.o(i.LowPowerUserAction)
    NMI_Handler                              0x080048c9   Thumb Code     2  stm32f0xx_it.o(i.NMI_Handler)
    RTC_Bcd2ToByte                           0x08004911   Thumb Code    16  stm32f0xx_hal_rtc.o(i.RTC_Bcd2ToByte)
    RTC_ByteToBcd2                           0x08004921   Thumb Code    22  stm32f0xx_hal_rtc.o(i.RTC_ByteToBcd2)
    RTC_EnterInitMode                        0x080049c1   Thumb Code    56  stm32f0xx_hal_rtc.o(i.RTC_EnterInitMode)
    SD_IO_CSState                            0x08004f19   Thumb Code    26  stm32091c_eval.o(i.SD_IO_CSState)
    SD_IO_Init                               0x08004f39   Thumb Code   156  stm32091c_eval.o(i.SD_IO_Init)
    SD_IO_WriteByte                          0x08004fe1   Thumb Code    20  stm32091c_eval.o(i.SD_IO_WriteByte)
    SD_IO_WriteReadData                      0x08004ff5   Thumb Code     8  stm32091c_eval.o(i.SD_IO_WriteReadData)
    SD_initialize                            0x08005129   Thumb Code    28  sd_diskio.o(i.SD_initialize)
    SD_ioctl                                 0x08005149   Thumb Code    70  sd_diskio.o(i.SD_ioctl)
    SD_read                                  0x08005195   Thumb Code    26  sd_diskio.o(i.SD_read)
    SD_status                                0x080051b1   Thumb Code    28  sd_diskio.o(i.SD_status)
    SD_write                                 0x080051d1   Thumb Code    26  sd_diskio.o(i.SD_write)
    STLM75_Init                              0x080054e9   Thumb Code    78  stlm75.o(i.STLM75_Init)
    STLM75_IsReady                           0x08005537   Thumb Code    22  stlm75.o(i.STLM75_IsReady)
    STLM75_ReadStatus                        0x0800554d   Thumb Code    22  stlm75.o(i.STLM75_ReadStatus)
    STLM75_ReadTemp                          0x08005563   Thumb Code    32  stlm75.o(i.STLM75_ReadTemp)
    SysTick_Handler                          0x08005583   Thumb Code     8  stm32f0xx_it.o(i.SysTick_Handler)
    SystemClock_Config                       0x0800558b   Thumb Code    66  main.o(i.SystemClock_Config)
    SystemClock_STOPExit                     0x080055cd   Thumb Code    82  main.o(i.SystemClock_STOPExit)
    SystemInit                               0x08005625   Thumb Code    76  system_stm32f0xx.o(i.SystemInit)
    TSENSOR_IO_Init                          0x08005681   Thumb Code     8  stm32091c_eval.o(i.TSENSOR_IO_Init)
    TSENSOR_IO_IsDeviceReady                 0x08005689   Thumb Code     8  stm32091c_eval.o(i.TSENSOR_IO_IsDeviceReady)
    TSENSOR_IO_Read                          0x08005691   Thumb Code    18  stm32091c_eval.o(i.TSENSOR_IO_Read)
    TSENSOR_IO_Write                         0x080056a3   Thumb Code    18  stm32091c_eval.o(i.TSENSOR_IO_Write)
    ThermometerDemo                          0x080056b5   Thumb Code    30  thermometer_app.o(i.ThermometerDemo)
    ThermometerMenuUserAction                0x080056d9   Thumb Code    10  thermometer_app.o(i.ThermometerMenuUserAction)
    ThermometerUserHeader                    0x080056e9   Thumb Code    26  thermometer_app.o(i.ThermometerUserHeader)
    ThermometerUserInformation               0x0800571d   Thumb Code   142  thermometer_app.o(i.ThermometerUserInformation)
    UART_AdvFeatureConfig                    0x080057e5   Thumb Code   202  stm32f0xx_hal_uart.o(i.UART_AdvFeatureConfig)
    UART_CheckIdleState                      0x080058b1   Thumb Code    96  stm32f0xx_hal_uart.o(i.UART_CheckIdleState)
    UART_EndTransmit_IT                      0x08005921   Thumb Code    38  stm32f0xx_hal_uart.o(i.UART_EndTransmit_IT)
    UART_Receive_IT                          0x08005947   Thumb Code   142  stm32f0xx_hal_uart.o(i.UART_Receive_IT)
    UART_SetConfig                           0x080059d5   Thumb Code   356  stm32f0xx_hal_uart.o(i.UART_SetConfig)
    UART_Transmit_IT                         0x08005b69   Thumb Code   110  stm32f0xx_hal_uart.o(i.UART_Transmit_IT)
    UART_WaitOnFlagUntilTimeout              0x08005bd7   Thumb Code   174  stm32f0xx_hal_uart.o(i.UART_WaitOnFlagUntilTimeout)
    USART1_IRQHandler                        0x08005c85   Thumb Code    12  stm32f0xx_it.o(i.USART1_IRQHandler)
    USART2_IRQHandler                        0x08005c95   Thumb Code    14  stm32f0xx_it.o(i.USART2_IRQHandler)
    USART3_8_IRQHandler                      0x08005ca9   Thumb Code    98  stm32f0xx_it.o(i.USART3_8_IRQHandler)
    _FilesBrowserDemoExec                    0x08005d15   Thumb Code    18  filesbrowser_app.o(i._FilesBrowserDemoExec)
    _HuitUartConfig                          0x08005d2d   Thumb Code   244  8uart_app.o(i._HuitUartConfig)
    _HuitUartExec                            0x08005e95   Thumb Code    24  8uart_app.o(i._HuitUartExec)
    _HuitUartUnConfig                        0x08005eb5   Thumb Code    68  8uart_app.o(i._HuitUartUnConfig)
    _ImageBrowserDemoExec                    0x08005f29   Thumb Code    18  imagesbrowser_app.o(i._ImageBrowserDemoExec)
    _LowPowerDemoConfig                      0x08005f41   Thumb Code    56  lowpower_app.o(i._LowPowerDemoConfig)
    _LowPowerDemoExec                        0x08005f81   Thumb Code    18  lowpower_app.o(i._LowPowerDemoExec)
    _LowPowerDemoUnConfig                    0x08005f99   Thumb Code    20  lowpower_app.o(i._LowPowerDemoUnConfig)
    _ThermometerConfig                       0x08005fb1   Thumb Code    10  thermometer_app.o(i._ThermometerConfig)
    _ThermometerDemoExec                     0x08005fbd   Thumb Code    24  thermometer_app.o(i._ThermometerDemoExec)
    __0sprintf                               0x08005fdd   Thumb Code    36  printfa.o(i.__0sprintf)
    __1sprintf                               0x08005fdd   Thumb Code     0  printfa.o(i.__0sprintf)
    __2sprintf                               0x08005fdd   Thumb Code     0  printfa.o(i.__0sprintf)
    __c89sprintf                             0x08005fdd   Thumb Code     0  printfa.o(i.__0sprintf)
    sprintf                                  0x08005fdd   Thumb Code     0  printfa.o(i.__0sprintf)
    __ARM_clz                                0x08006005   Thumb Code    46  depilogue.o(i.__ARM_clz)
    __ARM_common_switch8                     0x08006033   Thumb Code    26  k_menu.o(i.__ARM_common_switch8)
    __scatterload_copy                       0x0800604d   Thumb Code    14  handlers.o(i.__scatterload_copy)
    __scatterload_null                       0x0800605b   Thumb Code     2  handlers.o(i.__scatterload_null)
    __scatterload_zeroinit                   0x0800605d   Thumb Code    14  handlers.o(i.__scatterload_zeroinit)
    clust2sect                               0x08006a3d   Thumb Code    30  ff.o(i.clust2sect)
    disk_initialize                          0x08006edd   Thumb Code    38  diskio.o(i.disk_initialize)
    disk_ioctl                               0x08006f09   Thumb Code    24  diskio.o(i.disk_ioctl)
    disk_read                                0x08006f25   Thumb Code    24  diskio.o(i.disk_read)
    disk_status                              0x08006f41   Thumb Code    18  diskio.o(i.disk_status)
    disk_write                               0x08006f59   Thumb Code    24  diskio.o(i.disk_write)
    f_close                                  0x08006f75   Thumb Code    44  ff.o(i.f_close)
    f_closedir                               0x08006fa1   Thumb Code    40  ff.o(i.f_closedir)
    f_mount                                  0x08006fc9   Thumb Code    90  ff.o(i.f_mount)
    f_open                                   0x08007029   Thumb Code   426  ff.o(i.f_open)
    f_opendir                                0x080071d9   Thumb Code   146  ff.o(i.f_opendir)
    f_read                                   0x0800726d   Thumb Code   378  ff.o(i.f_read)
    f_readdir                                0x080073ed   Thumb Code    86  ff.o(i.f_readdir)
    f_stat                                   0x08007443   Thumb Code    68  ff.o(i.f_stat)
    f_sync                                   0x08007487   Thumb Code   168  ff.o(i.f_sync)
    free                                     0x08007899   Thumb Code    80  malloc.o(i.free)
    get_fat                                  0x080078ed   Thumb Code   204  ff.o(i.get_fat)
    get_fattime                              0x080079b9   Thumb Code     4  diskio.o(i.get_fattime)
    hx8347d_DisplayOff                       0x08007a5f   Thumb Code    74  hx8347d.o(i.hx8347d_DisplayOff)
    hx8347d_DisplayOn                        0x08007aa9   Thumb Code    80  hx8347d.o(i.hx8347d_DisplayOn)
    hx8347d_DrawBitmap                       0x08007af9   Thumb Code    68  hx8347d.o(i.hx8347d_DrawBitmap)
    hx8347d_DrawHLine                        0x08007b3d   Thumb Code    48  hx8347d.o(i.hx8347d_DrawHLine)
    hx8347d_DrawVLine                        0x08007b71   Thumb Code    50  hx8347d.o(i.hx8347d_DrawVLine)
    hx8347d_GetLcdPixelHeight                0x08007ba9   Thumb Code     4  hx8347d.o(i.hx8347d_GetLcdPixelHeight)
    hx8347d_GetLcdPixelWidth                 0x08007bad   Thumb Code     6  hx8347d.o(i.hx8347d_GetLcdPixelWidth)
    hx8347d_Init                             0x08007bb5   Thumb Code   538  hx8347d.o(i.hx8347d_Init)
    hx8347d_ReadID                           0x08007dd5   Thumb Code    26  hx8347d.o(i.hx8347d_ReadID)
    hx8347d_ReadPixel                        0x08007df5   Thumb Code    20  hx8347d.o(i.hx8347d_ReadPixel)
    hx8347d_SetCursor                        0x08007e09   Thumb Code    40  hx8347d.o(i.hx8347d_SetCursor)
    hx8347d_SetDisplayWindow                 0x08007e31   Thumb Code    96  hx8347d.o(i.hx8347d_SetDisplayWindow)
    hx8347d_WritePixel                       0x08007e91   Thumb Code    22  hx8347d.o(i.hx8347d_WritePixel)
    hx8347d_WriteReg                         0x08007ea7   Thumb Code    16  hx8347d.o(i.hx8347d_WriteReg)
    kDemo_Initialization                     0x08007f4d   Thumb Code   168  main.o(i.kDemo_Initialization)
    kDemo_Start                              0x080080c9   Thumb Code    46  k_demo.o(i.kDemo_Start)
    kDemo_UnInitialization                   0x080080f7   Thumb Code     2  main.o(i.kDemo_UnInitialization)
    kMenu_EventHandler                       0x080080f9   Thumb Code    62  k_menu.o(i.kMenu_EventHandler)
    kMenu_Execute                            0x0800813d   Thumb Code   610  k_menu.o(i.kMenu_Execute)
    kMenu_Header                             0x08008585   Thumb Code    88  k_menu.o(i.kMenu_Header)
    kMenu_Init                               0x080085e5   Thumb Code    10  k_menu.o(i.kMenu_Init)
    kModule_Add                              0x080085f1   Thumb Code    28  k_module.o(i.kModule_Add)
    kModule_CheckRessource                   0x08008611   Thumb Code    40  k_module.o(i.kModule_CheckRessource)
    kModule_Execute                          0x0800863d   Thumb Code    62  k_module.o(i.kModule_Execute)
    kModule_Init                             0x08008681   Thumb Code   112  main.o(i.kModule_Init)
    kStorage_FileExist                       0x08008709   Thumb Code    38  k_storage.o(i.kStorage_FileExist)
    kStorage_GetDirectoryFiles               0x08008731   Thumb Code   246  k_storage.o(i.kStorage_GetDirectoryFiles)
    kStorage_GetFileInfo                     0x08008831   Thumb Code    14  k_storage.o(i.kStorage_GetFileInfo)
    kStorage_Init                            0x08008841   Thumb Code    36  k_storage.o(i.kStorage_Init)
    kStorage_OpenFileDrawBMP                 0x08008871   Thumb Code   116  k_storage.o(i.kStorage_OpenFileDrawBMP)
    kStorage_OpenFileDrawPixel               0x080088e5   Thumb Code   240  k_storage.o(i.kStorage_OpenFileDrawPixel)
    kStorage_SdDetection                     0x080089d5   Thumb Code    20  k_storage.o(i.kStorage_SdDetection)
    kTools_Buffercmp                         0x08008a21   Thumb Code    34  k_tools.o(i.kTools_Buffercmp)
    kWindow_Error                            0x08008a45   Thumb Code    22  k_window.o(i.kWindow_Error)
    kWindow_Popup                            0x08008a69   Thumb Code   178  k_window.o(i.kWindow_Popup)
    main                                     0x08008b45   Thumb Code    42  main.o(i.main)
    malloc                                   0x08008b71   Thumb Code    92  malloc.o(i.malloc)
    put_fat                                  0x08008c33   Thumb Code   254  ff.o(i.put_fat)
    spfd5408_DisplayOff                      0x08008d97   Thumb Code    74  spfd5408.o(i.spfd5408_DisplayOff)
    spfd5408_DisplayOn                       0x08008de1   Thumb Code    80  spfd5408.o(i.spfd5408_DisplayOn)
    spfd5408_DrawBitmap                      0x08008e31   Thumb Code    70  spfd5408.o(i.spfd5408_DrawBitmap)
    spfd5408_DrawHLine                       0x08008e7d   Thumb Code    48  spfd5408.o(i.spfd5408_DrawHLine)
    spfd5408_DrawVLine                       0x08008eb1   Thumb Code    72  spfd5408.o(i.spfd5408_DrawVLine)
    spfd5408_GetLcdPixelHeight               0x08008f01   Thumb Code     4  spfd5408.o(i.spfd5408_GetLcdPixelHeight)
    spfd5408_GetLcdPixelWidth                0x08008f05   Thumb Code     6  spfd5408.o(i.spfd5408_GetLcdPixelWidth)
    spfd5408_Init                            0x08008f0d   Thumb Code   540  spfd5408.o(i.spfd5408_Init)
    spfd5408_ReadID                          0x08009149   Thumb Code    14  spfd5408.o(i.spfd5408_ReadID)
    spfd5408_ReadPixel                       0x08009157   Thumb Code    20  spfd5408.o(i.spfd5408_ReadPixel)
    spfd5408_SetCursor                       0x0800916b   Thumb Code    28  spfd5408.o(i.spfd5408_SetCursor)
    spfd5408_SetDisplayWindow                0x08009187   Thumb Code    62  spfd5408.o(i.spfd5408_SetDisplayWindow)
    spfd5408_WritePixel                      0x080091c5   Thumb Code    22  spfd5408.o(i.spfd5408_WritePixel)
    spfd5408_WriteReg                        0x080091db   Thumb Code    16  spfd5408.o(i.spfd5408_WriteReg)
    ImageBrowserMenuMenuItems                0x08009318   Data          28  imagesbrowser_app.o(.constdata)
    ImageBrowserMenu                         0x08009334   Data          20  imagesbrowser_app.o(.constdata)
    ModuleImageBrowser                       0x08009348   Data          20  imagesbrowser_app.o(.constdata)
    aAPBAHBPrescTable                        0x0800935c   Data          16  stm32f0xx_hal_rcc.o(.constdata)
    SD_Driver                                0x0800936c   Data          20  sd_diskio.o(.constdata)
    StandbyModeMenuItems                     0x08009380   Data          84  lowpower_app.o(.constdata)
    StandbyModeMenu                          0x080093d4   Data          20  lowpower_app.o(.constdata)
    StopModeMenuItems                        0x080093e8   Data          84  lowpower_app.o(.constdata)
    StopModeMenu                             0x0800943c   Data          20  lowpower_app.o(.constdata)
    LowPowerMenuItems                        0x08009450   Data          84  lowpower_app.o(.constdata)
    LowpowerMenu                             0x080094a4   Data          20  lowpower_app.o(.constdata)
    ModuleLowPower                           0x080094b8   Data          20  lowpower_app.o(.constdata)
    ThermometerMenuMenuItems                 0x080094cc   Data          28  thermometer_app.o(.constdata)
    ThermometerMenu                          0x080094e8   Data          20  thermometer_app.o(.constdata)
    ModuleTsensor                            0x080094fc   Data          20  thermometer_app.o(.constdata)
    HuitUartMenuItems                        0x08009510   Data          28  8uart_app.o(.constdata)
    HuitUartMenu                             0x0800952c   Data          20  8uart_app.o(.constdata)
    aTxBuffer                                0x08009540   Data         180  8uart_app.o(.constdata)
    Module8Uart                              0x080095f4   Data          20  8uart_app.o(.constdata)
    BUTTON_IRQn                              0x0800960e   Data           1  stm32091c_eval.o(.constdata)
    BUTTON_PIN                               0x08009610   Data           2  stm32091c_eval.o(.constdata)
    COM_TX_PIN                               0x08009612   Data           2  stm32091c_eval.o(.constdata)
    COM_RX_PIN                               0x08009614   Data           2  stm32091c_eval.o(.constdata)
    COM_TX_AF                                0x08009616   Data           2  stm32091c_eval.o(.constdata)
    COM_RX_AF                                0x08009618   Data           2  stm32091c_eval.o(.constdata)
    JOY_IRQn                                 0x0800961a   Data           5  stm32091c_eval.o(.constdata)
    LED_PIN                                  0x08009620   Data           8  stm32091c_eval.o(.constdata)
    JOY_PIN                                  0x08009628   Data          10  stm32091c_eval.o(.constdata)
    Font24_Table                             0x08009632   Data        6840  stm32091c_eval_lcd.o(.constdata)
    Font20_Table                             0x0800b0ea   Data        3800  stm32091c_eval_lcd.o(.constdata)
    Font16_Table                             0x0800bfc2   Data        3040  stm32091c_eval_lcd.o(.constdata)
    Font12_Table                             0x0800cba2   Data        1140  stm32091c_eval_lcd.o(.constdata)
    FilesBrowserMenuMenuItems                0x0800d0c4   Data          28  filesbrowser_app.o(.constdata)
    FilesBrowserMenu                         0x0800d0e0   Data          20  filesbrowser_app.o(.constdata)
    ModuleFilesBrowser                       0x0800d0f4   Data          20  filesbrowser_app.o(.constdata)
    MainMenuItems                            0x0800d108   Data         168  main_app.o(.constdata)
    MainMenu                                 0x0800d1b0   Data          20  main_app.o(.constdata)
    ModuleAppMain                            0x0800d1c4   Data          20  main_app.o(.constdata)
    Region$$Table$$Base                      0x0800d370   Number         0  anon$$obj.o(Region$$Table)
    Region$$Table$$Limit                     0x0800d390   Number         0  anon$$obj.o(Region$$Table)
    spfd5408_drv                             0x20000004   Data          56  spfd5408.o(.data)
    Stlm75Drv                                0x20000040   Data          16  stlm75.o(.data)
    hx8347d_drv                              0x20000050   Data          56  hx8347d.o(.data)
    UartHandle                               0x200000b0   Data           4  8uart_app.o(.data)
    SystemCoreClock                          0x200000b4   Data           4  system_stm32f0xx.o(.data)
    SdStatus                                 0x200000b8   Data           1  stm32091c_eval_sd.o(.data)
    flag_SDHC                                0x200000ba   Data           2  stm32091c_eval_sd.o(.data)
    TSENSORAddress                           0x200000bc   Data           2  stm32091c_eval_tsensor.o(.data)
    BUTTON_PORT                              0x200000c4   Data           4  stm32091c_eval.o(.data)
    COM_USART                                0x200000c8   Data           4  stm32091c_eval.o(.data)
    COM_TX_PORT                              0x200000cc   Data           4  stm32091c_eval.o(.data)
    COM_RX_PORT                              0x200000d0   Data           4  stm32091c_eval.o(.data)
    I2c1Timeout                              0x200000d4   Data           4  stm32091c_eval.o(.data)
    I2c2Timeout                              0x200000d8   Data           4  stm32091c_eval.o(.data)
    SpixTimeout                              0x200000dc   Data           4  stm32091c_eval.o(.data)
    LED_PORT                                 0x200000e0   Data          16  stm32091c_eval.o(.data)
    JOY_PORT                                 0x200000f0   Data          20  stm32091c_eval.o(.data)
    Font24                                   0x20000108   Data           8  stm32091c_eval_lcd.o(.data)
    Font20                                   0x20000110   Data           8  stm32091c_eval_lcd.o(.data)
    Font16                                   0x20000118   Data           8  stm32091c_eval_lcd.o(.data)
    Font12                                   0x20000120   Data           8  stm32091c_eval_lcd.o(.data)
    exit_func                                0x20000132   Data           1  main_app.o(.data)
    __microlib_freelist                      0x20000134   Data           4  mvars.o(.data)
    __microlib_freelist_initialised          0x20000138   Data           4  mvars.o(.data)
    aRxBuffer                                0x20000b5c   Data          32  8uart_app.o(.bss)
    heval_I2c1                               0x20000b7c   Data          60  stm32091c_eval.o(.bss)
    heval_I2c2                               0x20000bb8   Data          60  stm32091c_eval.o(.bss)
    DrawProp                                 0x20000fc0   Data          12  stm32091c_eval_lcd.o(.bss)
    disk                                     0x20000fe4   Data          12  ff_gen_drv.o(.bss)
    fileinfo                                 0x20000ff0   Data          24  filesbrowser_app.o(.bss)
    stringline                               0x20001008   Data        2304  filesbrowser_app.o(.bss)
    __heap_base                              0x20001908   Data           0  startup_stm32f091xc.o(HEAP)
    __heap_limit                             0x20004908   Data           0  startup_stm32f091xc.o(HEAP)
    __initial_sp                             0x20006108   Data           0  startup_stm32f091xc.o(STACK)



==============================================================================

Memory Map of the image

  Image Entry point : 0x080000bd

  Load Region LR_IROM1 (Base: 0x08000000, Size: 0x0000d4cc, Max: 0x00040000, ABSOLUTE, COMPRESSED[0x0000d43c])

    Execution Region ER_IROM1 (Base: 0x08000000, Size: 0x0000d390, Max: 0x00040000, ABSOLUTE)

    Base Addr    Size         Type   Attr      Idx    E Section Name        Object

    0x08000000   0x000000bc   Data   RO         3618    RESET               startup_stm32f091xc.o
    0x080000bc   0x00000000   Code   RO         4984  * .ARM.Collect$$$$00000000  mc_p.l(entry.o)
    0x080000bc   0x00000004   Code   RO         5308    .ARM.Collect$$$$00000001  mc_p.l(entry2.o)
    0x080000c0   0x00000004   Code   RO         5311    .ARM.Collect$$$$00000004  mc_p.l(entry5.o)
    0x080000c4   0x00000000   Code   RO         5313    .ARM.Collect$$$$00000008  mc_p.l(entry7b.o)
    0x080000c4   0x00000000   Code   RO         5315    .ARM.Collect$$$$0000000A  mc_p.l(entry8b.o)
    0x080000c4   0x00000008   Code   RO         5316    .ARM.Collect$$$$0000000B  mc_p.l(entry9a.o)
    0x080000cc   0x00000000   Code   RO         5318    .ARM.Collect$$$$0000000D  mc_p.l(entry10a.o)
    0x080000cc   0x00000000   Code   RO         5320    .ARM.Collect$$$$0000000F  mc_p.l(entry11a.o)
    0x080000cc   0x00000004   Code   RO         5309    .ARM.Collect$$$$00002712  mc_p.l(entry2.o)
    0x080000d0   0x0000001c   Code   RO         3619    .text               startup_stm32f091xc.o
    0x080000ec   0x0000002c   Code   RO         4987    .text               mc_p.l(uidiv.o)
    0x08000118   0x00000022   Code   RO         4989    .text               mc_p.l(llushr.o)
    0x0800013a   0x00000024   Code   RO         4991    .text               mc_p.l(memcpya.o)
    0x0800015e   0x00000024   Code   RO         4993    .text               mc_p.l(memseta.o)
    0x08000182   0x0000000e   Code   RO         4995    .text               mc_p.l(strlen.o)
    0x08000190   0x0000001c   Code   RO         4997    .text               mc_p.l(strcmp.o)
    0x080001ac   0x00000012   Code   RO         4999    .text               mc_p.l(strcpy.o)
    0x080001be   0x00000014   Code   RO         5292    .text               mc_p.l(uread4.o)
    0x080001d2   0x000000b2   Code   RO         5294    .text               mf_p.l(fadd.o)
    0x08000284   0x0000007a   Code   RO         5296    .text               mf_p.l(fmul.o)
    0x080002fe   0x00000016   Code   RO         5300    .text               mf_p.l(fflti.o)
    0x08000314   0x0000000e   Code   RO         5302    .text               mf_p.l(ffltui.o)
    0x08000322   0x00000028   Code   RO         5306    .text               mf_p.l(f2d.o)
    0x0800034a   0x00000060   Code   RO         5325    .text               mc_p.l(uldiv.o)
    0x080003aa   0x00000000   Code   RO         5329    .text               mc_p.l(iusefp.o)
    0x080003aa   0x00000082   Code   RO         5330    .text               mf_p.l(fepilogue.o)
    0x0800042c   0x00000164   Code   RO         5332    .text               mf_p.l(dadd.o)
    0x08000590   0x000000d0   Code   RO         5334    .text               mf_p.l(dmul.o)
    0x08000660   0x000000f0   Code   RO         5336    .text               mf_p.l(ddiv.o)
    0x08000750   0x00000040   Code   RO         5338    .text               mf_p.l(dfixul.o)
    0x08000790   0x00000028   Code   RO         5340    .text               mf_p.l(cdrcmple.o)
    0x080007b8   0x00000024   Code   RO         5342    .text               mc_p.l(init.o)
    0x080007dc   0x00000020   Code   RO         5345    .text               mc_p.l(llshl.o)
    0x080007fc   0x00000026   Code   RO         5347    .text               mc_p.l(llsshr.o)
    0x08000822   0x000000be   Code   RO         5350    .text               mf_p.l(depilogue.o)
    0x080008e0   0x00000056   Code   RO         5362    .text               mc_p.l(__dczerorl2.o)
    0x08000936   0x00000002   PAD
    0x08000938   0x0000001c   Code   RO         4944    i.AppMainExec       main_app.o
    0x08000954   0x0000002c   Code   RO         4945    i.AppMainExecCheckRessource  main_app.o
    0x08000980   0x0000012c   Code   RO         4946    i.AppMain_About     main_app.o
    0x08000aac   0x00000010   Code   RO         4947    i.AppMain_UserEvent  main_app.o
    0x08000abc   0x00000030   Code   RO         3816    i.BSP_JOY_GetState  stm32091c_eval.o
    0x08000aec   0x000000ac   Code   RO         3817    i.BSP_JOY_Init      stm32091c_eval.o
    0x08000b98   0x00000030   Code   RO         4083    i.BSP_LCD_Clear     stm32091c_eval_lcd.o
    0x08000bc8   0x00000028   Code   RO         4085    i.BSP_LCD_DisplayChar  stm32091c_eval_lcd.o
    0x08000bf0   0x00000098   Code   RO         4088    i.BSP_LCD_DisplayStringAt  stm32091c_eval_lcd.o
    0x08000c88   0x0000001c   Code   RO         4089    i.BSP_LCD_DisplayStringAtLine  stm32091c_eval_lcd.o
    0x08000ca4   0x00000068   Code   RO         4090    i.BSP_LCD_DrawBitmap  stm32091c_eval_lcd.o
    0x08000d0c   0x00000044   Code   RO         4093    i.BSP_LCD_DrawHLine  stm32091c_eval_lcd.o
    0x08000d50   0x00000014   Code   RO         4095    i.BSP_LCD_DrawPixel  stm32091c_eval_lcd.o
    0x08000d64   0x00000032   Code   RO         4097    i.BSP_LCD_DrawRect  stm32091c_eval_lcd.o
    0x08000d96   0x00000002   PAD
    0x08000d98   0x00000068   Code   RO         4098    i.BSP_LCD_DrawVLine  stm32091c_eval_lcd.o
    0x08000e00   0x00000030   Code   RO         4101    i.BSP_LCD_FillRect  stm32091c_eval_lcd.o
    0x08000e30   0x0000000c   Code   RO         4105    i.BSP_LCD_GetXSize  stm32091c_eval_lcd.o
    0x08000e3c   0x0000000c   Code   RO         4106    i.BSP_LCD_GetYSize  stm32091c_eval_lcd.o
    0x08000e48   0x00000050   Code   RO         4107    i.BSP_LCD_Init      stm32091c_eval_lcd.o
    0x08000e98   0x0000000c   Code   RO         4109    i.BSP_LCD_SetBackColor  stm32091c_eval_lcd.o
    0x08000ea4   0x0000000c   Code   RO         4110    i.BSP_LCD_SetFont   stm32091c_eval_lcd.o
    0x08000eb0   0x0000000c   Code   RO         4111    i.BSP_LCD_SetTextColor  stm32091c_eval_lcd.o
    0x08000ebc   0x00000060   Code   RO         3818    i.BSP_LED_Init      stm32091c_eval.o
    0x08000f1c   0x0000001c   Code   RO         3821    i.BSP_LED_Toggle    stm32091c_eval.o
    0x08000f38   0x00000078   Code   RO         3823    i.BSP_PB_Init       stm32091c_eval.o
    0x08000fb0   0x00000058   Code   RO         3626    i.BSP_SD_GetCardInfo  stm32091c_eval_sd.o
    0x08001008   0x0000003e   Code   RO         3627    i.BSP_SD_GetStatus  stm32091c_eval_sd.o
    0x08001046   0x00000002   PAD
    0x08001048   0x00000028   Code   RO         3628    i.BSP_SD_Init       stm32091c_eval_sd.o
    0x08001070   0x00000024   Code   RO         3629    i.BSP_SD_IsDetected  stm32091c_eval_sd.o
    0x08001094   0x000000dc   Code   RO         3630    i.BSP_SD_ReadBlocks  stm32091c_eval_sd.o
    0x08001170   0x00000108   Code   RO         3631    i.BSP_SD_WriteBlocks  stm32091c_eval_sd.o
    0x08001278   0x00000054   Code   RO         3718    i.BSP_TSENSOR_Init  stm32091c_eval_tsensor.o
    0x080012cc   0x00000010   Code   RO         3720    i.BSP_TSENSOR_ReadTemp  stm32091c_eval_tsensor.o
    0x080012dc   0x0000000a   Code   RO         4311    i.EXTI0_1_IRQHandler  stm32f0xx_it.o
    0x080012e6   0x00000010   Code   RO         4312    i.EXTI2_3_IRQHandler  stm32f0xx_it.o
    0x080012f6   0x00000020   Code   RO         4313    i.EXTI4_15_IRQHandler  stm32f0xx_it.o
    0x08001316   0x00000020   Code   RO         4405    i.Error_Handler     main.o
    0x08001336   0x0000000a   Code   RO         4801    i.FATFS_LinkDriver  ff_gen_drv.o
    0x08001340   0x00000040   Code   RO         4802    i.FATFS_LinkDriverEx  ff_gen_drv.o
    0x08001380   0x000002c4   Code   RO         4898    i.FilesBrowserDemo  filesbrowser_app.o
    0x08001644   0x00000314   Code   RO         4899    i.FilesBrowserDisplayFiles  filesbrowser_app.o
    0x08001958   0x00000014   Code   RO         4900    i.FilesBrowserMenuUserAction  filesbrowser_app.o
    0x0800196c   0x00000054   Code   RO         3462    i.GetUartIndex      8uart_app.o
    0x080019c0   0x00000016   Code   RO         2213    i.HAL_Delay         stm32f0xx_hal.o
    0x080019d6   0x00000002   PAD
    0x080019d8   0x000000e4   Code   RO         2096    i.HAL_GPIO_DeInit   stm32f0xx_hal_gpio.o
    0x08001abc   0x0000003e   Code   RO         4406    i.HAL_GPIO_EXTI_Callback  main.o
    0x08001afa   0x00000002   PAD
    0x08001afc   0x00000018   Code   RO         2098    i.HAL_GPIO_EXTI_IRQHandler  stm32f0xx_hal_gpio.o
    0x08001b14   0x00000158   Code   RO         2099    i.HAL_GPIO_Init     stm32f0xx_hal_gpio.o
    0x08001c6c   0x0000000a   Code   RO         2101    i.HAL_GPIO_ReadPin  stm32f0xx_hal_gpio.o
    0x08001c76   0x00000008   Code   RO         2102    i.HAL_GPIO_TogglePin  stm32f0xx_hal_gpio.o
    0x08001c7e   0x0000000c   Code   RO         2103    i.HAL_GPIO_WritePin  stm32f0xx_hal_gpio.o
    0x08001c8a   0x00000002   PAD
    0x08001c8c   0x0000000c   Code   RO         2217    i.HAL_GetTick       stm32f0xx_hal.o
    0x08001c98   0x00000032   Code   RO         1293    i.HAL_I2C_DeInit    stm32f0xx_hal_i2c.o
    0x08001cca   0x00000006   Code   RO         1299    i.HAL_I2C_GetState  stm32f0xx_hal_i2c.o
    0x08001cd0   0x000000a8   Code   RO         1300    i.HAL_I2C_Init      stm32f0xx_hal_i2c.o
    0x08001d78   0x00000118   Code   RO         1301    i.HAL_I2C_IsDeviceReady  stm32f0xx_hal_i2c.o
    0x08001e90   0x00000118   Code   RO         1312    i.HAL_I2C_Mem_Read  stm32f0xx_hal_i2c.o
    0x08001fa8   0x0000010c   Code   RO         1315    i.HAL_I2C_Mem_Write  stm32f0xx_hal_i2c.o
    0x080020b4   0x00000002   Code   RO         1318    i.HAL_I2C_MspDeInit  stm32f0xx_hal_i2c.o
    0x080020b6   0x00000002   Code   RO         1319    i.HAL_I2C_MspInit   stm32f0xx_hal_i2c.o
    0x080020b8   0x00000010   Code   RO         2218    i.HAL_IncTick       stm32f0xx_hal.o
    0x080020c8   0x00000020   Code   RO         2219    i.HAL_Init          stm32f0xx_hal.o
    0x080020e8   0x00000022   Code   RO         2220    i.HAL_InitTick      stm32f0xx_hal.o
    0x0800210a   0x00000002   Code   RO         2059    i.HAL_MspInit       stm32f0xx_hal_msp_template.o
    0x0800210c   0x00000014   Code   RO         2496    i.HAL_NVIC_DisableIRQ  stm32f0xx_hal_cortex.o
    0x08002120   0x00000014   Code   RO         2497    i.HAL_NVIC_EnableIRQ  stm32f0xx_hal_cortex.o
    0x08002134   0x00000008   Code   RO         2501    i.HAL_NVIC_SetPriority  stm32f0xx_hal_cortex.o
    0x0800213c   0x00000014   Code   RO         1143    i.HAL_PWR_DisableWakeUpPin  stm32f0xx_hal_pwr.o
    0x08002150   0x00000010   Code   RO         1144    i.HAL_PWR_EnableBkUpAccess  stm32f0xx_hal_pwr.o
    0x08002160   0x00000014   Code   RO         1147    i.HAL_PWR_EnableWakeUpPin  stm32f0xx_hal_pwr.o
    0x08002174   0x00000020   Code   RO         1149    i.HAL_PWR_EnterSTANDBYMode  stm32f0xx_hal_pwr.o
    0x08002194   0x00000034   Code   RO         1150    i.HAL_PWR_EnterSTOPMode  stm32f0xx_hal_pwr.o
    0x080021c8   0x000000fc   Code   RO         1646    i.HAL_RCCEx_PeriphCLKConfig  stm32f0xx_hal_rcc_ex.o
    0x080022c4   0x00000138   Code   RO         2900    i.HAL_RCC_ClockConfig  stm32f0xx_hal_rcc.o
    0x080023fc   0x00000014   Code   RO         2902    i.HAL_RCC_DisableCSS  stm32f0xx_hal_rcc.o
    0x08002410   0x00000014   Code   RO         2903    i.HAL_RCC_EnableCSS  stm32f0xx_hal_rcc.o
    0x08002424   0x00000038   Code   RO         2904    i.HAL_RCC_GetClockConfig  stm32f0xx_hal_rcc.o
    0x0800245c   0x00000028   Code   RO         2905    i.HAL_RCC_GetHCLKFreq  stm32f0xx_hal_rcc.o
    0x08002484   0x000000a8   Code   RO         2906    i.HAL_RCC_GetOscConfig  stm32f0xx_hal_rcc.o
    0x0800252c   0x00000020   Code   RO         2907    i.HAL_RCC_GetPCLK1Freq  stm32f0xx_hal_rcc.o
    0x0800254c   0x00000088   Code   RO         2908    i.HAL_RCC_GetSysClockFreq  stm32f0xx_hal_rcc.o
    0x080025d4   0x00000410   Code   RO         2911    i.HAL_RCC_OscConfig  stm32f0xx_hal_rcc.o
    0x080029e4   0x000000c4   Code   RO          678    i.HAL_RTC_DeInit    stm32f0xx_hal_rtc.o
    0x08002aa8   0x00000072   Code   RO          679    i.HAL_RTC_DeactivateAlarm  stm32f0xx_hal_rtc.o
    0x08002b1a   0x00000044   Code   RO          681    i.HAL_RTC_GetDate   stm32f0xx_hal_rtc.o
    0x08002b5e   0x00000002   PAD
    0x08002b60   0x0000005c   Code   RO          683    i.HAL_RTC_GetTime   stm32f0xx_hal_rtc.o
    0x08002bbc   0x000000a0   Code   RO          684    i.HAL_RTC_Init      stm32f0xx_hal_rtc.o
    0x08002c5c   0x00000038   Code   RO         3297    i.HAL_RTC_MspDeInit  lowpower_app.o
    0x08002c94   0x00000048   Code   RO         3298    i.HAL_RTC_MspInit   lowpower_app.o
    0x08002cdc   0x0000012c   Code   RO          689    i.HAL_RTC_SetAlarm_IT  stm32f0xx_hal_rtc.o
    0x08002e08   0x00000034   Code   RO          692    i.HAL_RTC_WaitForSynchro  stm32f0xx_hal_rtc.o
    0x08002e3c   0x00000024   Code   RO         2010    i.HAL_SPIEx_FlushRxFifo  stm32f0xx_hal_spi_ex.o
    0x08002e60   0x00000030   Code   RO         1713    i.HAL_SPI_DeInit    stm32f0xx_hal_spi.o
    0x08002e90   0x00000006   Code   RO         1716    i.HAL_SPI_GetState  stm32f0xx_hal_spi.o
    0x08002e96   0x00000002   PAD
    0x08002e98   0x000000d0   Code   RO         1718    i.HAL_SPI_Init      stm32f0xx_hal_spi.o
    0x08002f68   0x00000002   Code   RO         1719    i.HAL_SPI_MspDeInit  stm32f0xx_hal_spi.o
    0x08002f6a   0x00000002   Code   RO         1720    i.HAL_SPI_MspInit   stm32f0xx_hal_spi.o
    0x08002f6c   0x00000298   Code   RO         1727    i.HAL_SPI_TransmitReceive  stm32f0xx_hal_spi.o
    0x08003204   0x00000030   Code   RO         2505    i.HAL_SYSTICK_Config  stm32f0xx_hal_cortex.o
    0x08003234   0x00000002   Code   RO          520    i.HAL_UARTEx_WakeupCallback  stm32f0xx_hal_uart_ex.o
    0x08003236   0x0000003c   Code   RO          906    i.HAL_UART_DeInit   stm32f0xx_hal_uart.o
    0x08003272   0x00000002   Code   RO          907    i.HAL_UART_ErrorCallback  stm32f0xx_hal_uart.o
    0x08003274   0x000000e4   Code   RO          521    i.HAL_UART_IRQHandler  stm32f0xx_hal_uart_ex.o
    0x08003358   0x0000006c   Code   RO          910    i.HAL_UART_Init     stm32f0xx_hal_uart.o
    0x080033c4   0x00000140   Code   RO         3463    i.HAL_UART_MspDeInit  8uart_app.o
    0x08003504   0x00000248   Code   RO         3464    i.HAL_UART_MspInit  8uart_app.o
    0x0800374c   0x000000ac   Code   RO          915    i.HAL_UART_Receive_IT  stm32f0xx_hal_uart.o
    0x080037f8   0x00000048   Code   RO         3465    i.HAL_UART_RxCpltCallback  8uart_app.o
    0x08003840   0x00000058   Code   RO          920    i.HAL_UART_Transmit_IT  stm32f0xx_hal_uart.o
    0x08003898   0x00000028   Code   RO         3466    i.HAL_UART_TxCpltCallback  8uart_app.o
    0x080038c0   0x00000002   Code   RO         4314    i.HardFault_Handler  stm32f0xx_it.o
    0x080038c2   0x00000002   PAD
    0x080038c4   0x000001e4   Code   RO         3467    i.HuitUartDemo      8uart_app.o
    0x08003aa8   0x00000040   Code   RO         3468    i.HuitUartUpdateLoopInformation  8uart_app.o
    0x08003ae8   0x000000ec   Code   RO         3469    i.HuitUartUpdateRxTxInformation  8uart_app.o
    0x08003bd4   0x000000d0   Code   RO         3470    i.HuitUartUpdateUserHeader  8uart_app.o
    0x08003ca4   0x00000010   Code   RO         3471    i.HuitUartUserAction  8uart_app.o
    0x08003cb4   0x00000014   Code   RO         3831    i.I2C1_Error        stm32091c_eval.o
    0x08003cc8   0x00000040   Code   RO         3832    i.I2C1_Init         stm32091c_eval.o
    0x08003d08   0x0000001c   Code   RO         3833    i.I2C1_IsDeviceReady  stm32091c_eval.o
    0x08003d24   0x00000068   Code   RO         3834    i.I2C1_MspInit      stm32091c_eval.o
    0x08003d8c   0x00000030   Code   RO         3835    i.I2C1_ReadBuffer   stm32091c_eval.o
    0x08003dbc   0x00000030   Code   RO         3836    i.I2C1_WriteBuffer  stm32091c_eval.o
    0x08003dec   0x00000084   Code   RO         1335    i.I2C_IsAcknowledgeFailed  stm32f0xx_hal_i2c.o
    0x08003e70   0x00000064   Code   RO         1338    i.I2C_RequestMemoryRead  stm32f0xx_hal_i2c.o
    0x08003ed4   0x00000064   Code   RO         1339    i.I2C_RequestMemoryWrite  stm32f0xx_hal_i2c.o
    0x08003f38   0x00000024   Code   RO         1342    i.I2C_TransferConfig  stm32f0xx_hal_i2c.o
    0x08003f5c   0x0000006e   Code   RO         1343    i.I2C_WaitOnFlagUntilTimeout  stm32f0xx_hal_i2c.o
    0x08003fca   0x00000050   Code   RO         1345    i.I2C_WaitOnSTOPFlagUntilTimeout  stm32f0xx_hal_i2c.o
    0x0800401a   0x00000054   Code   RO         1346    i.I2C_WaitOnTXISFlagUntilTimeout  stm32f0xx_hal_i2c.o
    0x0800406e   0x00000002   PAD
    0x08004070   0x00000050   Code   RO         3472    i.IRQ_Managment     8uart_app.o
    0x080040c0   0x000000ac   Code   RO            3    i.ImageBrowserDemo  imagesbrowser_app.o
    0x0800416c   0x00000014   Code   RO            4    i.ImageBrowserMenuUserAction  imagesbrowser_app.o
    0x08004180   0x00000008   Code   RO         3839    i.LCD_Delay         stm32091c_eval.o
    0x08004188   0x000000c0   Code   RO         4112    i.LCD_DrawChar      stm32091c_eval_lcd.o
    0x08004248   0x00000054   Code   RO         3840    i.LCD_IO_Init       stm32091c_eval.o
    0x0800429c   0x00000048   Code   RO         3841    i.LCD_IO_ReadData   stm32091c_eval.o
    0x080042e4   0x00000070   Code   RO         3842    i.LCD_IO_WriteMultipleData  stm32091c_eval.o
    0x08004354   0x00000038   Code   RO         3843    i.LCD_IO_WriteReg   stm32091c_eval.o
    0x0800438c   0x0000001c   Code   RO         4113    i.LCD_SetDisplayWindow  stm32091c_eval_lcd.o
    0x080043a8   0x00000228   Code   RO         3299    i.LowPowerHandleAlarm  lowpower_app.o
    0x080045d0   0x00000098   Code   RO         3300    i.LowPowerStandbyRTCAlarm  lowpower_app.o
    0x08004668   0x000000b0   Code   RO         3301    i.LowPowerStandbyWakeupPin  lowpower_app.o
    0x08004718   0x000000d8   Code   RO         3302    i.LowPowerStopEXTI  lowpower_app.o
    0x080047f0   0x000000c4   Code   RO         3303    i.LowPowerStopRTCAlarm  lowpower_app.o
    0x080048b4   0x00000014   Code   RO         3304    i.LowPowerUserAction  lowpower_app.o
    0x080048c8   0x00000002   Code   RO         4316    i.NMI_Handler       stm32f0xx_it.o
    0x080048ca   0x00000002   PAD
    0x080048cc   0x00000044   Code   RO         2507    i.NVIC_SetPriority  stm32f0xx_hal_cortex.o
    0x08004910   0x00000010   Code   RO          693    i.RTC_Bcd2ToByte    stm32f0xx_hal_rtc.o
    0x08004920   0x00000016   Code   RO          694    i.RTC_ByteToBcd2    stm32f0xx_hal_rtc.o
    0x08004936   0x00000002   PAD
    0x08004938   0x00000088   Code   RO         3305    i.RTC_Config        lowpower_app.o
    0x080049c0   0x00000038   Code   RO          695    i.RTC_EnterInitMode  stm32f0xx_hal_rtc.o
    0x080049f8   0x00000102   Code   RO         3632    i.SD_GetCIDRegister  stm32091c_eval_sd.o
    0x08004afa   0x00000002   PAD
    0x08004afc   0x00000270   Code   RO         3633    i.SD_GetCSDRegister  stm32091c_eval_sd.o
    0x08004d6c   0x000001ac   Code   RO         3634    i.SD_GoIdleState    stm32091c_eval_sd.o
    0x08004f18   0x00000020   Code   RO         3844    i.SD_IO_CSState     stm32091c_eval.o
    0x08004f38   0x000000a8   Code   RO         3845    i.SD_IO_Init        stm32091c_eval.o
    0x08004fe0   0x00000014   Code   RO         3846    i.SD_IO_WriteByte   stm32091c_eval.o
    0x08004ff4   0x00000008   Code   RO         3847    i.SD_IO_WriteReadData  stm32091c_eval.o
    0x08004ffc   0x00000018   Code   RO         3635    i.SD_ReadData       stm32091c_eval_sd.o
    0x08005014   0x000000e8   Code   RO         3636    i.SD_SendCmd        stm32091c_eval_sd.o
    0x080050fc   0x0000002c   Code   RO         3637    i.SD_WaitData       stm32091c_eval_sd.o
    0x08005128   0x00000020   Code   RO         2994    i.SD_initialize     sd_diskio.o
    0x08005148   0x0000004c   Code   RO         2995    i.SD_ioctl          sd_diskio.o
    0x08005194   0x0000001a   Code   RO         2996    i.SD_read           sd_diskio.o
    0x080051ae   0x00000002   PAD
    0x080051b0   0x00000020   Code   RO         2997    i.SD_status         sd_diskio.o
    0x080051d0   0x0000001a   Code   RO         2998    i.SD_write          sd_diskio.o
    0x080051ea   0x00000032   Code   RO         1753    i.SPI_EndRxTxTransaction  stm32f0xx_hal_spi.o
    0x0800521c   0x000000a4   Code   RO         1760    i.SPI_WaitFifoStateUntilTimeout  stm32f0xx_hal_spi.o
    0x080052c0   0x00000090   Code   RO         1761    i.SPI_WaitFlagStateUntilTimeout  stm32f0xx_hal_spi.o
    0x08005350   0x00000014   Code   RO         3848    i.SPIx_Error        stm32091c_eval.o
    0x08005364   0x00000050   Code   RO         3849    i.SPIx_Init         stm32091c_eval.o
    0x080053b4   0x000000b4   Code   RO         3850    i.SPIx_MspInit      stm32091c_eval.o
    0x08005468   0x00000030   Code   RO         3851    i.SPIx_Read         stm32091c_eval.o
    0x08005498   0x00000028   Code   RO         3852    i.SPIx_Write        stm32091c_eval.o
    0x080054c0   0x00000028   Code   RO         3853    i.SPIx_WriteReadData  stm32091c_eval.o
    0x080054e8   0x0000004e   Code   RO          320    i.STLM75_Init       stlm75.o
    0x08005536   0x00000016   Code   RO          321    i.STLM75_IsReady    stlm75.o
    0x0800554c   0x00000016   Code   RO          322    i.STLM75_ReadStatus  stlm75.o
    0x08005562   0x00000020   Code   RO          323    i.STLM75_ReadTemp   stlm75.o
    0x08005582   0x00000008   Code   RO         4317    i.SysTick_Handler   stm32f0xx_it.o
    0x0800558a   0x00000042   Code   RO         4407    i.SystemClock_Config  main.o
    0x080055cc   0x00000058   Code   RO         4408    i.SystemClock_STOPExit  main.o
    0x08005624   0x0000005c   Code   RO         3586    i.SystemInit        system_stm32f0xx.o
    0x08005680   0x00000008   Code   RO         3854    i.TSENSOR_IO_Init   stm32091c_eval.o
    0x08005688   0x00000008   Code   RO         3855    i.TSENSOR_IO_IsDeviceReady  stm32091c_eval.o
    0x08005690   0x00000012   Code   RO         3856    i.TSENSOR_IO_Read   stm32091c_eval.o
    0x080056a2   0x00000012   Code   RO         3857    i.TSENSOR_IO_Write  stm32091c_eval.o
    0x080056b4   0x00000024   Code   RO         3404    i.ThermometerDemo   thermometer_app.o
    0x080056d8   0x00000010   Code   RO         3405    i.ThermometerMenuUserAction  thermometer_app.o
    0x080056e8   0x00000034   Code   RO         3406    i.ThermometerUserHeader  thermometer_app.o
    0x0800571c   0x000000c8   Code   RO         3407    i.ThermometerUserInformation  thermometer_app.o
    0x080057e4   0x000000ca   Code   RO          923    i.UART_AdvFeatureConfig  stm32f0xx_hal_uart.o
    0x080058ae   0x00000002   PAD
    0x080058b0   0x00000070   Code   RO          924    i.UART_CheckIdleState  stm32f0xx_hal_uart.o
    0x08005920   0x00000026   Code   RO          930    i.UART_EndTransmit_IT  stm32f0xx_hal_uart.o
    0x08005946   0x0000008e   Code   RO          931    i.UART_Receive_IT   stm32f0xx_hal_uart.o
    0x080059d4   0x00000194   Code   RO          932    i.UART_SetConfig    stm32f0xx_hal_uart.o
    0x08005b68   0x0000006e   Code   RO          933    i.UART_Transmit_IT  stm32f0xx_hal_uart.o
    0x08005bd6   0x000000ae   Code   RO          934    i.UART_WaitOnFlagUntilTimeout  stm32f0xx_hal_uart.o
    0x08005c84   0x00000010   Code   RO         4318    i.USART1_IRQHandler  stm32f0xx_it.o
    0x08005c94   0x00000014   Code   RO         4319    i.USART2_IRQHandler  stm32f0xx_it.o
    0x08005ca8   0x0000006c   Code   RO         4320    i.USART3_8_IRQHandler  stm32f0xx_it.o
    0x08005d14   0x00000018   Code   RO         4901    i._FilesBrowserDemoExec  filesbrowser_app.o
    0x08005d2c   0x00000168   Code   RO         3473    i._HuitUartConfig   8uart_app.o
    0x08005e94   0x00000020   Code   RO         3474    i._HuitUartExec     8uart_app.o
    0x08005eb4   0x00000074   Code   RO         3475    i._HuitUartUnConfig  8uart_app.o
    0x08005f28   0x00000018   Code   RO            5    i._ImageBrowserDemoExec  imagesbrowser_app.o
    0x08005f40   0x00000040   Code   RO         3306    i._LowPowerDemoConfig  lowpower_app.o
    0x08005f80   0x00000018   Code   RO         3307    i._LowPowerDemoExec  lowpower_app.o
    0x08005f98   0x00000018   Code   RO         3308    i._LowPowerDemoUnConfig  lowpower_app.o
    0x08005fb0   0x0000000a   Code   RO         3408    i._ThermometerConfig  thermometer_app.o
    0x08005fba   0x00000002   PAD
    0x08005fbc   0x00000020   Code   RO         3409    i._ThermometerDemoExec  thermometer_app.o
    0x08005fdc   0x00000028   Code   RO         5238    i.__0sprintf        mc_p.l(printfa.o)
    0x08006004   0x0000002e   Code   RO         5352    i.__ARM_clz         mf_p.l(depilogue.o)
    0x08006032   0x0000001a   Code   RO         3138    i.__ARM_common_switch8  k_menu.o
    0x0800604c   0x0000000e   Code   RO         5356    i.__scatterload_copy  mc_p.l(handlers.o)
    0x0800605a   0x00000002   Code   RO         5357    i.__scatterload_null  mc_p.l(handlers.o)
    0x0800605c   0x0000000e   Code   RO         5358    i.__scatterload_zeroinit  mc_p.l(handlers.o)
    0x0800606a   0x00000002   PAD
    0x0800606c   0x00000158   Code   RO         5243    i._fp_digits        mc_p.l(printfa.o)
    0x080061c4   0x000006ec   Code   RO         5244    i._printf_core      mc_p.l(printfa.o)
    0x080068b0   0x00000020   Code   RO         5245    i._printf_post_padding  mc_p.l(printfa.o)
    0x080068d0   0x0000002c   Code   RO         5246    i._printf_pre_padding  mc_p.l(printfa.o)
    0x080068fc   0x0000000a   Code   RO         5248    i._sputc            mc_p.l(printfa.o)
    0x08006906   0x00000002   PAD
    0x08006908   0x00000070   Code   RO         4484    i.check_fs          ff.o
    0x08006978   0x0000006c   Code   RO         4485    i.chk_lock          ff.o
    0x080069e4   0x00000020   Code   RO         4486    i.clear_lock        ff.o
    0x08006a04   0x00000038   Code   RO         4487    i.clmt_clust        ff.o
    0x08006a3c   0x0000001e   Code   RO         4488    i.clust2sect        ff.o
    0x08006a5a   0x00000002   PAD
    0x08006a5c   0x000000b4   Code   RO         4489    i.create_chain      ff.o
    0x08006b10   0x00000114   Code   RO         4490    i.create_name       ff.o
    0x08006c24   0x0000003c   Code   RO         4491    i.dec_lock          ff.o
    0x08006c60   0x0000010c   Code   RO         4492    i.dir_next          ff.o
    0x08006d6c   0x00000068   Code   RO         4493    i.dir_read          ff.o
    0x08006dd4   0x0000007c   Code   RO         4494    i.dir_register      ff.o
    0x08006e50   0x0000008c   Code   RO         4496    i.dir_sdi           ff.o
    0x08006edc   0x0000002c   Code   RO         4847    i.disk_initialize   diskio.o
    0x08006f08   0x0000001c   Code   RO         4848    i.disk_ioctl        diskio.o
    0x08006f24   0x0000001c   Code   RO         4849    i.disk_read         diskio.o
    0x08006f40   0x00000018   Code   RO         4850    i.disk_status       diskio.o
    0x08006f58   0x0000001c   Code   RO         4851    i.disk_write        diskio.o
    0x08006f74   0x0000002c   Code   RO         4498    i.f_close           ff.o
    0x08006fa0   0x00000028   Code   RO         4499    i.f_closedir        ff.o
    0x08006fc8   0x00000060   Code   RO         4505    i.f_mount           ff.o
    0x08007028   0x000001b0   Code   RO         4506    i.f_open            ff.o
    0x080071d8   0x00000092   Code   RO         4507    i.f_opendir         ff.o
    0x0800726a   0x00000002   PAD
    0x0800726c   0x00000180   Code   RO         4511    i.f_read            ff.o
    0x080073ec   0x00000056   Code   RO         4512    i.f_readdir         ff.o
    0x08007442   0x00000044   Code   RO         4514    i.f_stat            ff.o
    0x08007486   0x000000a8   Code   RO         4515    i.f_sync            ff.o
    0x0800752e   0x00000002   PAD
    0x08007530   0x000002a0   Code   RO         4520    i.find_volume       ff.o
    0x080077d0   0x000000c6   Code   RO         4521    i.follow_path       ff.o
    0x08007896   0x00000002   PAD
    0x08007898   0x00000054   Code   RO         5264    i.free              mc_p.l(malloc.o)
    0x080078ec   0x000000cc   Code   RO         4522    i.get_fat           ff.o
    0x080079b8   0x00000004   Code   RO         4852    i.get_fattime       diskio.o
    0x080079bc   0x00000066   Code   RO         4523    i.get_fileinfo      ff.o
    0x08007a22   0x0000003c   Code   RO         4524    i.get_ldnumber      ff.o
    0x08007a5e   0x0000004a   Code   RO          359    i.hx8347d_DisplayOff  hx8347d.o
    0x08007aa8   0x00000050   Code   RO          360    i.hx8347d_DisplayOn  hx8347d.o
    0x08007af8   0x00000044   Code   RO          361    i.hx8347d_DrawBitmap  hx8347d.o
    0x08007b3c   0x00000034   Code   RO          362    i.hx8347d_DrawHLine  hx8347d.o
    0x08007b70   0x00000038   Code   RO          363    i.hx8347d_DrawVLine  hx8347d.o
    0x08007ba8   0x00000004   Code   RO          364    i.hx8347d_GetLcdPixelHeight  hx8347d.o
    0x08007bac   0x00000006   Code   RO          365    i.hx8347d_GetLcdPixelWidth  hx8347d.o
    0x08007bb2   0x00000002   PAD
    0x08007bb4   0x00000220   Code   RO          366    i.hx8347d_Init      hx8347d.o
    0x08007dd4   0x00000020   Code   RO          367    i.hx8347d_ReadID    hx8347d.o
    0x08007df4   0x00000014   Code   RO          368    i.hx8347d_ReadPixel  hx8347d.o
    0x08007e08   0x00000028   Code   RO          370    i.hx8347d_SetCursor  hx8347d.o
    0x08007e30   0x00000060   Code   RO          371    i.hx8347d_SetDisplayWindow  hx8347d.o
    0x08007e90   0x00000016   Code   RO          372    i.hx8347d_WritePixel  hx8347d.o
    0x08007ea6   0x00000010   Code   RO          373    i.hx8347d_WriteReg  hx8347d.o
    0x08007eb6   0x00000002   PAD
    0x08007eb8   0x00000094   Code   RO         4525    i.inc_lock          ff.o
    0x08007f4c   0x0000017c   Code   RO         4409    i.kDemo_Initialization  main.o
    0x080080c8   0x0000002e   Code   RO         3045    i.kDemo_Start       k_demo.o
    0x080080f6   0x00000002   Code   RO         4410    i.kDemo_UnInitialization  main.o
    0x080080f8   0x00000044   Code   RO         3098    i.kMenu_EventHandler  k_menu.o
    0x0800813c   0x00000270   Code   RO         3099    i.kMenu_Execute     k_menu.o
    0x080083ac   0x000001d8   Code   RO         3100    i.kMenu_HandleSelection  k_menu.o
    0x08008584   0x00000060   Code   RO         3101    i.kMenu_Header      k_menu.o
    0x080085e4   0x0000000a   Code   RO         3102    i.kMenu_Init        k_menu.o
    0x080085ee   0x00000002   PAD
    0x080085f0   0x00000020   Code   RO         3260    i.kModule_Add       k_module.o
    0x08008610   0x0000002c   Code   RO         3261    i.kModule_CheckRessource  k_module.o
    0x0800863c   0x00000044   Code   RO         3262    i.kModule_Execute   k_module.o
    0x08008680   0x00000088   Code   RO         4411    i.kModule_Init      main.o
    0x08008708   0x00000026   Code   RO         3175    i.kStorage_FileExist  k_storage.o
    0x0800872e   0x00000002   PAD
    0x08008730   0x00000100   Code   RO         3176    i.kStorage_GetDirectoryFiles  k_storage.o
    0x08008830   0x0000000e   Code   RO         3177    i.kStorage_GetFileInfo  k_storage.o
    0x0800883e   0x00000002   PAD
    0x08008840   0x00000030   Code   RO         3180    i.kStorage_Init     k_storage.o
    0x08008870   0x00000074   Code   RO         3181    i.kStorage_OpenFileDrawBMP  k_storage.o
    0x080088e4   0x000000f0   Code   RO         3182    i.kStorage_OpenFileDrawPixel  k_storage.o
    0x080089d4   0x0000004c   Code   RO         3183    i.kStorage_SdDetection  k_storage.o
    0x08008a20   0x00000022   Code   RO         3075    i.kTools_Buffercmp  k_tools.o
    0x08008a42   0x00000002   PAD
    0x08008a44   0x00000024   Code   RO         3145    i.kWindow_Error     k_window.o
    0x08008a68   0x000000b8   Code   RO         3146    i.kWindow_Popup     k_window.o
    0x08008b20   0x00000024   Code   RO         4526    i.ld_clust          ff.o
    0x08008b44   0x0000002a   Code   RO         4412    i.main              main.o
    0x08008b6e   0x00000002   PAD
    0x08008b70   0x0000006c   Code   RO         5265    i.malloc            mc_p.l(malloc.o)
    0x08008bdc   0x00000010   Code   RO         4527    i.mem_cpy           ff.o
    0x08008bec   0x0000000e   Code   RO         4528    i.mem_set           ff.o
    0x08008bfa   0x00000038   Code   RO         4529    i.move_window       ff.o
    0x08008c32   0x000000fe   Code   RO         4530    i.put_fat           ff.o
    0x08008d30   0x00000066   Code   RO         4532    i.remove_chain      ff.o
    0x08008d96   0x0000004a   Code   RO          214    i.spfd5408_DisplayOff  spfd5408.o
    0x08008de0   0x00000050   Code   RO          215    i.spfd5408_DisplayOn  spfd5408.o
    0x08008e30   0x0000004c   Code   RO          216    i.spfd5408_DrawBitmap  spfd5408.o
    0x08008e7c   0x00000034   Code   RO          217    i.spfd5408_DrawHLine  spfd5408.o
    0x08008eb0   0x00000050   Code   RO          218    i.spfd5408_DrawVLine  spfd5408.o
    0x08008f00   0x00000004   Code   RO          219    i.spfd5408_GetLcdPixelHeight  spfd5408.o
    0x08008f04   0x00000006   Code   RO          220    i.spfd5408_GetLcdPixelWidth  spfd5408.o
    0x08008f0a   0x00000002   PAD
    0x08008f0c   0x0000023c   Code   RO          221    i.spfd5408_Init     spfd5408.o
    0x08009148   0x0000000e   Code   RO          222    i.spfd5408_ReadID   spfd5408.o
    0x08009156   0x00000014   Code   RO          223    i.spfd5408_ReadPixel  spfd5408.o
    0x0800916a   0x0000001c   Code   RO          225    i.spfd5408_SetCursor  spfd5408.o
    0x08009186   0x0000003e   Code   RO          226    i.spfd5408_SetDisplayWindow  spfd5408.o
    0x080091c4   0x00000016   Code   RO          227    i.spfd5408_WritePixel  spfd5408.o
    0x080091da   0x00000010   Code   RO          228    i.spfd5408_WriteReg  spfd5408.o
    0x080091ea   0x00000010   Code   RO         4533    i.st_clust          ff.o
    0x080091fa   0x00000094   Code   RO         4534    i.sync_fs           ff.o
    0x0800928e   0x00000054   Code   RO         4535    i.sync_window       ff.o
    0x080092e2   0x00000034   Code   RO         4536    i.validate          ff.o
    0x08009316   0x00000002   PAD
    0x08009318   0x0000001c   Data   RO            6    .constdata          imagesbrowser_app.o
    0x08009334   0x00000014   Data   RO            7    .constdata          imagesbrowser_app.o
    0x08009348   0x00000014   Data   RO            8    .constdata          imagesbrowser_app.o
    0x0800935c   0x00000010   Data   RO         2912    .constdata          stm32f0xx_hal_rcc.o
    0x0800936c   0x00000014   Data   RO         2999    .constdata          sd_diskio.o
    0x08009380   0x00000054   Data   RO         3310    .constdata          lowpower_app.o
    0x080093d4   0x00000014   Data   RO         3311    .constdata          lowpower_app.o
    0x080093e8   0x00000054   Data   RO         3312    .constdata          lowpower_app.o
    0x0800943c   0x00000014   Data   RO         3313    .constdata          lowpower_app.o
    0x08009450   0x00000054   Data   RO         3314    .constdata          lowpower_app.o
    0x080094a4   0x00000014   Data   RO         3315    .constdata          lowpower_app.o
    0x080094b8   0x00000014   Data   RO         3316    .constdata          lowpower_app.o
    0x080094cc   0x0000001c   Data   RO         3410    .constdata          thermometer_app.o
    0x080094e8   0x00000014   Data   RO         3411    .constdata          thermometer_app.o
    0x080094fc   0x00000014   Data   RO         3412    .constdata          thermometer_app.o
    0x08009510   0x0000001c   Data   RO         3477    .constdata          8uart_app.o
    0x0800952c   0x000000c8   Data   RO         3478    .constdata          8uart_app.o
    0x080095f4   0x00000014   Data   RO         3479    .constdata          8uart_app.o
    0x08009608   0x00000005   Data   RO         3638    .constdata          stm32091c_eval_sd.o
    0x0800960d   0x00000001   PAD
    0x0800960e   0x00000024   Data   RO         3859    .constdata          stm32091c_eval.o
    0x08009632   0x00001ab8   Data   RO         4115    .constdata          stm32091c_eval_lcd.o
    0x0800b0ea   0x00000ed8   Data   RO         4116    .constdata          stm32091c_eval_lcd.o
    0x0800bfc2   0x00000be0   Data   RO         4117    .constdata          stm32091c_eval_lcd.o
    0x0800cba2   0x00000474   Data   RO         4118    .constdata          stm32091c_eval_lcd.o
    0x0800d016   0x000000ac   Data   RO         4538    .constdata          ff.o
    0x0800d0c2   0x00000002   PAD
    0x0800d0c4   0x0000001c   Data   RO         4903    .constdata          filesbrowser_app.o
    0x0800d0e0   0x00000014   Data   RO         4904    .constdata          filesbrowser_app.o
    0x0800d0f4   0x00000014   Data   RO         4905    .constdata          filesbrowser_app.o
    0x0800d108   0x000000bc   Data   RO         4948    .constdata          main_app.o
    0x0800d1c4   0x00000014   Data   RO         4949    .constdata          main_app.o
    0x0800d1d8   0x00000023   Data   RO         3317    .conststring        lowpower_app.o
    0x0800d1fb   0x00000001   PAD
    0x0800d1fc   0x0000000d   Data   RO         3318    .conststring        lowpower_app.o
    0x0800d209   0x00000003   PAD
    0x0800d20c   0x0000000a   Data   RO         3319    .conststring        lowpower_app.o
    0x0800d216   0x00000002   PAD
    0x0800d218   0x0000000a   Data   RO         3320    .conststring        lowpower_app.o
    0x0800d222   0x00000002   PAD
    0x0800d224   0x0000001d   Data   RO         3321    .conststring        lowpower_app.o
    0x0800d241   0x00000003   PAD
    0x0800d244   0x0000000a   Data   RO         3322    .conststring        lowpower_app.o
    0x0800d24e   0x00000002   PAD
    0x0800d250   0x00000013   Data   RO         3413    .conststring        thermometer_app.o
    0x0800d263   0x00000001   PAD
    0x0800d264   0x00000013   Data   RO         3414    .conststring        thermometer_app.o
    0x0800d277   0x00000001   PAD
    0x0800d278   0x00000013   Data   RO         3481    .conststring        8uart_app.o
    0x0800d28b   0x00000001   PAD
    0x0800d28c   0x00000012   Data   RO         4906    .conststring        filesbrowser_app.o
    0x0800d29e   0x00000002   PAD
    0x0800d2a0   0x0000000e   Data   RO         4907    .conststring        filesbrowser_app.o
    0x0800d2ae   0x00000002   PAD
    0x0800d2b0   0x000000be   Data   RO         4950    .conststring        main_app.o
    0x0800d36e   0x00000002   PAD
    0x0800d370   0x00000020   Data   RO         5354    Region$$Table       anon$$obj.o


    Execution Region RW_IRAM1 (Base: 0x20000000, Size: 0x00006108, Max: 0x00008000, ABSOLUTE, COMPRESSED[0x000000ac])

    Base Addr    Size         Type   Attr      Idx    E Section Name        Object

    0x20000000   0x00000002   Data   RW            9    .data               imagesbrowser_app.o
    0x20000002   0x00000002   PAD
    0x20000004   0x00000038   Data   RW          230    .data               spfd5408.o
    0x2000003c   0x00000001   Data   RW          231    .data               spfd5408.o
    0x2000003d   0x00000003   PAD
    0x20000040   0x00000010   Data   RW          324    .data               stlm75.o
    0x20000050   0x00000038   Data   RW          375    .data               hx8347d.o
    0x20000088   0x00000001   Data   RW          376    .data               hx8347d.o
    0x20000089   0x00000003   PAD
    0x2000008c   0x00000004   Data   RW         2225    .data               stm32f0xx_hal.o
    0x20000090   0x00000001   Data   RW         3000    .data               sd_diskio.o
    0x20000091   0x00000003   PAD
    0x20000094   0x00000004   Data   RW         3103    .data               k_menu.o
    0x20000098   0x00000008   Data   RW         3185    .data               k_storage.o
    0x200000a0   0x00000002   Data   RW         3323    .data               lowpower_app.o
    0x200000a2   0x00000001   Data   RW         3415    .data               thermometer_app.o
    0x200000a3   0x00000001   PAD
    0x200000a4   0x00000010   Data   RW         3482    .data               8uart_app.o
    0x200000b4   0x00000004   Data   RW         3588    .data               system_stm32f0xx.o
    0x200000b8   0x00000004   Data   RW         3639    .data               stm32091c_eval_sd.o
    0x200000bc   0x00000008   Data   RW         3721    .data               stm32091c_eval_tsensor.o
    0x200000c4   0x00000040   Data   RW         3860    .data               stm32091c_eval.o
    0x20000104   0x0000000c   Data   RW         4120    .data               stm32091c_eval_lcd.o
    0x20000110   0x00000008   Data   RW         4121    .data               stm32091c_eval_lcd.o
    0x20000118   0x00000008   Data   RW         4122    .data               stm32091c_eval_lcd.o
    0x20000120   0x00000008   Data   RW         4123    .data               stm32091c_eval_lcd.o
    0x20000128   0x00000008   Data   RW         4539    .data               ff.o
    0x20000130   0x00000002   Data   RW         4908    .data               filesbrowser_app.o
    0x20000132   0x00000001   Data   RW         4951    .data               main_app.o
    0x20000133   0x00000001   PAD
    0x20000134   0x00000004   Data   RW         5327    .data               mc_p.l(mvars.o)
    0x20000138   0x00000004   Data   RW         5328    .data               mc_p.l(mvars.o)
    0x2000013c   0x00000280   Zero   RW          229    .bss                spfd5408.o
    0x200003bc   0x00000280   Zero   RW          374    .bss                hx8347d.o
    0x2000063c   0x00000450   Zero   RW         3184    .bss                k_storage.o
    0x20000a8c   0x000000a0   Zero   RW         3263    .bss                k_module.o
    0x20000b2c   0x00000020   Zero   RW         3309    .bss                lowpower_app.o
    0x20000b4c   0x00000030   Zero   RW         3476    .bss                8uart_app.o
    0x20000b7c   0x000000dc   Zero   RW         3858    .bss                stm32091c_eval.o
    0x20000c58   0x00000374   Zero   RW         4114    .bss                stm32091c_eval_lcd.o
    0x20000fcc   0x00000018   Zero   RW         4537    .bss                ff.o
    0x20000fe4   0x0000000c   Zero   RW         4805    .bss                ff_gen_drv.o
    0x20000ff0   0x00000918   Zero   RW         4902    .bss                filesbrowser_app.o
    0x20001908   0x00003000   Zero   RW         3617    HEAP                startup_stm32f091xc.o
    0x20004908   0x00001800   Zero   RW         3616    STACK               startup_stm32f091xc.o


==============================================================================

Image component sizes


      Code (inc. data)   RO Data    RW Data    ZI Data      Debug   Object Name

      2696        642        267         16         48      12110   8uart_app.o
       156         24          0          0          0       4431   diskio.o
      5116        102        172          8         24      39259   ff.o
        74          4          0          0         12       1751   ff_gen_drv.o
      1540        284        100          2       2328       4964   filesbrowser_app.o
      1110         22          0         57        640      11104   hx8347d.o
       216         36         68          2          0     324300   imagesbrowser_app.o
        46          0          0          0          0        998   k_demo.o
      1296         52          0          4          0       4665   k_menu.o
       144         14          0          0        160       3241   k_module.o
       788         78          0          8       1104       6824   k_storage.o
        34          0          0          0          0       1071   k_tools.o
       220         20          0          0          0       1380   k_window.o
      1688        500        439          2         32       8768   lowpower_app.o
       808        242          0          0          0       5007   main.o
       388        160        398          1          0       2971   main_app.o
       192         14         20          1          0       6424   sd_diskio.o
      1106         50          0         57        640      11215   spfd5408.o
        28          8        188          0      18432        632   startup_stm32f091xc.o
       154          0          0         16          0       3757   stlm75.o
      1796        214         36         64        220      22710   stm32091c_eval.o
      1022        118      14820         36        884      19269   stm32091c_eval_lcd.o
      2320         66          5          4          0      13312   stm32091c_eval_sd.o
       100         14          0          8          0       2095   stm32091c_eval_tsensor.o
       116         18          0          4          0       3942   stm32f0xx_hal.o
       164         30          0          0          0       9851   stm32f0xx_hal_cortex.o
       626         62          0          0          0       5321   stm32f0xx_hal_gpio.o
      1698         30          0          0          0      14328   stm32f0xx_hal_i2c.o
         2          0          0          0          0        546   stm32f0xx_hal_msp_template.o
       140         32          0          0          0       3007   stm32f0xx_hal_pwr.o
      1824        120         16          0          0       8386   stm32f0xx_hal_rcc.o
       252         12          0          0          0       1540   stm32f0xx_hal_rcc_ex.o
      1076         26          0          0          0       8645   stm32f0xx_hal_rtc.o
      1288         24          0          0          0       8147   stm32f0xx_hal_spi.o
        36          0          0          0          0       1240   stm32f0xx_hal_spi_ex.o
      1612         68          0          0          0      10424   stm32f0xx_hal_uart.o
       230          0          0          0          0       1958   stm32f0xx_hal_uart_ex.o
       214         20          0          0          0       4498   stm32f0xx_it.o
        92         16          0          4          0       1217   system_stm32f0xx.o
       346        104        106          1          0       4492   thermometer_app.o

    ----------------------------------------------------------------------
     32810       3226      16692        308      24524     599800   Object Totals
         0          0         32          0          0          0   (incl. Generated)
        56          0         25         13          0          0   (incl. Padding)

    ----------------------------------------------------------------------

      Code (inc. data)   RO Data    RW Data    ZI Data      Debug   Library Member Name

        86          0          0          0          0          0   __dczerorl2.o
         0          0          0          0          0          0   entry.o
         0          0          0          0          0          0   entry10a.o
         0          0          0          0          0          0   entry11a.o
         8          4          0          0          0          0   entry2.o
         4          0          0          0          0          0   entry5.o
         0          0          0          0          0          0   entry7b.o
         0          0          0          0          0          0   entry8b.o
         8          4          0          0          0          0   entry9a.o
        30          0          0          0          0          0   handlers.o
        36          8          0          0          0         68   init.o
         0          0          0          0          0          0   iusefp.o
        32          0          0          0          0         68   llshl.o
        38          0          0          0          0         68   llsshr.o
        34          0          0          0          0         68   llushr.o
       192         20          0          0          0        144   malloc.o
        36          0          0          0          0         60   memcpya.o
        36          0          0          0          0        100   memseta.o
         0          0          0          8          0          0   mvars.o
      2242         94          0          0          0        472   printfa.o
        28          0          0          0          0         68   strcmp.o
        18          0          0          0          0         60   strcpy.o
        14          0          0          0          0         60   strlen.o
        44          0          0          0          0         72   uidiv.o
        96          0          0          0          0         84   uldiv.o
        20          0          0          0          0         60   uread4.o
        40          2          0          0          0         68   cdrcmple.o
       356          4          0          0          0        140   dadd.o
       240          6          0          0          0         84   ddiv.o
       236          0          0          0          0        216   depilogue.o
        64         10          0          0          0         68   dfixul.o
       208          6          0          0          0         88   dmul.o
        40          0          0          0          0         60   f2d.o
       178          0          0          0          0        108   fadd.o
       130          0          0          0          0        144   fepilogue.o
        22          0          0          0          0         68   fflti.o
        14          0          0          0          0         68   ffltui.o
       122          0          0          0          0         72   fmul.o

    ----------------------------------------------------------------------
      4658        158          0          8          0       2636   Library Totals
         6          0          0          0          0          0   (incl. Padding)

    ----------------------------------------------------------------------

      Code (inc. data)   RO Data    RW Data    ZI Data      Debug   Library Name

      3002        130          0          8          0       1452   mc_p.l
      1650         28          0          0          0       1184   mf_p.l

    ----------------------------------------------------------------------
      4658        158          0          8          0       2636   Library Totals

    ----------------------------------------------------------------------

==============================================================================


      Code (inc. data)   RO Data    RW Data    ZI Data      Debug   

     37468       3384      16692        316      24524     587956   Grand Totals
     37468       3384      16692        172      24524     587956   ELF Image Totals (compressed)
     37468       3384      16692        172          0          0   ROM Totals

==============================================================================

    Total RO  Size (Code + RO Data)                54160 (  52.89kB)
    Total RW  Size (RW Data + ZI Data)             24840 (  24.26kB)
    Total ROM Size (Code + RO Data + RW Data)      54332 (  53.06kB)

==============================================================================

