<html>
<body>
<pre>
<h1>µVision Build Log</h1>
<h2>Tool Versions:</h2>
IDE-Version: µVision V5.18a
Copyright (C) 2016 ARM Ltd and ARM Germany GmbH. All rights reserved.
License Information: Tomas Krejci, TK, LIC=K85D0-B7RRD-DB7WW-3P2NB-K0DQJ-A2N6D
 
Tool Versions:
Toolchain:       MDK-ARM Cortex-M0/M0+ 256K for ST  Version: 5.18a
Toolchain Path:  D:\Keil_v5\ARM\ARMCC\Bin
C Compiler:      Armcc.exe V5.06 update 1 (build 61)
Assembler:       Armasm.exe V5.06 update 1 (build 61)
Linker/Locator:  ArmLink.exe V5.06 update 1 (build 61)
Library Manager: ArmAr.exe V5.06 update 1 (build 61)
Hex Converter:   FromElf.exe V5.06 update 1 (build 61)
CPU DLL:         SARMCM3.DLL V5.18a
Dialog DLL:      DCM.DLL V1.13.6.0
Target DLL:      STLink\ST-LINKIII-KEIL_SWO.dll V2.0.18.0
Dialog DLL:      TCM.DLL V1.14.8.0
 
<h2>Project:</h2>
D:\vyvoj\STM\en.stm32cubef0\STM32Cube_FW_F0_V1.5.0\Projects\STM32091C_EVAL\Demonstrations\MDK-ARM\Project.uvprojx
Project File Date:  04/28/2016

<h2>Output:</h2>
*** Using Compiler 'V5.06 update 1 (build 61)', folder: 'D:\Keil_v5\ARM\ARMCC\Bin'
Build target 'STM32091C-EVAL_Demo'
compiling stlm75.c...
compiling spfd5408.c...
compiling hx8347d.c...
compiling imagesbrowser_app.c...
compiling stm32f0xx_hal_usart.c...
compiling stm32f0xx_hal_wwdg.c...
compiling stm32f0xx_hal_dac_ex.c...
compiling stm32f0xx_hal_can.c...
compiling stm32f0xx_hal_uart_ex.c...
compiling stm32f0xx_hal_flash_ex.c...
compiling stm32f0xx_hal_smartcard.c...
compiling stm32f0xx_hal_rtc.c...
compiling stm32f0xx_hal_dma.c...
compiling stm32f0xx_hal_pwr.c...
compiling stm32f0xx_hal_uart.c...
compiling stm32f0xx_hal_pwr_ex.c...
compiling stm32f0xx_hal_comp.c...
compiling stm32f0xx_hal_crc.c...
compiling stm32f0xx_hal_i2c.c...
compiling stm32f0xx_hal_tim_ex.c...
compiling stm32f0xx_hal_rcc_ex.c...
compiling stm32f0xx_hal_spi_ex.c...
compiling stm32f0xx_hal_tim.c...
compiling stm32f0xx_hal_spi.c...
compiling stm32f0xx_hal_irda.c...
compiling stm32f0xx_hal_msp_template.c...
compiling stm32f0xx_hal_gpio.c...
compiling stm32f0xx_hal_i2c_ex.c...
compiling stm32f0xx_hal_tsc.c...
compiling stm32f0xx_hal_pcd.c...
compiling stm32f0xx_hal.c...
compiling stm32f0xx_hal_pcd_ex.c...
compiling stm32f0xx_hal_smartcard_ex.c...
compiling stm32f0xx_hal_flash.c...
compiling stm32f0xx_hal_cortex.c...
compiling stm32f0xx_hal_iwdg.c...
compiling stm32f0xx_hal_smbus.c...
compiling stm32f0xx_hal_cec.c...
compiling stm32f0xx_hal_adc.c...
compiling stm32f0xx_hal_adc_ex.c...
compiling stm32f0xx_hal_dac.c...
compiling stm32f0xx_hal_rtc_ex.c...
compiling stm32f0xx_hal_i2s.c...
compiling stm32f0xx_hal_crc_ex.c...
compiling stm32f0xx_hal_rcc.c...
compiling sd_diskio.c...
compiling k_demo.c...
compiling k_tools.c...
compiling k_window.c...
compiling k_menu.c...
compiling k_module.c...
compiling lowpower_app.c...
compiling k_storage.c...
compiling thermometer_app.c...
assembling startup_stm32f091xc.s...
compiling 8uart_app.c...
compiling system_stm32f0xx.c...
compiling stm32091c_eval_tsensor.c...
compiling stm32091c_eval_sd.c...
compiling stm32091c_eval_eeprom.c...
compiling stm32091c_eval_lcd.c...
compiling stm32091c_eval.c...
compiling stm32f0xx_it.c...
compiling main.c...
compiling ff_gen_drv.c...
compiling ff.c...
compiling diskio.c...
compiling filesbrowser_app.c...
compiling main_app.c...
linking...
Program Size: Code=37468 RO-data=16692 RW-data=316 ZI-data=24524  
"STM32091C-EVAL_Demo\STM32091C-EVAL_Demo.axf" - 0 Error(s), 0 Warning(s).

<h2>Software Packages used:</h2>

Package Vendor: ARM
                http://www.keil.com/pack/ARM.CMSIS.4.5.0.pack
                ARM::CMSIS:CORE:4.3.0
                CMSIS (Cortex Microcontroller Software Interface Standard)
   * Component: CORE Version: 4.3.0

<h2>Collection of Component include folders:</h2>
  D:\vyvoj\STM\en.stm32cubef0\STM32Cube_FW_F0_V1.5.0\Projects\STM32091C_EVAL\Demonstrations\MDK-ARM\RTE
  D:\Keil_v5\ARM\PACK\ARM\CMSIS\4.5.0\CMSIS\Include
  D:\Keil_v5\ARM\PACK\Keil\STM32F0xx_DFP\1.5.0\Device\Include

<h2>Collection of Component Files used:</h2>

   * Component: ARM::CMSIS:CORE:4.3.0
Build Time Elapsed:  00:00:30
</pre>
</body>
</html>
